
****** Vivado v2025.2.1 (64-bit)
  **** SW Build 6403652 on Thu Mar 19 19:48:24 GMT 2026
  **** IP Build 6403511 on Thu Mar 19 12:41:45 MDT 2026
  **** SharedData Build 6403650 on Thu Mar 19 14:02:13 MDT 2026
  **** Start of session at: Sun Jun 21 22:30:22 2026
    ** Copyright 1986-2022 Xilinx, Inc. All Rights Reserved.
    ** Copyright 2022-2026 Advanced Micro Devices, Inc. All Rights Reserved.

source ooc_synth.tcl
# set part xck26-sfvc784-2LV-c
# set top     [lindex $argv 0]
# set period  [lindex $argv 1]
# set outpfx  [lindex $argv 2]
# set rtls    [lrange $argv 3 end]
# puts "==> OOC synth: top=$top period=${period}ns part=$part"
==> OOC synth: top=rowblock_ooc period=3.333ns part=xck26-sfvc784-2LV-c
# puts "==> rtl: $rtls"
==> rtl: int_to_fp32.v fp16_to_fp32.v fp32_mul_pipe.v fp32_add_pipe.v matmul_reducer.v matmul_rowblock.v rowblock_ooc.v
# foreach f $rtls { read_verilog $f }
# synth_design -mode out_of_context -part $part -top $top
Command: synth_design -mode out_of_context -part xck26-sfvc784-2LV-c -top rowblock_ooc
Starting synth_design
Attempting to get a license for feature 'Synthesis' and/or device 'xck26'
INFO: [Common 17-349] Got license for feature 'Synthesis' and/or device 'xck26'
INFO: [Synth 8-7079] Multithreading enabled for synth_design using a maximum of 2 processes.
INFO: [Synth 8-7078] Launching helper process for spawning children vivado processes
INFO: [Synth 8-7075] Helper process launched with PID 6652
---------------------------------------------------------------------------------
Starting Synthesize : Time (s): cpu = 00:00:05 ; elapsed = 00:00:05 . Memory (MB): peak = 1195.539 ; gain = 540.141
---------------------------------------------------------------------------------
INFO: [Synth 8-6157] synthesizing module 'rowblock_ooc' [C:/Users/angel/penzai-ooc/rowblock_ooc.v:11]
INFO: [Synth 8-6157] synthesizing module 'matmul_rowblock' [C:/Users/angel/penzai-ooc/matmul_rowblock.v:20]
	Parameter ROWS bound to: 16 - type: integer 
	Parameter COLS_MAX bound to: 8 - type: integer 
	Parameter ACCUM_DEPTH bound to: 5 - type: integer 
INFO: [Synth 8-6157] synthesizing module 'fp32_add_pipe' [C:/Users/angel/penzai-ooc/fp32_add_pipe.v:9]
INFO: [Synth 8-6155] done synthesizing module 'fp32_add_pipe' (0#1) [C:/Users/angel/penzai-ooc/fp32_add_pipe.v:9]
INFO: [Synth 8-6157] synthesizing module 'matmul_reducer' [C:/Users/angel/penzai-ooc/matmul_reducer.v:12]
INFO: [Synth 8-6157] synthesizing module 'fp16_to_fp32' [C:/Users/angel/penzai-ooc/fp16_to_fp32.v:10]
INFO: [Synth 8-6155] done synthesizing module 'fp16_to_fp32' (0#1) [C:/Users/angel/penzai-ooc/fp16_to_fp32.v:10]
INFO: [Synth 8-6157] synthesizing module 'fp32_mul_pipe' [C:/Users/angel/penzai-ooc/fp32_mul_pipe.v:11]
INFO: [Synth 8-6155] done synthesizing module 'fp32_mul_pipe' (0#1) [C:/Users/angel/penzai-ooc/fp32_mul_pipe.v:11]
INFO: [Synth 8-6157] synthesizing module 'int_to_fp32' [C:/Users/angel/penzai-ooc/int_to_fp32.v:15]
	Parameter WIDTH bound to: 14 - type: integer 
INFO: [Synth 8-6155] done synthesizing module 'int_to_fp32' (0#1) [C:/Users/angel/penzai-ooc/int_to_fp32.v:15]
INFO: [Synth 8-6155] done synthesizing module 'matmul_reducer' (0#1) [C:/Users/angel/penzai-ooc/matmul_reducer.v:12]
INFO: [Synth 8-6155] done synthesizing module 'matmul_rowblock' (0#1) [C:/Users/angel/penzai-ooc/matmul_rowblock.v:20]
INFO: [Synth 8-6155] done synthesizing module 'rowblock_ooc' (0#1) [C:/Users/angel/penzai-ooc/rowblock_ooc.v:11]
---------------------------------------------------------------------------------
Finished Synthesize : Time (s): cpu = 00:00:07 ; elapsed = 00:00:07 . Memory (MB): peak = 1341.059 ; gain = 685.660
---------------------------------------------------------------------------------
---------------------------------------------------------------------------------
Finished Constraint Validation : Time (s): cpu = 00:00:07 ; elapsed = 00:00:07 . Memory (MB): peak = 1341.059 ; gain = 685.660
---------------------------------------------------------------------------------
---------------------------------------------------------------------------------
Start Loading Part and Timing Information
---------------------------------------------------------------------------------
Loading part: xck26-sfvc784-2LV-c
INFO: [Synth 8-6742] Reading net delay rules and data
---------------------------------------------------------------------------------
INFO: [Device 21-403] Loading part xck26-sfvc784-2LV-c
Finished Loading Part and Timing Information : Time (s): cpu = 00:00:07 ; elapsed = 00:00:07 . Memory (MB): peak = 1341.059 ; gain = 685.660
---------------------------------------------------------------------------------
---------------------------------------------------------------------------------
Finished RTL Optimization Phase 2 : Time (s): cpu = 00:00:13 ; elapsed = 00:00:11 . Memory (MB): peak = 2446.375 ; gain = 1790.977
---------------------------------------------------------------------------------
No constraint files found.
---------------------------------------------------------------------------------
Start RTL Component Statistics 
---------------------------------------------------------------------------------
Detailed RTL Component Info : 
+---Adders : 
	   3 Input   25 Bit       Adders := 80    
	   8 Input   14 Bit       Adders := 128   
	   2 Input   14 Bit       Adders := 64    
	   4 Input   14 Bit       Adders := 16    
	   2 Input   13 Bit       Adders := 16    
	   3 Input   10 Bit       Adders := 112   
	   2 Input   10 Bit       Adders := 32    
	   2 Input    8 Bit       Adders := 48    
	   3 Input    8 Bit       Adders := 80    
	   2 Input    5 Bit       Adders := 160   
	   2 Input    4 Bit       Adders := 16    
	   2 Input    3 Bit       Adders := 1     
+---XORs : 
	   2 Input      1 Bit         XORs := 32    
+---Registers : 
	              512 Bit    Registers := 2     
	              256 Bit    Registers := 16    
	               48 Bit    Registers := 32    
	               32 Bit    Registers := 1072  
	               25 Bit    Registers := 160   
	               24 Bit    Registers := 320   
	               23 Bit    Registers := 1     
	               18 Bit    Registers := 32    
	               16 Bit    Registers := 1     
	               14 Bit    Registers := 208   
	               11 Bit    Registers := 1     
	               10 Bit    Registers := 64    
	                8 Bit    Registers := 439   
	                5 Bit    Registers := 81    
	                3 Bit    Registers := 11    
	                1 Bit    Registers := 1810  
+---Muxes : 
	   2 Input  512 Bit        Muxes := 4     
	   2 Input   32 Bit        Muxes := 320   
	   5 Input   32 Bit        Muxes := 32    
	   3 Input   31 Bit        Muxes := 32    
	   5 Input   31 Bit        Muxes := 160   
	   2 Input   25 Bit        Muxes := 80    
	   2 Input   24 Bit        Muxes := 544   
	   2 Input   23 Bit        Muxes := 112   
	   2 Input   14 Bit        Muxes := 512   
	   2 Input   13 Bit        Muxes := 16    
	   2 Input   10 Bit        Muxes := 80    
	   2 Input    8 Bit        Muxes := 241   
	   2 Input    5 Bit        Muxes := 80    
	   2 Input    3 Bit        Muxes := 82    
	   2 Input    1 Bit        Muxes := 323   
---------------------------------------------------------------------------------
Finished RTL Component Statistics 
---------------------------------------------------------------------------------
---------------------------------------------------------------------------------
Start Part Resource Summary
---------------------------------------------------------------------------------
Part Resources:
DSPs: 1248 (col length:96)
BRAMs: 288 (col length: RAMB18 96 RAMB36 48)
---------------------------------------------------------------------------------
Finished Part Resource Summary
---------------------------------------------------------------------------------
No constraint files found.
---------------------------------------------------------------------------------
Start Cross Boundary and Area Optimization
---------------------------------------------------------------------------------
DSP Report: Generating DSP prod_s00, operation Mode is: A2*B2.
DSP Report: register prod_s00 is absorbed into DSP prod_s00.
DSP Report: register prod_s00 is absorbed into DSP prod_s00.
DSP Report: operator prod_s00 is absorbed into DSP prod_s00.
DSP Report: operator prod_s00 is absorbed into DSP prod_s00.
DSP Report: Generating DSP prod_s0_reg, operation Mode is: (PCIN>>17)+A2*B2.
DSP Report: register prod_s0_reg is absorbed into DSP prod_s0_reg.
DSP Report: register prod_s0_reg is absorbed into DSP prod_s0_reg.
DSP Report: register prod_s0_reg is absorbed into DSP prod_s0_reg.
DSP Report: operator prod_s00 is absorbed into DSP prod_s0_reg.
DSP Report: operator prod_s00 is absorbed into DSP prod_s0_reg.
DSP Report: Generating DSP prod_s00, operation Mode is: A2*B2.
DSP Report: register prod_s00 is absorbed into DSP prod_s00.
DSP Report: register prod_s00 is absorbed into DSP prod_s00.
DSP Report: operator prod_s00 is absorbed into DSP prod_s00.
DSP Report: operator prod_s00 is absorbed into DSP prod_s00.
DSP Report: Generating DSP prod_s0_reg, operation Mode is: (PCIN>>17)+A2*B2.
DSP Report: register prod_s0_reg is absorbed into DSP prod_s0_reg.
DSP Report: register prod_s0_reg is absorbed into DSP prod_s0_reg.
DSP Report: register prod_s0_reg is absorbed into DSP prod_s0_reg.
DSP Report: operator prod_s00 is absorbed into DSP prod_s0_reg.
DSP Report: operator prod_s00 is absorbed into DSP prod_s0_reg.
WARNING: [Synth 8-3332] Sequential element (u_combine/prod_s0_reg[47]) is unused and will be removed from module matmul_reducer.
WARNING: [Synth 8-3332] Sequential element (u_combine/prod_s0_reg[46]) is unused and will be removed from module matmul_reducer.
WARNING: [Synth 8-3332] Sequential element (u_combine/prod_s0_reg[45]) is unused and will be removed from module matmul_reducer.
WARNING: [Synth 8-3332] Sequential element (u_combine/prod_s0_reg[44]) is unused and will be removed from module matmul_reducer.
WARNING: [Synth 8-3332] Sequential element (u_combine/prod_s0_reg[43]) is unused and will be removed from module matmul_reducer.
WARNING: [Synth 8-3332] Sequential element (u_combine/prod_s0_reg[42]) is unused and will be removed from module matmul_reducer.
WARNING: [Synth 8-3332] Sequential element (u_combine/prod_s0_reg[41]) is unused and will be removed from module matmul_reducer.
WARNING: [Synth 8-3332] Sequential element (u_combine/prod_s0_reg[40]) is unused and will be removed from module matmul_reducer.
WARNING: [Synth 8-3332] Sequential element (u_combine/prod_s0_reg[39]) is unused and will be removed from module matmul_reducer.
WARNING: [Synth 8-3332] Sequential element (u_combine/prod_s0_reg[38]) is unused and will be removed from module matmul_reducer.
WARNING: [Synth 8-3332] Sequential element (u_combine/prod_s0_reg[37]) is unused and will be removed from module matmul_reducer.
WARNING: [Synth 8-3332] Sequential element (u_combine/prod_s0_reg[36]) is unused and will be removed from module matmul_reducer.
WARNING: [Synth 8-3332] Sequential element (u_combine/prod_s0_reg[35]) is unused and will be removed from module matmul_reducer.
WARNING: [Synth 8-3332] Sequential element (u_combine/prod_s0_reg[34]) is unused and will be removed from module matmul_reducer.
WARNING: [Synth 8-3332] Sequential element (u_combine/prod_s0_reg[33]) is unused and will be removed from module matmul_reducer.
WARNING: [Synth 8-3332] Sequential element (u_combine/prod_s0_reg[32]) is unused and will be removed from module matmul_reducer.
WARNING: [Synth 8-3332] Sequential element (u_combine/prod_s0_reg[31]) is unused and will be removed from module matmul_reducer.
WARNING: [Synth 8-3332] Sequential element (u_combine/prod_s0_reg[30]) is unused and will be removed from module matmul_reducer.
WARNING: [Synth 8-3332] Sequential element (u_combine/prod_s0_reg[29]) is unused and will be removed from module matmul_reducer.
WARNING: [Synth 8-3332] Sequential element (u_combine/prod_s0_reg[28]) is unused and will be removed from module matmul_reducer.
WARNING: [Synth 8-3332] Sequential element (u_combine/prod_s0_reg[27]) is unused and will be removed from module matmul_reducer.
WARNING: [Synth 8-3332] Sequential element (u_combine/prod_s0_reg[26]) is unused and will be removed from module matmul_reducer.
WARNING: [Synth 8-3332] Sequential element (u_combine/prod_s0_reg[25]) is unused and will be removed from module matmul_reducer.
WARNING: [Synth 8-3332] Sequential element (u_combine/prod_s0_reg[24]) is unused and will be removed from module matmul_reducer.
WARNING: [Synth 8-3332] Sequential element (u_combine/prod_s0_reg[23]) is unused and will be removed from module matmul_reducer.
WARNING: [Synth 8-3332] Sequential element (u_combine/prod_s0_reg[22]) is unused and will be removed from module matmul_reducer.
WARNING: [Synth 8-3332] Sequential element (u_combine/prod_s0_reg[21]) is unused and will be removed from module matmul_reducer.
WARNING: [Synth 8-3332] Sequential element (u_combine/prod_s0_reg[20]) is unused and will be removed from module matmul_reducer.
WARNING: [Synth 8-3332] Sequential element (u_combine/prod_s0_reg[19]) is unused and will be removed from module matmul_reducer.
WARNING: [Synth 8-3332] Sequential element (u_combine/prod_s0_reg[18]) is unused and will be removed from module matmul_reducer.
WARNING: [Synth 8-3332] Sequential element (u_combine/prod_s0_reg[17]) is unused and will be removed from module matmul_reducer.
WARNING: [Synth 8-3332] Sequential element (u_combine/prod_s0_reg[16]) is unused and will be removed from module matmul_reducer.
WARNING: [Synth 8-3332] Sequential element (u_combine/prod_s0_reg[15]) is unused and will be removed from module matmul_reducer.
WARNING: [Synth 8-3332] Sequential element (u_combine/prod_s0_reg[14]) is unused and will be removed from module matmul_reducer.
WARNING: [Synth 8-3332] Sequential element (u_combine/prod_s0_reg[13]) is unused and will be removed from module matmul_reducer.
WARNING: [Synth 8-3332] Sequential element (u_combine/prod_s0_reg[12]) is unused and will be removed from module matmul_reducer.
WARNING: [Synth 8-3332] Sequential element (u_combine/prod_s0_reg[11]) is unused and will be removed from module matmul_reducer.
WARNING: [Synth 8-3332] Sequential element (u_combine/prod_s0_reg[10]) is unused and will be removed from module matmul_reducer.
WARNING: [Synth 8-3332] Sequential element (u_combine/prod_s0_reg[9]) is unused and will be removed from module matmul_reducer.
WARNING: [Synth 8-3332] Sequential element (u_combine/prod_s0_reg[8]) is unused and will be removed from module matmul_reducer.
WARNING: [Synth 8-3332] Sequential element (u_combine/prod_s0_reg[7]) is unused and will be removed from module matmul_reducer.
WARNING: [Synth 8-3332] Sequential element (u_combine/prod_s0_reg[6]) is unused and will be removed from module matmul_reducer.
WARNING: [Synth 8-3332] Sequential element (u_combine/prod_s0_reg[5]) is unused and will be removed from module matmul_reducer.
WARNING: [Synth 8-3332] Sequential element (u_combine/prod_s0_reg[4]) is unused and will be removed from module matmul_reducer.
WARNING: [Synth 8-3332] Sequential element (u_combine/prod_s0_reg[3]) is unused and will be removed from module matmul_reducer.
WARNING: [Synth 8-3332] Sequential element (u_combine/prod_s0_reg[2]) is unused and will be removed from module matmul_reducer.
WARNING: [Synth 8-3332] Sequential element (u_combine/prod_s0_reg[1]) is unused and will be removed from module matmul_reducer.
WARNING: [Synth 8-3332] Sequential element (u_combine/prod_s0_reg[0]) is unused and will be removed from module matmul_reducer.
WARNING: [Synth 8-3332] Sequential element (u_contrib/prod_s0_reg[47]) is unused and will be removed from module matmul_reducer.
WARNING: [Synth 8-3332] Sequential element (u_contrib/prod_s0_reg[46]) is unused and will be removed from module matmul_reducer.
WARNING: [Synth 8-3332] Sequential element (u_contrib/prod_s0_reg[45]) is unused and will be removed from module matmul_reducer.
WARNING: [Synth 8-3332] Sequential element (u_contrib/prod_s0_reg[44]) is unused and will be removed from module matmul_reducer.
WARNING: [Synth 8-3332] Sequential element (u_contrib/prod_s0_reg[43]) is unused and will be removed from module matmul_reducer.
WARNING: [Synth 8-3332] Sequential element (u_contrib/prod_s0_reg[42]) is unused and will be removed from module matmul_reducer.
WARNING: [Synth 8-3332] Sequential element (u_contrib/prod_s0_reg[41]) is unused and will be removed from module matmul_reducer.
WARNING: [Synth 8-3332] Sequential element (u_contrib/prod_s0_reg[40]) is unused and will be removed from module matmul_reducer.
WARNING: [Synth 8-3332] Sequential element (u_contrib/prod_s0_reg[39]) is unused and will be removed from module matmul_reducer.
WARNING: [Synth 8-3332] Sequential element (u_contrib/prod_s0_reg[38]) is unused and will be removed from module matmul_reducer.
WARNING: [Synth 8-3332] Sequential element (u_contrib/prod_s0_reg[37]) is unused and will be removed from module matmul_reducer.
WARNING: [Synth 8-3332] Sequential element (u_contrib/prod_s0_reg[36]) is unused and will be removed from module matmul_reducer.
WARNING: [Synth 8-3332] Sequential element (u_contrib/prod_s0_reg[35]) is unused and will be removed from module matmul_reducer.
WARNING: [Synth 8-3332] Sequential element (u_contrib/prod_s0_reg[34]) is unused and will be removed from module matmul_reducer.
WARNING: [Synth 8-3332] Sequential element (u_contrib/prod_s0_reg[33]) is unused and will be removed from module matmul_reducer.
WARNING: [Synth 8-3332] Sequential element (u_contrib/prod_s0_reg[32]) is unused and will be removed from module matmul_reducer.
WARNING: [Synth 8-3332] Sequential element (u_contrib/prod_s0_reg[31]) is unused and will be removed from module matmul_reducer.
WARNING: [Synth 8-3332] Sequential element (u_contrib/prod_s0_reg[30]) is unused and will be removed from module matmul_reducer.
WARNING: [Synth 8-3332] Sequential element (u_contrib/prod_s0_reg[29]) is unused and will be removed from module matmul_reducer.
WARNING: [Synth 8-3332] Sequential element (u_contrib/prod_s0_reg[28]) is unused and will be removed from module matmul_reducer.
WARNING: [Synth 8-3332] Sequential element (u_contrib/prod_s0_reg[27]) is unused and will be removed from module matmul_reducer.
WARNING: [Synth 8-3332] Sequential element (u_contrib/prod_s0_reg[26]) is unused and will be removed from module matmul_reducer.
WARNING: [Synth 8-3332] Sequential element (u_contrib/prod_s0_reg[25]) is unused and will be removed from module matmul_reducer.
WARNING: [Synth 8-3332] Sequential element (u_contrib/prod_s0_reg[24]) is unused and will be removed from module matmul_reducer.
WARNING: [Synth 8-3332] Sequential element (u_contrib/prod_s0_reg[23]) is unused and will be removed from module matmul_reducer.
WARNING: [Synth 8-3332] Sequential element (u_contrib/prod_s0_reg[22]) is unused and will be removed from module matmul_reducer.
WARNING: [Synth 8-3332] Sequential element (u_contrib/prod_s0_reg[21]) is unused and will be removed from module matmul_reducer.
WARNING: [Synth 8-3332] Sequential element (u_contrib/prod_s0_reg[20]) is unused and will be removed from module matmul_reducer.
WARNING: [Synth 8-3332] Sequential element (u_contrib/prod_s0_reg[19]) is unused and will be removed from module matmul_reducer.
WARNING: [Synth 8-3332] Sequential element (u_contrib/prod_s0_reg[18]) is unused and will be removed from module matmul_reducer.
WARNING: [Synth 8-3332] Sequential element (u_contrib/prod_s0_reg[17]) is unused and will be removed from module matmul_reducer.
WARNING: [Synth 8-3332] Sequential element (u_contrib/prod_s0_reg[16]) is unused and will be removed from module matmul_reducer.
WARNING: [Synth 8-3332] Sequential element (u_contrib/prod_s0_reg[15]) is unused and will be removed from module matmul_reducer.
WARNING: [Synth 8-3332] Sequential element (u_contrib/prod_s0_reg[14]) is unused and will be removed from module matmul_reducer.
WARNING: [Synth 8-3332] Sequential element (u_contrib/prod_s0_reg[13]) is unused and will be removed from module matmul_reducer.
WARNING: [Synth 8-3332] Sequential element (u_contrib/prod_s0_reg[12]) is unused and will be removed from module matmul_reducer.
WARNING: [Synth 8-3332] Sequential element (u_contrib/prod_s0_reg[11]) is unused and will be removed from module matmul_reducer.
WARNING: [Synth 8-3332] Sequential element (u_contrib/prod_s0_reg[10]) is unused and will be removed from module matmul_reducer.
WARNING: [Synth 8-3332] Sequential element (u_contrib/prod_s0_reg[9]) is unused and will be removed from module matmul_reducer.
WARNING: [Synth 8-3332] Sequential element (u_contrib/prod_s0_reg[8]) is unused and will be removed from module matmul_reducer.
WARNING: [Synth 8-3332] Sequential element (u_contrib/prod_s0_reg[7]) is unused and will be removed from module matmul_reducer.
WARNING: [Synth 8-3332] Sequential element (u_contrib/prod_s0_reg[6]) is unused and will be removed from module matmul_reducer.
WARNING: [Synth 8-3332] Sequential element (u_contrib/prod_s0_reg[5]) is unused and will be removed from module matmul_reducer.
WARNING: [Synth 8-3332] Sequential element (u_contrib/prod_s0_reg[4]) is unused and will be removed from module matmul_reducer.
WARNING: [Synth 8-3332] Sequential element (u_contrib/prod_s0_reg[3]) is unused and will be removed from module matmul_reducer.
WARNING: [Synth 8-3332] Sequential element (u_contrib/prod_s0_reg[2]) is unused and will be removed from module matmul_reducer.
WARNING: [Synth 8-3332] Sequential element (u_contrib/prod_s0_reg[1]) is unused and will be removed from module matmul_reducer.
WARNING: [Synth 8-3332] Sequential element (u_contrib/prod_s0_reg[0]) is unused and will be removed from module matmul_reducer.
INFO: [Synth 8-3886] merging instance 'gen_lanes[0].gen_emit_sum[1].u_emit_add/mant_small_s0_reg[23]' (FD) to 'gen_lanes[0].gen_emit_sum[1].u_emit_add/mant_big_s0_reg[23]'
INFO: [Synth 8-3886] merging instance 'gen_lanes[0].gen_emit_sum[2].u_emit_add/mant_small_s0_reg[23]' (FD) to 'gen_lanes[0].gen_emit_sum[2].u_emit_add/mant_big_s0_reg[23]'
INFO: [Synth 8-3886] merging instance 'gen_lanes[0].gen_emit_sum[3].u_emit_add/mant_small_s0_reg[23]' (FD) to 'gen_lanes[0].gen_emit_sum[3].u_emit_add/mant_big_s0_reg[23]'
INFO: [Synth 8-3886] merging instance 'gen_lanes[13].u_acc_add/mant_small_s0_reg[23]' (FD) to 'gen_lanes[13].u_acc_add/mant_big_s0_reg[23]'
INFO: [Synth 8-3886] merging instance 'gen_lanes[15].u_acc_add/mant_small_s0_reg[23]' (FD) to 'gen_lanes[15].u_acc_add/mant_big_s0_reg[23]'
INFO: [Synth 8-3886] merging instance 'gen_lanes[10].u_acc_add/mant_small_s0_reg[23]' (FD) to 'gen_lanes[10].u_acc_add/mant_big_s0_reg[23]'
INFO: [Synth 8-3886] merging instance 'gen_lanes[8].u_acc_add/mant_small_s0_reg[23]' (FD) to 'gen_lanes[8].u_acc_add/mant_big_s0_reg[23]'
INFO: [Synth 8-3886] merging instance 'gen_lanes[6].u_acc_add/mant_small_s0_reg[23]' (FD) to 'gen_lanes[6].u_acc_add/mant_big_s0_reg[23]'
INFO: [Synth 8-3886] merging instance 'gen_lanes[2].u_acc_add/mant_small_s0_reg[23]' (FD) to 'gen_lanes[2].u_acc_add/mant_big_s0_reg[23]'
INFO: [Synth 8-3886] merging instance 'gen_lanes[1].u_acc_add/mant_small_s0_reg[23]' (FD) to 'gen_lanes[1].u_acc_add/mant_big_s0_reg[23]'
INFO: [Synth 8-3886] merging instance 'gen_lanes[0].u_acc_add/mant_small_s0_reg[23]' (FD) to 'gen_lanes[0].u_acc_add/mant_big_s0_reg[23]'
INFO: [Synth 8-3886] merging instance 'gen_lanes[0].gen_emit_sum[4].u_emit_add/mant_small_s0_reg[23]' (FD) to 'gen_lanes[0].gen_emit_sum[4].u_emit_add/mant_big_s0_reg[23]'
INFO: [Synth 8-3886] merging instance 'gen_lanes[7].gen_emit_sum[1].u_emit_add/mant_small_s0_reg[23]' (FD) to 'gen_lanes[7].gen_emit_sum[1].u_emit_add/mant_big_s0_reg[23]'
INFO: [Synth 8-3886] merging instance 'gen_lanes[7].gen_emit_sum[2].u_emit_add/mant_small_s0_reg[23]' (FD) to 'gen_lanes[7].gen_emit_sum[2].u_emit_add/mant_big_s0_reg[23]'
INFO: [Synth 8-3886] merging instance 'gen_lanes[7].gen_emit_sum[3].u_emit_add/mant_small_s0_reg[23]' (FD) to 'gen_lanes[7].gen_emit_sum[3].u_emit_add/mant_big_s0_reg[23]'
INFO: [Synth 8-3886] merging instance 'gen_lanes[7].u_acc_add/mant_small_s0_reg[23]' (FD) to 'gen_lanes[7].u_acc_add/mant_big_s0_reg[23]'
INFO: [Synth 8-3886] merging instance 'gen_lanes[12].u_acc_add/mant_small_s0_reg[23]' (FD) to 'gen_lanes[12].u_acc_add/mant_big_s0_reg[23]'
INFO: [Synth 8-3886] merging instance 'gen_lanes[7].gen_emit_sum[4].u_emit_add/mant_small_s0_reg[23]' (FD) to 'gen_lanes[7].gen_emit_sum[4].u_emit_add/mant_big_s0_reg[23]'
INFO: [Synth 8-3886] merging instance 'gen_lanes[9].u_acc_add/mant_small_s0_reg[23]' (FD) to 'gen_lanes[9].u_acc_add/mant_big_s0_reg[23]'
INFO: [Synth 8-3886] merging instance 'gen_lanes[5].u_acc_add/mant_small_s0_reg[23]' (FD) to 'gen_lanes[5].u_acc_add/mant_big_s0_reg[23]'
INFO: [Synth 8-3886] merging instance 'gen_lanes[4].u_acc_add/mant_small_s0_reg[23]' (FD) to 'gen_lanes[4].u_acc_add/mant_big_s0_reg[23]'
INFO: [Synth 8-3886] merging instance 'gen_lanes[3].u_acc_add/mant_small_s0_reg[23]' (FD) to 'gen_lanes[3].u_acc_add/mant_big_s0_reg[23]'
INFO: [Synth 8-3886] merging instance 'gen_lanes[11].gen_emit_sum[1].u_emit_add/mant_small_s0_reg[23]' (FD) to 'gen_lanes[11].gen_emit_sum[1].u_emit_add/mant_big_s0_reg[23]'
INFO: [Synth 8-3886] merging instance 'gen_lanes[12].gen_emit_sum[1].u_emit_add/mant_small_s0_reg[23]' (FD) to 'gen_lanes[12].gen_emit_sum[1].u_emit_add/mant_big_s0_reg[23]'
INFO: [Synth 8-3886] merging instance 'gen_lanes[11].gen_emit_sum[2].u_emit_add/mant_small_s0_reg[23]' (FD) to 'gen_lanes[11].gen_emit_sum[2].u_emit_add/mant_big_s0_reg[23]'
INFO: [Synth 8-3886] merging instance 'gen_lanes[12].gen_emit_sum[2].u_emit_add/mant_small_s0_reg[23]' (FD) to 'gen_lanes[12].gen_emit_sum[2].u_emit_add/mant_big_s0_reg[23]'
INFO: [Synth 8-3886] merging instance 'gen_lanes[11].gen_emit_sum[3].u_emit_add/mant_small_s0_reg[23]' (FD) to 'gen_lanes[11].gen_emit_sum[3].u_emit_add/mant_big_s0_reg[23]'
INFO: [Synth 8-3886] merging instance 'gen_lanes[12].gen_emit_sum[3].u_emit_add/mant_small_s0_reg[23]' (FD) to 'gen_lanes[12].gen_emit_sum[3].u_emit_add/mant_big_s0_reg[23]'
INFO: [Synth 8-3886] merging instance 'gen_lanes[11].gen_emit_sum[4].u_emit_add/mant_small_s0_reg[23]' (FD) to 'gen_lanes[11].gen_emit_sum[4].u_emit_add/mant_big_s0_reg[23]'
INFO: [Synth 8-3886] merging instance 'gen_lanes[12].gen_emit_sum[4].u_emit_add/mant_small_s0_reg[23]' (FD) to 'gen_lanes[12].gen_emit_sum[4].u_emit_add/mant_big_s0_reg[23]'
INFO: [Synth 8-3886] merging instance 'gen_lanes[11].u_acc_add/mant_small_s0_reg[23]' (FD) to 'gen_lanes[11].u_acc_add/mant_big_s0_reg[23]'
INFO: [Synth 8-3886] merging instance 'gen_lanes[5].gen_emit_sum[1].u_emit_add/mant_small_s0_reg[23]' (FD) to 'gen_lanes[5].gen_emit_sum[1].u_emit_add/mant_big_s0_reg[23]'
INFO: [Synth 8-3886] merging instance 'gen_lanes[6].gen_emit_sum[1].u_emit_add/mant_small_s0_reg[23]' (FD) to 'gen_lanes[6].gen_emit_sum[1].u_emit_add/mant_big_s0_reg[23]'
INFO: [Synth 8-3886] merging instance 'gen_lanes[5].gen_emit_sum[2].u_emit_add/mant_small_s0_reg[23]' (FD) to 'gen_lanes[5].gen_emit_sum[2].u_emit_add/mant_big_s0_reg[23]'
INFO: [Synth 8-3886] merging instance 'gen_lanes[6].gen_emit_sum[2].u_emit_add/mant_small_s0_reg[23]' (FD) to 'gen_lanes[6].gen_emit_sum[2].u_emit_add/mant_big_s0_reg[23]'
INFO: [Synth 8-3886] merging instance 'gen_lanes[5].gen_emit_sum[3].u_emit_add/mant_small_s0_reg[23]' (FD) to 'gen_lanes[5].gen_emit_sum[3].u_emit_add/mant_big_s0_reg[23]'
INFO: [Synth 8-3886] merging instance 'gen_lanes[6].gen_emit_sum[3].u_emit_add/mant_small_s0_reg[23]' (FD) to 'gen_lanes[6].gen_emit_sum[3].u_emit_add/mant_big_s0_reg[23]'
INFO: [Synth 8-3886] merging instance 'gen_lanes[5].gen_emit_sum[4].u_emit_add/mant_small_s0_reg[23]' (FD) to 'gen_lanes[5].gen_emit_sum[4].u_emit_add/mant_big_s0_reg[23]'
INFO: [Synth 8-3886] merging instance 'gen_lanes[6].gen_emit_sum[4].u_emit_add/mant_small_s0_reg[23]' (FD) to 'gen_lanes[6].gen_emit_sum[4].u_emit_add/mant_big_s0_reg[23]'
INFO: [Synth 8-3886] merging instance 'gen_lanes[8].gen_emit_sum[1].u_emit_add/mant_small_s0_reg[23]' (FD) to 'gen_lanes[8].gen_emit_sum[1].u_emit_add/mant_big_s0_reg[23]'
INFO: [Synth 8-3886] merging instance 'gen_lanes[9].gen_emit_sum[1].u_emit_add/mant_small_s0_reg[23]' (FD) to 'gen_lanes[9].gen_emit_sum[1].u_emit_add/mant_big_s0_reg[23]'
INFO: [Synth 8-3886] merging instance 'gen_lanes[10].gen_emit_sum[1].u_emit_add/mant_small_s0_reg[23]' (FD) to 'gen_lanes[10].gen_emit_sum[1].u_emit_add/mant_big_s0_reg[23]'
INFO: [Synth 8-3886] merging instance 'gen_lanes[8].gen_emit_sum[2].u_emit_add/mant_small_s0_reg[23]' (FD) to 'gen_lanes[8].gen_emit_sum[2].u_emit_add/mant_big_s0_reg[23]'
INFO: [Synth 8-3886] merging instance 'gen_lanes[9].gen_emit_sum[2].u_emit_add/mant_small_s0_reg[23]' (FD) to 'gen_lanes[9].gen_emit_sum[2].u_emit_add/mant_big_s0_reg[23]'
INFO: [Synth 8-3886] merging instance 'gen_lanes[10].gen_emit_sum[2].u_emit_add/mant_small_s0_reg[23]' (FD) to 'gen_lanes[10].gen_emit_sum[2].u_emit_add/mant_big_s0_reg[23]'
INFO: [Synth 8-3886] merging instance 'gen_lanes[8].gen_emit_sum[3].u_emit_add/mant_small_s0_reg[23]' (FD) to 'gen_lanes[8].gen_emit_sum[3].u_emit_add/mant_big_s0_reg[23]'
INFO: [Synth 8-3886] merging instance 'gen_lanes[9].gen_emit_sum[3].u_emit_add/mant_small_s0_reg[23]' (FD) to 'gen_lanes[9].gen_emit_sum[3].u_emit_add/mant_big_s0_reg[23]'
INFO: [Synth 8-3886] merging instance 'gen_lanes[10].gen_emit_sum[3].u_emit_add/mant_small_s0_reg[23]' (FD) to 'gen_lanes[10].gen_emit_sum[3].u_emit_add/mant_big_s0_reg[23]'
INFO: [Synth 8-3886] merging instance 'gen_lanes[8].gen_emit_sum[4].u_emit_add/mant_small_s0_reg[23]' (FD) to 'gen_lanes[8].gen_emit_sum[4].u_emit_add/mant_big_s0_reg[23]'
INFO: [Synth 8-3886] merging instance 'gen_lanes[9].gen_emit_sum[4].u_emit_add/mant_small_s0_reg[23]' (FD) to 'gen_lanes[9].gen_emit_sum[4].u_emit_add/mant_big_s0_reg[23]'
INFO: [Synth 8-3886] merging instance 'gen_lanes[10].gen_emit_sum[4].u_emit_add/mant_small_s0_reg[23]' (FD) to 'gen_lanes[10].gen_emit_sum[4].u_emit_add/mant_big_s0_reg[23]'
INFO: [Synth 8-3886] merging instance 'gen_lanes[13].gen_emit_sum[1].u_emit_add/mant_small_s0_reg[23]' (FD) to 'gen_lanes[13].gen_emit_sum[1].u_emit_add/mant_big_s0_reg[23]'
INFO: [Synth 8-3886] merging instance 'gen_lanes[14].gen_emit_sum[1].u_emit_add/mant_small_s0_reg[23]' (FD) to 'gen_lanes[14].gen_emit_sum[1].u_emit_add/mant_big_s0_reg[23]'
INFO: [Synth 8-3886] merging instance 'gen_lanes[15].gen_emit_sum[1].u_emit_add/mant_small_s0_reg[23]' (FD) to 'gen_lanes[15].gen_emit_sum[1].u_emit_add/mant_big_s0_reg[23]'
INFO: [Synth 8-3886] merging instance 'gen_lanes[13].gen_emit_sum[2].u_emit_add/mant_small_s0_reg[23]' (FD) to 'gen_lanes[13].gen_emit_sum[2].u_emit_add/mant_big_s0_reg[23]'
INFO: [Synth 8-3886] merging instance 'gen_lanes[14].gen_emit_sum[2].u_emit_add/mant_small_s0_reg[23]' (FD) to 'gen_lanes[14].gen_emit_sum[2].u_emit_add/mant_big_s0_reg[23]'
INFO: [Synth 8-3886] merging instance 'gen_lanes[15].gen_emit_sum[2].u_emit_add/mant_small_s0_reg[23]' (FD) to 'gen_lanes[15].gen_emit_sum[2].u_emit_add/mant_big_s0_reg[23]'
INFO: [Synth 8-3886] merging instance 'gen_lanes[13].gen_emit_sum[3].u_emit_add/mant_small_s0_reg[23]' (FD) to 'gen_lanes[13].gen_emit_sum[3].u_emit_add/mant_big_s0_reg[23]'
INFO: [Synth 8-3886] merging instance 'gen_lanes[14].gen_emit_sum[3].u_emit_add/mant_small_s0_reg[23]' (FD) to 'gen_lanes[14].gen_emit_sum[3].u_emit_add/mant_big_s0_reg[23]'
INFO: [Synth 8-3886] merging instance 'gen_lanes[15].gen_emit_sum[3].u_emit_add/mant_small_s0_reg[23]' (FD) to 'gen_lanes[15].gen_emit_sum[3].u_emit_add/mant_big_s0_reg[23]'
INFO: [Synth 8-3886] merging instance 'gen_lanes[13].gen_emit_sum[4].u_emit_add/mant_small_s0_reg[23]' (FD) to 'gen_lanes[13].gen_emit_sum[4].u_emit_add/mant_big_s0_reg[23]'
INFO: [Synth 8-3886] merging instance 'gen_lanes[14].gen_emit_sum[4].u_emit_add/mant_small_s0_reg[23]' (FD) to 'gen_lanes[14].gen_emit_sum[4].u_emit_add/mant_big_s0_reg[23]'
INFO: [Synth 8-3886] merging instance 'gen_lanes[14].u_acc_add/mant_small_s0_reg[23]' (FD) to 'gen_lanes[14].u_acc_add/mant_big_s0_reg[23]'
INFO: [Synth 8-3886] merging instance 'gen_lanes[15].gen_emit_sum[4].u_emit_add/mant_small_s0_reg[23]' (FD) to 'gen_lanes[15].gen_emit_sum[4].u_emit_add/mant_big_s0_reg[23]'
INFO: [Synth 8-3886] merging instance 'gen_lanes[1].gen_emit_sum[1].u_emit_add/mant_small_s0_reg[23]' (FD) to 'gen_lanes[1].gen_emit_sum[1].u_emit_add/mant_big_s0_reg[23]'
INFO: [Synth 8-3886] merging instance 'gen_lanes[2].gen_emit_sum[1].u_emit_add/mant_small_s0_reg[23]' (FD) to 'gen_lanes[2].gen_emit_sum[1].u_emit_add/mant_big_s0_reg[23]'
INFO: [Synth 8-3886] merging instance 'gen_lanes[4].gen_emit_sum[1].u_emit_add/mant_small_s0_reg[23]' (FD) to 'gen_lanes[4].gen_emit_sum[1].u_emit_add/mant_big_s0_reg[23]'
INFO: [Synth 8-3886] merging instance 'gen_lanes[1].gen_emit_sum[2].u_emit_add/mant_small_s0_reg[23]' (FD) to 'gen_lanes[1].gen_emit_sum[2].u_emit_add/mant_big_s0_reg[23]'
INFO: [Synth 8-3886] merging instance 'gen_lanes[2].gen_emit_sum[2].u_emit_add/mant_small_s0_reg[23]' (FD) to 'gen_lanes[2].gen_emit_sum[2].u_emit_add/mant_big_s0_reg[23]'
INFO: [Synth 8-3886] merging instance 'gen_lanes[4].gen_emit_sum[2].u_emit_add/mant_small_s0_reg[23]' (FD) to 'gen_lanes[4].gen_emit_sum[2].u_emit_add/mant_big_s0_reg[23]'
INFO: [Synth 8-3886] merging instance 'gen_lanes[1].gen_emit_sum[3].u_emit_add/mant_small_s0_reg[23]' (FD) to 'gen_lanes[1].gen_emit_sum[3].u_emit_add/mant_big_s0_reg[23]'
INFO: [Synth 8-3886] merging instance 'gen_lanes[2].gen_emit_sum[3].u_emit_add/mant_small_s0_reg[23]' (FD) to 'gen_lanes[2].gen_emit_sum[3].u_emit_add/mant_big_s0_reg[23]'
INFO: [Synth 8-3886] merging instance 'gen_lanes[4].gen_emit_sum[3].u_emit_add/mant_small_s0_reg[23]' (FD) to 'gen_lanes[4].gen_emit_sum[3].u_emit_add/mant_big_s0_reg[23]'
INFO: [Synth 8-3886] merging instance 'gen_lanes[1].gen_emit_sum[4].u_emit_add/mant_small_s0_reg[23]' (FD) to 'gen_lanes[1].gen_emit_sum[4].u_emit_add/mant_big_s0_reg[23]'
INFO: [Synth 8-3886] merging instance 'gen_lanes[2].gen_emit_sum[4].u_emit_add/mant_small_s0_reg[23]' (FD) to 'gen_lanes[2].gen_emit_sum[4].u_emit_add/mant_big_s0_reg[23]'
INFO: [Synth 8-3886] merging instance 'gen_lanes[4].gen_emit_sum[4].u_emit_add/mant_small_s0_reg[23]' (FD) to 'gen_lanes[4].gen_emit_sum[4].u_emit_add/mant_big_s0_reg[23]'
INFO: [Synth 8-3886] merging instance 'gen_lanes[3].gen_emit_sum[1].u_emit_add/mant_small_s0_reg[23]' (FD) to 'gen_lanes[3].gen_emit_sum[1].u_emit_add/mant_big_s0_reg[23]'
INFO: [Synth 8-3886] merging instance 'gen_lanes[3].gen_emit_sum[2].u_emit_add/mant_small_s0_reg[23]' (FD) to 'gen_lanes[3].gen_emit_sum[2].u_emit_add/mant_big_s0_reg[23]'
INFO: [Synth 8-3886] merging instance 'gen_lanes[3].gen_emit_sum[3].u_emit_add/mant_small_s0_reg[23]' (FD) to 'gen_lanes[3].gen_emit_sum[3].u_emit_add/mant_big_s0_reg[23]'
INFO: [Synth 8-3886] merging instance 'gen_lanes[3].gen_emit_sum[4].u_emit_add/mant_small_s0_reg[23]' (FD) to 'gen_lanes[3].gen_emit_sum[4].u_emit_add/mant_big_s0_reg[23]'
---------------------------------------------------------------------------------
Finished Cross Boundary and Area Optimization : Time (s): cpu = 00:01:39 ; elapsed = 00:02:13 . Memory (MB): peak = 2529.027 ; gain = 1873.629
---------------------------------------------------------------------------------
 Sort Area is matmul_reducer prod_s00_0 : 0 0 : 3489 4975 : Used 16 time 100
 Sort Area is matmul_reducer prod_s00_0 : 0 1 : 1486 4975 : Used 16 time 100
 Sort Area is matmul_reducer prod_s00_3 : 0 0 : 3489 4975 : Used 16 time 100
 Sort Area is matmul_reducer prod_s00_3 : 0 1 : 1486 4975 : Used 16 time 100
---------------------------------------------------------------------------------
Start ROM, RAM, DSP, Shift Register and Retiming Reporting
---------------------------------------------------------------------------------

DSP: Preliminary Mapping Report (see note below. The ' indicates corresponding REG is set)
+--------------+------------------+--------+--------+--------+--------+--------+------+------+------+------+-------+------+------+
|Module Name   | DSP Mapping      | A Size | B Size | C Size | D Size | P Size | AREG | BREG | CREG | DREG | ADREG | MREG | PREG | 
+--------------+------------------+--------+--------+--------+--------+--------+------+------+------+------+-------+------+------+
|fp32_mul_pipe | A2*B2            | 25     | 18     | -      | -      | 48     | 1    | 1    | -    | -    | -     | 0    | 0    | 
|fp32_mul_pipe | (PCIN>>17)+A2*B2 | 25     | 8      | -      | -      | 48     | 1    | 1    | -    | -    | -     | 0    | 1    | 
|fp32_mul_pipe | A2*B2            | 25     | 18     | -      | -      | 48     | 1    | 1    | -    | -    | -     | 0    | 0    | 
|fp32_mul_pipe | (PCIN>>17)+A2*B2 | 25     | 8      | -      | -      | 48     | 1    | 1    | -    | -    | -     | 0    | 1    | 
+--------------+------------------+--------+--------+--------+--------+--------+------+------+------+------+-------+------+------+

Note: The table above is a preliminary report that shows the DSPs inferred at the current stage of the synthesis flow. Some DSP may be reimplemented as non DSP primitives later in the synthesis flow. Multiple instantiated DSPs are reported only once.
---------------------------------------------------------------------------------
Finished ROM, RAM, DSP, Shift Register and Retiming Reporting
---------------------------------------------------------------------------------
No constraint files found.
---------------------------------------------------------------------------------
Start Timing Optimization
---------------------------------------------------------------------------------
---------------------------------------------------------------------------------
Finished Timing Optimization : Time (s): cpu = 00:01:40 ; elapsed = 00:02:14 . Memory (MB): peak = 2529.027 ; gain = 1873.629
---------------------------------------------------------------------------------
---------------------------------------------------------------------------------
Start Technology Mapping
---------------------------------------------------------------------------------
INFO: [Synth 8-3886] merging instance 'ui_0/u/gen_lanes[0].gen_emit_sum[1].u_emit_add/mant_big_s0_reg[23]' (FD) to 'ui_0/u/gen_lanes[13].u_acc_add/mant_big_s0_reg[23]'
INFO: [Synth 8-3886] merging instance 'ui_0/u/gen_lanes[0].gen_emit_sum[1].u_emit_add/mant_big_s1_reg[23]' (FDR) to 'ui_0/u/gen_lanes[13].u_acc_add/mant_big_s1_reg[23]'
INFO: [Synth 8-3886] merging instance 'ui_0/u/gen_lanes[0].gen_emit_sum[2].u_emit_add/mant_big_s0_reg[23]' (FD) to 'ui_0/u/gen_lanes[13].u_acc_add/mant_big_s0_reg[23]'
INFO: [Synth 8-3886] merging instance 'ui_0/u/gen_lanes[0].gen_emit_sum[2].u_emit_add/mant_big_s1_reg[23]' (FDR) to 'ui_0/u/gen_lanes[13].u_acc_add/mant_big_s1_reg[23]'
INFO: [Synth 8-3886] merging instance 'ui_0/u/gen_lanes[0].gen_emit_sum[3].u_emit_add/mant_big_s0_reg[23]' (FD) to 'ui_0/u/gen_lanes[13].u_acc_add/mant_big_s0_reg[23]'
INFO: [Synth 8-3886] merging instance 'ui_0/u/gen_lanes[0].gen_emit_sum[3].u_emit_add/mant_big_s1_reg[23]' (FDR) to 'ui_0/u/gen_lanes[13].u_acc_add/mant_big_s1_reg[23]'
INFO: [Synth 8-3886] merging instance 'ui_0/u/gen_lanes[13].u_acc_add/mant_big_s0_reg[23]' (FD) to 'ui_0/u/gen_lanes[10].u_acc_add/mant_big_s0_reg[23]'
INFO: [Synth 8-3886] merging instance 'ui_0/u/gen_lanes[13].u_acc_add/mant_big_s1_reg[23]' (FDR) to 'ui_0/u/gen_lanes[10].u_acc_add/mant_big_s1_reg[23]'
INFO: [Synth 8-3886] merging instance 'ui_0/u/gen_lanes[15].u_acc_add/mant_big_s0_reg[23]' (FD) to 'ui_0/u/gen_lanes[10].u_acc_add/mant_big_s0_reg[23]'
INFO: [Synth 8-3886] merging instance 'ui_0/u/gen_lanes[15].u_acc_add/mant_big_s1_reg[23]' (FDR) to 'ui_0/u/gen_lanes[10].u_acc_add/mant_big_s1_reg[23]'
INFO: [Synth 8-3886] merging instance 'ui_0/u/gen_lanes[10].u_acc_add/mant_big_s0_reg[23]' (FD) to 'ui_0/u/gen_lanes[6].u_acc_add/mant_big_s0_reg[23]'
INFO: [Synth 8-3886] merging instance 'ui_0/u/gen_lanes[10].u_acc_add/mant_big_s1_reg[23]' (FDR) to 'ui_0/u/gen_lanes[6].u_acc_add/mant_big_s1_reg[23]'
INFO: [Synth 8-3886] merging instance 'ui_0/u/gen_lanes[8].u_acc_add/mant_big_s0_reg[23]' (FD) to 'ui_0/u/gen_lanes[6].u_acc_add/mant_big_s0_reg[23]'
INFO: [Synth 8-3886] merging instance 'ui_0/u/gen_lanes[8].u_acc_add/mant_big_s1_reg[23]' (FDR) to 'ui_0/u/gen_lanes[6].u_acc_add/mant_big_s1_reg[23]'
INFO: [Synth 8-3886] merging instance 'ui_0/u/gen_lanes[6].u_acc_add/mant_big_s0_reg[23]' (FD) to 'ui_0/u/gen_lanes[1].u_acc_add/mant_big_s0_reg[23]'
INFO: [Synth 8-3886] merging instance 'ui_0/u/gen_lanes[6].u_acc_add/mant_big_s1_reg[23]' (FDR) to 'ui_0/u/gen_lanes[1].u_acc_add/mant_big_s1_reg[23]'
INFO: [Synth 8-3886] merging instance 'ui_0/u/gen_lanes[2].u_acc_add/mant_big_s0_reg[23]' (FD) to 'ui_0/u/gen_lanes[1].u_acc_add/mant_big_s0_reg[23]'
INFO: [Synth 8-3886] merging instance 'ui_0/u/gen_lanes[2].u_acc_add/mant_big_s1_reg[23]' (FDR) to 'ui_0/u/gen_lanes[1].u_acc_add/mant_big_s1_reg[23]'
INFO: [Synth 8-3886] merging instance 'ui_0/u/gen_lanes[1].u_acc_add/mant_big_s0_reg[23]' (FD) to 'ui_0/u/gen_lanes[0].gen_emit_sum[4].u_emit_add/mant_big_s0_reg[23]'
INFO: [Synth 8-3886] merging instance 'ui_0/u/gen_lanes[1].u_acc_add/mant_big_s1_reg[23]' (FDR) to 'ui_0/u/gen_lanes[0].gen_emit_sum[4].u_emit_add/mant_big_s1_reg[23]'
INFO: [Common 17-14] Message 'Synth 8-3886' appears 100 times and further instances of the messages will be disabled. Use the Tcl command set_msg_config to change the current settings.
INFO: [Common 17-14] Message 'Synth 8-3886' appears 100 times and further instances of the messages will be disabled. Use the Tcl command set_msg_config to change the current settings.
INFO: [Common 17-14] Message 'Synth 8-3886' appears 100 times and further instances of the messages will be disabled. Use the Tcl command set_msg_config to change the current settings.
---------------------------------------------------------------------------------
Finished Technology Mapping : Time (s): cpu = 00:01:49 ; elapsed = 00:02:33 . Memory (MB): peak = 2535.773 ; gain = 1880.375
---------------------------------------------------------------------------------
---------------------------------------------------------------------------------
Start IO Insertion
---------------------------------------------------------------------------------
---------------------------------------------------------------------------------
Start Flattening Before IO Insertion
---------------------------------------------------------------------------------
---------------------------------------------------------------------------------
Finished Flattening Before IO Insertion
---------------------------------------------------------------------------------
---------------------------------------------------------------------------------
Start Final Netlist Cleanup
---------------------------------------------------------------------------------
---------------------------------------------------------------------------------
Finished Final Netlist Cleanup
---------------------------------------------------------------------------------
---------------------------------------------------------------------------------
Finished IO Insertion : Time (s): cpu = 00:01:59 ; elapsed = 00:02:43 . Memory (MB): peak = 2788.277 ; gain = 2132.879
---------------------------------------------------------------------------------
---------------------------------------------------------------------------------
Start Renaming Generated Instances
---------------------------------------------------------------------------------
---------------------------------------------------------------------------------
Finished Renaming Generated Instances : Time (s): cpu = 00:01:59 ; elapsed = 00:02:44 . Memory (MB): peak = 2788.277 ; gain = 2132.879
---------------------------------------------------------------------------------
---------------------------------------------------------------------------------
Start Rebuilding User Hierarchy
---------------------------------------------------------------------------------
---------------------------------------------------------------------------------
Finished Rebuilding User Hierarchy : Time (s): cpu = 00:02:02 ; elapsed = 00:02:47 . Memory (MB): peak = 2823.348 ; gain = 2167.949
---------------------------------------------------------------------------------
---------------------------------------------------------------------------------
Start Renaming Generated Ports
---------------------------------------------------------------------------------
---------------------------------------------------------------------------------
Finished Renaming Generated Ports : Time (s): cpu = 00:02:03 ; elapsed = 00:02:47 . Memory (MB): peak = 2823.348 ; gain = 2167.949
---------------------------------------------------------------------------------
---------------------------------------------------------------------------------
Start Handling Custom Attributes
---------------------------------------------------------------------------------
---------------------------------------------------------------------------------
Finished Handling Custom Attributes : Time (s): cpu = 00:02:04 ; elapsed = 00:02:49 . Memory (MB): peak = 2823.348 ; gain = 2167.949
---------------------------------------------------------------------------------
---------------------------------------------------------------------------------
Start Renaming Generated Nets
---------------------------------------------------------------------------------
---------------------------------------------------------------------------------
Finished Renaming Generated Nets : Time (s): cpu = 00:02:04 ; elapsed = 00:02:49 . Memory (MB): peak = 2823.348 ; gain = 2167.949
---------------------------------------------------------------------------------
---------------------------------------------------------------------------------
Start ROM, RAM, DSP, Shift Register and Retiming Reporting
---------------------------------------------------------------------------------

Static Shift Register Report:
+-------------+------------------------------------------------------+--------+-------+--------------+--------------------+-------------------+--------+---------+
|Module Name  | RTL Name                                             | Length | Width | Reset Signal | Pull out first Reg | Pull out last Reg | SRL16E | SRLC32E | 
+-------------+------------------------------------------------------+--------+-------+--------------+--------------------+-------------------+--------+---------+
|rowblock_ooc | u/gen_lanes[0].u_reducer/u_contrib/valid_out_reg     | 10     | 1     | YES          | NO                 | YES               | 1      | 0       | 
|rowblock_ooc | u/gen_lanes[0].u_reducer/weight_scale_f32_s3_reg[31] | 4      | 6209  | YES          | NO                 | YES               | 6209   | 0       | 
|rowblock_ooc | u/col_pipe_reg[9][2]                                 | 10     | 3     | YES          | NO                 | YES               | 3      | 0       | 
|rowblock_ooc | u/gen_lanes[0].u_acc_add/valid_out_reg               | 5      | 1     | YES          | NO                 | YES               | 1      | 0       | 
|rowblock_ooc | u/add_result_col_oh_pipe_reg[4][7]                   | 6      | 8     | YES          | NO                 | YES               | 8      | 0       | 
|rowblock_ooc | u/done_pipe_reg[22]                                  | 23     | 1     | YES          | NO                 | YES               | 0      | 1       | 
|rowblock_ooc | u/add_result_last_pipe_reg[4]                        | 6      | 1     | YES          | NO                 | YES               | 1      | 0       | 
|rowblock_ooc | u/last_pipe_reg[9]                                   | 10     | 1     | YES          | NO                 | YES               | 1      | 0       | 
+-------------+------------------------------------------------------+--------+-------+--------------+--------------------+-------------------+--------+---------+

---------------------------------------------------------------------------------
Finished ROM, RAM, DSP, Shift Register and Retiming Reporting
---------------------------------------------------------------------------------
---------------------------------------------------------------------------------
Start Writing Synthesis Report
---------------------------------------------------------------------------------

DSP Final Report (the ' indicates corresponding REG is set)
+--------------+-------------------+--------+--------+--------+--------+--------+------+------+------+------+-------+------+------+
|Module Name   | DSP Mapping       | A Size | B Size | C Size | D Size | P Size | AREG | BREG | CREG | DREG | ADREG | MREG | PREG | 
+--------------+-------------------+--------+--------+--------+--------+--------+------+------+------+------+-------+------+------+
|fp32_mul_pipe | A'*B'             | 24     | 17     | -      | -      | 48     | 1    | 1    | -    | -    | -     | 0    | 0    | 
|fp32_mul_pipe | (PCIN>>17+A'*B')' | 24     | 7      | -      | -      | 48     | 1    | 1    | -    | -    | -     | 0    | 1    | 
|fp32_mul_pipe | A'*B'             | 24     | 17     | -      | -      | 48     | 1    | 1    | -    | -    | -     | 0    | 0    | 
|fp32_mul_pipe | (PCIN>>17+A'*B')' | 24     | 7      | -      | -      | 48     | 1    | 1    | -    | -    | -     | 0    | 1    | 
|fp32_mul_pipe | A'*B'             | 24     | 17     | -      | -      | 48     | 1    | 1    | -    | -    | -     | 0    | 0    | 
|fp32_mul_pipe | (PCIN>>17+A'*B')' | 24     | 7      | -      | -      | 48     | 1    | 1    | -    | -    | -     | 0    | 1    | 
|fp32_mul_pipe | A'*B'             | 24     | 17     | -      | -      | 48     | 1    | 1    | -    | -    | -     | 0    | 0    | 
|fp32_mul_pipe | (PCIN>>17+A'*B')' | 24     | 7      | -      | -      | 48     | 1    | 1    | -    | -    | -     | 0    | 1    | 
|fp32_mul_pipe | A'*B'             | 24     | 17     | -      | -      | 48     | 1    | 1    | -    | -    | -     | 0    | 0    | 
|fp32_mul_pipe | (PCIN>>17+A'*B')' | 24     | 7      | -      | -      | 48     | 1    | 1    | -    | -    | -     | 0    | 1    | 
|fp32_mul_pipe | A'*B'             | 24     | 17     | -      | -      | 48     | 1    | 1    | -    | -    | -     | 0    | 0    | 
|fp32_mul_pipe | (PCIN>>17+A'*B')' | 24     | 7      | -      | -      | 48     | 1    | 1    | -    | -    | -     | 0    | 1    | 
|fp32_mul_pipe | A'*B'             | 24     | 17     | -      | -      | 48     | 1    | 1    | -    | -    | -     | 0    | 0    | 
|fp32_mul_pipe | (PCIN>>17+A'*B')' | 24     | 7      | -      | -      | 48     | 1    | 1    | -    | -    | -     | 0    | 1    | 
|fp32_mul_pipe | A'*B'             | 24     | 17     | -      | -      | 48     | 1    | 1    | -    | -    | -     | 0    | 0    | 
|fp32_mul_pipe | (PCIN>>17+A'*B')' | 24     | 7      | -      | -      | 48     | 1    | 1    | -    | -    | -     | 0    | 1    | 
|fp32_mul_pipe | A'*B'             | 24     | 17     | -      | -      | 48     | 1    | 1    | -    | -    | -     | 0    | 0    | 
|fp32_mul_pipe | (PCIN>>17+A'*B')' | 24     | 7      | -      | -      | 48     | 1    | 1    | -    | -    | -     | 0    | 1    | 
|fp32_mul_pipe | A'*B'             | 24     | 17     | -      | -      | 48     | 1    | 1    | -    | -    | -     | 0    | 0    | 
|fp32_mul_pipe | (PCIN>>17+A'*B')' | 24     | 7      | -      | -      | 48     | 1    | 1    | -    | -    | -     | 0    | 1    | 
|fp32_mul_pipe | A'*B'             | 24     | 17     | -      | -      | 48     | 1    | 1    | -    | -    | -     | 0    | 0    | 
|fp32_mul_pipe | (PCIN>>17+A'*B')' | 24     | 7      | -      | -      | 48     | 1    | 1    | -    | -    | -     | 0    | 1    | 
|fp32_mul_pipe | A'*B'             | 24     | 17     | -      | -      | 48     | 1    | 1    | -    | -    | -     | 0    | 0    | 
|fp32_mul_pipe | (PCIN>>17+A'*B')' | 24     | 7      | -      | -      | 48     | 1    | 1    | -    | -    | -     | 0    | 1    | 
|fp32_mul_pipe | A'*B'             | 24     | 17     | -      | -      | 48     | 1    | 1    | -    | -    | -     | 0    | 0    | 
|fp32_mul_pipe | (PCIN>>17+A'*B')' | 24     | 7      | -      | -      | 48     | 1    | 1    | -    | -    | -     | 0    | 1    | 
|fp32_mul_pipe | A'*B'             | 24     | 17     | -      | -      | 48     | 1    | 1    | -    | -    | -     | 0    | 0    | 
|fp32_mul_pipe | (PCIN>>17+A'*B')' | 24     | 7      | -      | -      | 48     | 1    | 1    | -    | -    | -     | 0    | 1    | 
|fp32_mul_pipe | A'*B'             | 24     | 17     | -      | -      | 48     | 1    | 1    | -    | -    | -     | 0    | 0    | 
|fp32_mul_pipe | (PCIN>>17+A'*B')' | 24     | 7      | -      | -      | 48     | 1    | 1    | -    | -    | -     | 0    | 1    | 
|fp32_mul_pipe | A'*B'             | 24     | 17     | -      | -      | 48     | 1    | 1    | -    | -    | -     | 0    | 0    | 
|fp32_mul_pipe | (PCIN>>17+A'*B')' | 24     | 7      | -      | -      | 48     | 1    | 1    | -    | -    | -     | 0    | 1    | 
|fp32_mul_pipe | A'*B'             | 24     | 17     | -      | -      | 48     | 1    | 1    | -    | -    | -     | 0    | 0    | 
|fp32_mul_pipe | (PCIN>>17+A'*B')' | 24     | 7      | -      | -      | 48     | 1    | 1    | -    | -    | -     | 0    | 1    | 
|fp32_mul_pipe | A'*B'             | 24     | 17     | -      | -      | 48     | 1    | 1    | -    | -    | -     | 0    | 0    | 
|fp32_mul_pipe | (PCIN>>17+A'*B')' | 24     | 7      | -      | -      | 48     | 1    | 1    | -    | -    | -     | 0    | 1    | 
|fp32_mul_pipe | A'*B'             | 24     | 17     | -      | -      | 48     | 1    | 1    | -    | -    | -     | 0    | 0    | 
|fp32_mul_pipe | (PCIN>>17+A'*B')' | 24     | 7      | -      | -      | 48     | 1    | 1    | -    | -    | -     | 0    | 1    | 
|fp32_mul_pipe | A'*B'             | 24     | 17     | -      | -      | 48     | 1    | 1    | -    | -    | -     | 0    | 0    | 
|fp32_mul_pipe | (PCIN>>17+A'*B')' | 24     | 7      | -      | -      | 48     | 1    | 1    | -    | -    | -     | 0    | 1    | 
|fp32_mul_pipe | A'*B'             | 24     | 17     | -      | -      | 48     | 1    | 1    | -    | -    | -     | 0    | 0    | 
|fp32_mul_pipe | (PCIN>>17+A'*B')' | 24     | 7      | -      | -      | 48     | 1    | 1    | -    | -    | -     | 0    | 1    | 
|fp32_mul_pipe | A'*B'             | 24     | 17     | -      | -      | 48     | 1    | 1    | -    | -    | -     | 0    | 0    | 
|fp32_mul_pipe | (PCIN>>17+A'*B')' | 24     | 7      | -      | -      | 48     | 1    | 1    | -    | -    | -     | 0    | 1    | 
|fp32_mul_pipe | A'*B'             | 24     | 17     | -      | -      | 48     | 1    | 1    | -    | -    | -     | 0    | 0    | 
|fp32_mul_pipe | (PCIN>>17+A'*B')' | 24     | 7      | -      | -      | 48     | 1    | 1    | -    | -    | -     | 0    | 1    | 
|fp32_mul_pipe | A'*B'             | 24     | 17     | -      | -      | 48     | 1    | 1    | -    | -    | -     | 0    | 0    | 
|fp32_mul_pipe | (PCIN>>17+A'*B')' | 24     | 7      | -      | -      | 48     | 1    | 1    | -    | -    | -     | 0    | 1    | 
|fp32_mul_pipe | A'*B'             | 24     | 17     | -      | -      | 48     | 1    | 1    | -    | -    | -     | 0    | 0    | 
|fp32_mul_pipe | (PCIN>>17+A'*B')' | 24     | 7      | -      | -      | 48     | 1    | 1    | -    | -    | -     | 0    | 1    | 
|fp32_mul_pipe | A'*B'             | 24     | 17     | -      | -      | 48     | 1    | 1    | -    | -    | -     | 0    | 0    | 
|fp32_mul_pipe | (PCIN>>17+A'*B')' | 24     | 7      | -      | -      | 48     | 1    | 1    | -    | -    | -     | 0    | 1    | 
|fp32_mul_pipe | A'*B'             | 24     | 17     | -      | -      | 48     | 1    | 1    | -    | -    | -     | 0    | 0    | 
|fp32_mul_pipe | (PCIN>>17+A'*B')' | 24     | 7      | -      | -      | 48     | 1    | 1    | -    | -    | -     | 0    | 1    | 
|fp32_mul_pipe | A'*B'             | 24     | 17     | -      | -      | 48     | 1    | 1    | -    | -    | -     | 0    | 0    | 
|fp32_mul_pipe | (PCIN>>17+A'*B')' | 24     | 7      | -      | -      | 48     | 1    | 1    | -    | -    | -     | 0    | 1    | 
|fp32_mul_pipe | A'*B'             | 24     | 17     | -      | -      | 48     | 1    | 1    | -    | -    | -     | 0    | 0    | 
|fp32_mul_pipe | (PCIN>>17+A'*B')' | 24     | 7      | -      | -      | 48     | 1    | 1    | -    | -    | -     | 0    | 1    | 
|fp32_mul_pipe | A'*B'             | 24     | 17     | -      | -      | 48     | 1    | 1    | -    | -    | -     | 0    | 0    | 
|fp32_mul_pipe | (PCIN>>17+A'*B')' | 24     | 7      | -      | -      | 48     | 1    | 1    | -    | -    | -     | 0    | 1    | 
|fp32_mul_pipe | A'*B'             | 24     | 17     | -      | -      | 48     | 1    | 1    | -    | -    | -     | 0    | 0    | 
|fp32_mul_pipe | (PCIN>>17+A'*B')' | 24     | 7      | -      | -      | 48     | 1    | 1    | -    | -    | -     | 0    | 1    | 
|fp32_mul_pipe | A'*B'             | 24     | 17     | -      | -      | 48     | 1    | 1    | -    | -    | -     | 0    | 0    | 
|fp32_mul_pipe | (PCIN>>17+A'*B')' | 24     | 7      | -      | -      | 48     | 1    | 1    | -    | -    | -     | 0    | 1    | 
+--------------+-------------------+--------+--------+--------+--------+--------+------+------+------+------+-------+------+------+


Report BlackBoxes: 
+-+--------------+----------+
| |BlackBox name |Instances |
+-+--------------+----------+
+-+--------------+----------+

Report Cell Usage: 
+------+--------+------+
|      |Cell    |Count |
+------+--------+------+
|1     |CARRY8  |  1536|
|2     |DSP48E2 |    64|
|3     |LUT1    |   241|
|4     |LUT2    | 14783|
|5     |LUT3    |  5278|
|6     |LUT4    | 15313|
|7     |LUT5    | 10621|
|8     |LUT6    | 18351|
|9     |MUXF7   |   898|
|10    |SRL16E  |  6224|
|11    |SRLC32E |     1|
|12    |FDRE    | 39654|
+------+--------+------+

Report Instance Areas: 
+------+-----------------------------------------------+------------------+-------+
|      |Instance                                       |Module            |Cells  |
+------+-----------------------------------------------+------------------+-------+
|1     |top                                            |                  | 112964|
|2     |  u                                            |matmul_rowblock   | 112964|
|3     |    \gen_lanes[0].gen_emit_sum[1].u_emit_add   |fp32_add_pipe     |   1046|
|4     |    \gen_lanes[0].gen_emit_sum[2].u_emit_add   |fp32_add_pipe_0   |    931|
|5     |    \gen_lanes[0].gen_emit_sum[3].u_emit_add   |fp32_add_pipe_1   |    931|
|6     |    \gen_lanes[0].gen_emit_sum[4].u_emit_add   |fp32_add_pipe_2   |    882|
|7     |    \gen_lanes[0].u_acc_add                    |fp32_add_pipe_3   |   1428|
|8     |    \gen_lanes[0].u_reducer                    |matmul_reducer    |   1391|
|9     |      u_combine                                |fp32_mul_pipe_137 |     64|
|10    |      u_contrib                                |fp32_mul_pipe_138 |    159|
|11    |      u_ws                                     |fp16_to_fp32_139  |     10|
|12    |    \gen_lanes[10].gen_emit_sum[1].u_emit_add  |fp32_add_pipe_4   |   1046|
|13    |    \gen_lanes[10].gen_emit_sum[2].u_emit_add  |fp32_add_pipe_5   |    931|
|14    |    \gen_lanes[10].gen_emit_sum[3].u_emit_add  |fp32_add_pipe_6   |    931|
|15    |    \gen_lanes[10].gen_emit_sum[4].u_emit_add  |fp32_add_pipe_7   |    882|
|16    |    \gen_lanes[10].u_acc_add                   |fp32_add_pipe_8   |    899|
|17    |    \gen_lanes[10].u_reducer                   |matmul_reducer_9  |   1293|
|18    |      u_combine                                |fp32_mul_pipe_134 |     64|
|19    |      u_contrib                                |fp32_mul_pipe_135 |     62|
|20    |      u_ws                                     |fp16_to_fp32_136  |     10|
|21    |    \gen_lanes[11].gen_emit_sum[1].u_emit_add  |fp32_add_pipe_10  |   1046|
|22    |    \gen_lanes[11].gen_emit_sum[2].u_emit_add  |fp32_add_pipe_11  |    931|
|23    |    \gen_lanes[11].gen_emit_sum[3].u_emit_add  |fp32_add_pipe_12  |    931|
|24    |    \gen_lanes[11].gen_emit_sum[4].u_emit_add  |fp32_add_pipe_13  |    880|
|25    |    \gen_lanes[11].u_acc_add                   |fp32_add_pipe_14  |    901|
|26    |    \gen_lanes[11].u_reducer                   |matmul_reducer_15 |   1293|
|27    |      u_combine                                |fp32_mul_pipe_131 |     64|
|28    |      u_contrib                                |fp32_mul_pipe_132 |     62|
|29    |      u_ws                                     |fp16_to_fp32_133  |     10|
|30    |    \gen_lanes[12].gen_emit_sum[1].u_emit_add  |fp32_add_pipe_16  |   1046|
|31    |    \gen_lanes[12].gen_emit_sum[2].u_emit_add  |fp32_add_pipe_17  |    931|
|32    |    \gen_lanes[12].gen_emit_sum[3].u_emit_add  |fp32_add_pipe_18  |    931|
|33    |    \gen_lanes[12].gen_emit_sum[4].u_emit_add  |fp32_add_pipe_19  |    880|
|34    |    \gen_lanes[12].u_acc_add                   |fp32_add_pipe_20  |    899|
|35    |    \gen_lanes[12].u_reducer                   |matmul_reducer_21 |   1293|
|36    |      u_combine                                |fp32_mul_pipe_128 |     64|
|37    |      u_contrib                                |fp32_mul_pipe_129 |     62|
|38    |      u_ws                                     |fp16_to_fp32_130  |     10|
|39    |    \gen_lanes[13].gen_emit_sum[1].u_emit_add  |fp32_add_pipe_22  |   1046|
|40    |    \gen_lanes[13].gen_emit_sum[2].u_emit_add  |fp32_add_pipe_23  |    931|
|41    |    \gen_lanes[13].gen_emit_sum[3].u_emit_add  |fp32_add_pipe_24  |    931|
|42    |    \gen_lanes[13].gen_emit_sum[4].u_emit_add  |fp32_add_pipe_25  |    880|
|43    |    \gen_lanes[13].u_acc_add                   |fp32_add_pipe_26  |    899|
|44    |    \gen_lanes[13].u_reducer                   |matmul_reducer_27 |   1293|
|45    |      u_combine                                |fp32_mul_pipe_125 |     64|
|46    |      u_contrib                                |fp32_mul_pipe_126 |     62|
|47    |      u_ws                                     |fp16_to_fp32_127  |     10|
|48    |    \gen_lanes[14].gen_emit_sum[1].u_emit_add  |fp32_add_pipe_28  |   1046|
|49    |    \gen_lanes[14].gen_emit_sum[2].u_emit_add  |fp32_add_pipe_29  |    931|
|50    |    \gen_lanes[14].gen_emit_sum[3].u_emit_add  |fp32_add_pipe_30  |    931|
|51    |    \gen_lanes[14].gen_emit_sum[4].u_emit_add  |fp32_add_pipe_31  |    880|
|52    |    \gen_lanes[14].u_acc_add                   |fp32_add_pipe_32  |    899|
|53    |    \gen_lanes[14].u_reducer                   |matmul_reducer_33 |   1293|
|54    |      u_combine                                |fp32_mul_pipe_122 |     64|
|55    |      u_contrib                                |fp32_mul_pipe_123 |     62|
|56    |      u_ws                                     |fp16_to_fp32_124  |     10|
|57    |    \gen_lanes[15].gen_emit_sum[1].u_emit_add  |fp32_add_pipe_34  |   1046|
|58    |    \gen_lanes[15].gen_emit_sum[2].u_emit_add  |fp32_add_pipe_35  |    931|
|59    |    \gen_lanes[15].gen_emit_sum[3].u_emit_add  |fp32_add_pipe_36  |    931|
|60    |    \gen_lanes[15].gen_emit_sum[4].u_emit_add  |fp32_add_pipe_37  |    882|
|61    |    \gen_lanes[15].u_acc_add                   |fp32_add_pipe_38  |    899|
|62    |    \gen_lanes[15].u_reducer                   |matmul_reducer_39 |   3318|
|63    |      u_combine                                |fp32_mul_pipe_119 |     91|
|64    |      u_contrib                                |fp32_mul_pipe_120 |     62|
|65    |      u_ws                                     |fp16_to_fp32_121  |     10|
|66    |    \gen_lanes[1].gen_emit_sum[1].u_emit_add   |fp32_add_pipe_40  |   1046|
|67    |    \gen_lanes[1].gen_emit_sum[2].u_emit_add   |fp32_add_pipe_41  |    931|
|68    |    \gen_lanes[1].gen_emit_sum[3].u_emit_add   |fp32_add_pipe_42  |    931|
|69    |    \gen_lanes[1].gen_emit_sum[4].u_emit_add   |fp32_add_pipe_43  |    880|
|70    |    \gen_lanes[1].u_acc_add                    |fp32_add_pipe_44  |    899|
|71    |    \gen_lanes[1].u_reducer                    |matmul_reducer_45 |   1293|
|72    |      u_combine                                |fp32_mul_pipe_116 |     64|
|73    |      u_contrib                                |fp32_mul_pipe_117 |     62|
|74    |      u_ws                                     |fp16_to_fp32_118  |     10|
|75    |    \gen_lanes[2].gen_emit_sum[1].u_emit_add   |fp32_add_pipe_46  |   1046|
|76    |    \gen_lanes[2].gen_emit_sum[2].u_emit_add   |fp32_add_pipe_47  |    931|
|77    |    \gen_lanes[2].gen_emit_sum[3].u_emit_add   |fp32_add_pipe_48  |    931|
|78    |    \gen_lanes[2].gen_emit_sum[4].u_emit_add   |fp32_add_pipe_49  |    880|
|79    |    \gen_lanes[2].u_acc_add                    |fp32_add_pipe_50  |    899|
|80    |    \gen_lanes[2].u_reducer                    |matmul_reducer_51 |   1293|
|81    |      u_combine                                |fp32_mul_pipe_113 |     64|
|82    |      u_contrib                                |fp32_mul_pipe_114 |     62|
|83    |      u_ws                                     |fp16_to_fp32_115  |     10|
|84    |    \gen_lanes[3].gen_emit_sum[1].u_emit_add   |fp32_add_pipe_52  |   1046|
|85    |    \gen_lanes[3].gen_emit_sum[2].u_emit_add   |fp32_add_pipe_53  |    931|
|86    |    \gen_lanes[3].gen_emit_sum[3].u_emit_add   |fp32_add_pipe_54  |    931|
|87    |    \gen_lanes[3].gen_emit_sum[4].u_emit_add   |fp32_add_pipe_55  |    882|
|88    |    \gen_lanes[3].u_acc_add                    |fp32_add_pipe_56  |    901|
|89    |    \gen_lanes[3].u_reducer                    |matmul_reducer_57 |   1293|
|90    |      u_combine                                |fp32_mul_pipe_110 |     64|
|91    |      u_contrib                                |fp32_mul_pipe_111 |     62|
|92    |      u_ws                                     |fp16_to_fp32_112  |     10|
|93    |    \gen_lanes[4].gen_emit_sum[1].u_emit_add   |fp32_add_pipe_58  |   1046|
|94    |    \gen_lanes[4].gen_emit_sum[2].u_emit_add   |fp32_add_pipe_59  |    931|
|95    |    \gen_lanes[4].gen_emit_sum[3].u_emit_add   |fp32_add_pipe_60  |    931|
|96    |    \gen_lanes[4].gen_emit_sum[4].u_emit_add   |fp32_add_pipe_61  |    882|
|97    |    \gen_lanes[4].u_acc_add                    |fp32_add_pipe_62  |    899|
|98    |    \gen_lanes[4].u_reducer                    |matmul_reducer_63 |   1293|
|99    |      u_combine                                |fp32_mul_pipe_107 |     64|
|100   |      u_contrib                                |fp32_mul_pipe_108 |     62|
|101   |      u_ws                                     |fp16_to_fp32_109  |     10|
|102   |    \gen_lanes[5].gen_emit_sum[1].u_emit_add   |fp32_add_pipe_64  |   1046|
|103   |    \gen_lanes[5].gen_emit_sum[2].u_emit_add   |fp32_add_pipe_65  |    931|
|104   |    \gen_lanes[5].gen_emit_sum[3].u_emit_add   |fp32_add_pipe_66  |    931|
|105   |    \gen_lanes[5].gen_emit_sum[4].u_emit_add   |fp32_add_pipe_67  |    880|
|106   |    \gen_lanes[5].u_acc_add                    |fp32_add_pipe_68  |    899|
|107   |    \gen_lanes[5].u_reducer                    |matmul_reducer_69 |   1293|
|108   |      u_combine                                |fp32_mul_pipe_104 |     64|
|109   |      u_contrib                                |fp32_mul_pipe_105 |     62|
|110   |      u_ws                                     |fp16_to_fp32_106  |     10|
|111   |    \gen_lanes[6].gen_emit_sum[1].u_emit_add   |fp32_add_pipe_70  |   1046|
|112   |    \gen_lanes[6].gen_emit_sum[2].u_emit_add   |fp32_add_pipe_71  |    931|
|113   |    \gen_lanes[6].gen_emit_sum[3].u_emit_add   |fp32_add_pipe_72  |    931|
|114   |    \gen_lanes[6].gen_emit_sum[4].u_emit_add   |fp32_add_pipe_73  |    882|
|115   |    \gen_lanes[6].u_acc_add                    |fp32_add_pipe_74  |    899|
|116   |    \gen_lanes[6].u_reducer                    |matmul_reducer_75 |   1293|
|117   |      u_combine                                |fp32_mul_pipe_101 |     64|
|118   |      u_contrib                                |fp32_mul_pipe_102 |     62|
|119   |      u_ws                                     |fp16_to_fp32_103  |     10|
|120   |    \gen_lanes[7].gen_emit_sum[1].u_emit_add   |fp32_add_pipe_76  |   1046|
|121   |    \gen_lanes[7].gen_emit_sum[2].u_emit_add   |fp32_add_pipe_77  |    931|
|122   |    \gen_lanes[7].gen_emit_sum[3].u_emit_add   |fp32_add_pipe_78  |    931|
|123   |    \gen_lanes[7].gen_emit_sum[4].u_emit_add   |fp32_add_pipe_79  |    880|
|124   |    \gen_lanes[7].u_acc_add                    |fp32_add_pipe_80  |    899|
|125   |    \gen_lanes[7].u_reducer                    |matmul_reducer_81 |   1293|
|126   |      u_combine                                |fp32_mul_pipe_98  |     64|
|127   |      u_contrib                                |fp32_mul_pipe_99  |     62|
|128   |      u_ws                                     |fp16_to_fp32_100  |     10|
|129   |    \gen_lanes[8].gen_emit_sum[1].u_emit_add   |fp32_add_pipe_82  |   1046|
|130   |    \gen_lanes[8].gen_emit_sum[2].u_emit_add   |fp32_add_pipe_83  |    931|
|131   |    \gen_lanes[8].gen_emit_sum[3].u_emit_add   |fp32_add_pipe_84  |    931|
|132   |    \gen_lanes[8].gen_emit_sum[4].u_emit_add   |fp32_add_pipe_85  |    880|
|133   |    \gen_lanes[8].u_acc_add                    |fp32_add_pipe_86  |    899|
|134   |    \gen_lanes[8].u_reducer                    |matmul_reducer_87 |   1293|
|135   |      u_combine                                |fp32_mul_pipe_95  |     64|
|136   |      u_contrib                                |fp32_mul_pipe_96  |     62|
|137   |      u_ws                                     |fp16_to_fp32_97   |     10|
|138   |    \gen_lanes[9].gen_emit_sum[1].u_emit_add   |fp32_add_pipe_88  |   1046|
|139   |    \gen_lanes[9].gen_emit_sum[2].u_emit_add   |fp32_add_pipe_89  |    931|
|140   |    \gen_lanes[9].gen_emit_sum[3].u_emit_add   |fp32_add_pipe_90  |    931|
|141   |    \gen_lanes[9].gen_emit_sum[4].u_emit_add   |fp32_add_pipe_91  |    880|
|142   |    \gen_lanes[9].u_acc_add                    |fp32_add_pipe_92  |    899|
|143   |    \gen_lanes[9].u_reducer                    |matmul_reducer_93 |   1293|
|144   |      u_combine                                |fp32_mul_pipe     |     64|
|145   |      u_contrib                                |fp32_mul_pipe_94  |     62|
|146   |      u_ws                                     |fp16_to_fp32      |     10|
+------+-----------------------------------------------+------------------+-------+
---------------------------------------------------------------------------------
Finished Writing Synthesis Report : Time (s): cpu = 00:02:05 ; elapsed = 00:02:49 . Memory (MB): peak = 2823.348 ; gain = 2167.949
---------------------------------------------------------------------------------
Synthesis finished with 0 errors, 0 critical warnings and 96 warnings.
Synthesis Optimization Runtime : Time (s): cpu = 00:02:05 ; elapsed = 00:02:50 . Memory (MB): peak = 2823.348 ; gain = 2167.949
Synthesis Optimization Complete : Time (s): cpu = 00:02:05 ; elapsed = 00:02:50 . Memory (MB): peak = 2823.348 ; gain = 2167.949
INFO: [Project 1-571] Translating synthesized netlist
Netlist sorting complete. Time (s): cpu = 00:00:01 ; elapsed = 00:00:00.976 . Memory (MB): peak = 2928.789 ; gain = 0.000
INFO: [Netlist 29-17] Analyzing 2498 Unisim elements for replacement
INFO: [Netlist 29-28] Unisim Transformation completed in 1 CPU seconds
INFO: [Project 1-570] Preparing netlist for logic optimization
INFO: [Opt 31-138] Pushed 0 inverter(s) to 0 load pin(s).
Netlist sorting complete. Time (s): cpu = 00:00:00 ; elapsed = 00:00:00.029 . Memory (MB): peak = 3086.375 ; gain = 0.000
INFO: [Project 1-111] Unisim Transformation Summary:
  A total of 64 instances were transformed.
  DSP48E2 => DSP48E2 (DSP_ALU, DSP_A_B_DATA, DSP_C_DATA, DSP_MULTIPLIER, DSP_M_DATA, DSP_OUTPUT, DSP_PREADD, DSP_PREADD_DATA): 64 instances

Synth Design complete | Checksum: e2123220
INFO: [Common 17-83] Releasing license: Synthesis
130 Infos, 96 Warnings, 0 Critical Warnings and 0 Errors encountered.
synth_design completed successfully
synth_design: Time (s): cpu = 00:02:24 ; elapsed = 00:03:11 . Memory (MB): peak = 3086.375 ; gain = 2438.012
# create_clock -name clk -period $period [get_ports clk]
create_clock: Time (s): cpu = 00:00:09 ; elapsed = 00:00:09 . Memory (MB): peak = 3086.375 ; gain = 0.000
# set_false_path -from [all_inputs]
# set_false_path -to   [all_outputs]
# report_utilization      -file ${outpfx}_util.rpt
# report_timing_summary   -max_paths 5 -file ${outpfx}_timing.rpt
INFO: [Timing 38-35] Done setting XDC timing constraints.
INFO: [Timing 38-91] UpdateTimingParams: Speed grade: -2LV, Temperature grade: C, Delay Type: min_max.
INFO: [Timing 38-191] Multithreading enabled for timing update using a maximum of 2 CPUs
WARNING: [Timing 38-242] The property HD.CLK_SRC of clock port "clk" is not set. In out-of-context mode, this prevents timing estimation for clock delay/skew
Resolution: Set the HD.CLK_SRC property of the out-of-context port to the location of the clock buffer instance in the top-level design
report_timing_summary: Time (s): cpu = 00:00:42 ; elapsed = 00:00:35 . Memory (MB): peak = 4186.133 ; gain = 1099.758
# set luts   [llength [get_cells -hier -quiet -filter {PRIMITIVE_GROUP == LUT}]]
# set carry8 [llength [get_cells -hier -quiet -filter {REF_NAME == CARRY8}]]
# set dsps   [llength [get_cells -hier -quiet -filter {PRIMITIVE_GROUP == DSP || REF_NAME =~ DSP*}]]
# set ffs    [llength [get_cells -hier -quiet -filter {PRIMITIVE_GROUP == REGISTER || PRIMITIVE_SUBGROUP == SDR || REF_NAME =~ FD*}]]
# set wns "n/a"
# set fmax "n/a"
# set paths [get_timing_paths -quiet -max_paths 1 -nworst 1 -setup]
# if {[llength $paths] > 0} {
#     set wns [get_property SLACK [lindex $paths 0]]
#     if {$wns != ""} {
#         set achieved [expr {$period - $wns}]
#         if {$achieved > 0} { set fmax [format "%.1f" [expr {1000.0 / $achieved}]] }
#     }
# }
# puts "RESULT top=$top dsp=$dsps lut=$luts carry8=$carry8 ff=$ffs wns_ns=$wns fmax_mhz=$fmax (period=${period}ns)"
RESULT top=rowblock_ooc dsp=576 lut=0 carry8=1536 ff=39654 wns_ns=0.442 fmax_mhz=345.9 (period=3.333ns)
INFO: [Common 17-206] Exiting Vivado at Sun Jun 21 22:34:24 2026...
