Copyright 1986-2022 Xilinx, Inc. All Rights Reserved. Copyright 2022-2026 Advanced Micro Devices, Inc. All Rights Reserved.
--------------------------------------------------------------------------------------------------------------------------------------------------
| Tool Version      : Vivado v.2025.2.1 (win64) Build 6403652 Thu Mar 19 19:48:24 GMT 2026
| Date              : Sun Jun 21 22:34:23 2026
| Host              : ANGELVIERA7B7F running 64-bit major release  (build 9200)
| Command           : report_timing_summary -max_paths 5 -file base_timing.rpt
| Design            : rowblock_ooc
| Device            : xck26-sfvc784
| Speed File        : -2LV  PRODUCTION 1.31 12-08-2025
| Design State      : Synthesized
| Temperature Grade : C
--------------------------------------------------------------------------------------------------------------------------------------------------

Timing Summary Report

------------------------------------------------------------------------------------------------
| Timer Settings
| --------------
------------------------------------------------------------------------------------------------

  Enable Multi Corner Analysis               :  Yes
  Enable Pessimism Removal                   :  Yes
  Pessimism Removal Resolution               :  Nearest Common Node
  Enable Input Delay Default Clock           :  No
  Enable Preset / Clear Arcs                 :  No
  Disable Flight Delays                      :  No
  Ignore I/O Paths                           :  No
  Timing Early Launch at Borrowing Latches   :  No
  Borrow Time for Max Delay Exceptions       :  Yes
  Merge Timing Exceptions                    :  Yes
  Inter-SLR Compensation                     :  Conservative

  Corner  Analyze    Analyze    
  Name    Max Paths  Min Paths  
  ------  ---------  ---------  
  Slow    Yes        Yes        
  Fast    Yes        Yes        


------------------------------------------------------------------------------------------------
| Report Methodology
| ------------------
------------------------------------------------------------------------------------------------

No report available as report_methodology has not been run prior. Run report_methodology on the current design for the summary of methodology violations.



check_timing report

Table of Contents
-----------------
1. checking no_clock (0)
2. checking constant_clock (0)
3. checking pulse_width_clock (0)
4. checking unconstrained_internal_endpoints (0)
5. checking no_input_delay (1048)
6. checking no_output_delay (513)
7. checking multiple_clock (0)
8. checking generated_clocks (0)
9. checking loops (0)
10. checking partial_input_delay (0)
11. checking partial_output_delay (0)
12. checking latch_loops (0)

1. checking no_clock (0)
------------------------
 There are 0 register/latch pins with no clock.


2. checking constant_clock (0)
------------------------------
 There are 0 register/latch pins with constant_clock.


3. checking pulse_width_clock (0)
---------------------------------
 There are 0 register/latch pins which need pulse_width check


4. checking unconstrained_internal_endpoints (0)
------------------------------------------------
 There are 0 pins that are not constrained for maximum delay.

 There are 0 pins that are not constrained for maximum delay due to constant clock.


5. checking no_input_delay (1048)
---------------------------------
 There are 0 input ports with no input delay specified.

 There are 1048 input ports with no input delay but user has a false path constraint. (MEDIUM)


6. checking no_output_delay (513)
---------------------------------
 There are 0 ports with no output delay specified.

 There are 513 ports with no output delay but user has a false path constraint (MEDIUM)

 There are 0 ports with no output delay but with a timing clock defined on it or propagating through it


7. checking multiple_clock (0)
------------------------------
 There are 0 register/latch pins with multiple clocks.


8. checking generated_clocks (0)
--------------------------------
 There are 0 generated clocks that are not connected to a clock source.


9. checking loops (0)
---------------------
 There are 0 combinational loops in the design.


10. checking partial_input_delay (0)
------------------------------------
 There are 0 input ports with partial input delay specified.


11. checking partial_output_delay (0)
-------------------------------------
 There are 0 ports with partial output delay specified.


12. checking latch_loops (0)
----------------------------
 There are 0 combinational latch loops in the design through latch input



------------------------------------------------------------------------------------------------
| Design Timing Summary
| ---------------------
------------------------------------------------------------------------------------------------

    WNS(ns)      TNS(ns)  TNS Failing Endpoints  TNS Total Endpoints      WHS(ns)      THS(ns)  THS Failing Endpoints  THS Total Endpoints     WPWS(ns)     TPWS(ns)  TPWS Failing Endpoints  TPWS Total Endpoints  
    -------      -------  ---------------------  -------------------      -------      -------  ---------------------  -------------------     --------     --------  ----------------------  --------------------  
      0.442        0.000                      0                58202        0.107        0.000                      0                58202        0.904        0.000                       0                 45911  


All user specified timing constraints are met.


------------------------------------------------------------------------------------------------
| Clock Summary
| -------------
------------------------------------------------------------------------------------------------

Clock  Waveform(ns)         Period(ns)      Frequency(MHz)
-----  ------------         ----------      --------------
clk    {0.000 1.666}        3.333           300.030         


------------------------------------------------------------------------------------------------
| Intra Clock Table
| -----------------
------------------------------------------------------------------------------------------------

Clock             WNS(ns)      TNS(ns)  TNS Failing Endpoints  TNS Total Endpoints      WHS(ns)      THS(ns)  THS Failing Endpoints  THS Total Endpoints     WPWS(ns)     TPWS(ns)  TPWS Failing Endpoints  TPWS Total Endpoints  
-----             -------      -------  ---------------------  -------------------      -------      -------  ---------------------  -------------------     --------     --------  ----------------------  --------------------  
clk                 0.442        0.000                      0                58202        0.107        0.000                      0                58202        0.904        0.000                       0                 45911  


------------------------------------------------------------------------------------------------
| Inter Clock Table
| -----------------
------------------------------------------------------------------------------------------------

From Clock    To Clock          WNS(ns)      TNS(ns)  TNS Failing Endpoints  TNS Total Endpoints      WHS(ns)      THS(ns)  THS Failing Endpoints  THS Total Endpoints  
----------    --------          -------      -------  ---------------------  -------------------      -------      -------  ---------------------  -------------------  


------------------------------------------------------------------------------------------------
| Other Path Groups Table
| -----------------------
------------------------------------------------------------------------------------------------

Path Group    From Clock    To Clock          WNS(ns)      TNS(ns)  TNS Failing Endpoints  TNS Total Endpoints      WHS(ns)      THS(ns)  THS Failing Endpoints  THS Total Endpoints  
----------    ----------    --------          -------      -------  ---------------------  -------------------      -------      -------  ---------------------  -------------------  


------------------------------------------------------------------------------------------------
| Timing Details
| --------------
------------------------------------------------------------------------------------------------


---------------------------------------------------------------------------------------------------
From Clock:  clk
  To Clock:  clk

Setup :            0  Failing Endpoints,  Worst Slack        0.442ns,  Total Violation        0.000ns
Hold  :            0  Failing Endpoints,  Worst Slack        0.107ns,  Total Violation        0.000ns
PW    :            0  Failing Endpoints,  Worst Slack        0.904ns,  Total Violation        0.000ns
---------------------------------------------------------------------------------------------------


Max Delay Paths
--------------------------------------------------------------------------------------
Slack (MET) :             0.442ns  (required time - arrival time)
  Source:                 u/gen_lanes[0].u_reducer/u_combine/prod_s00/DSP_A_B_DATA_INST/CLK
                            (rising edge-triggered cell DSP_A_B_DATA clocked by clk  {rise@0.000ns fall@1.666ns period=3.333ns})
  Destination:            u/gen_lanes[0].u_reducer/u_combine/prod_s0_reg/DSP_OUTPUT_INST/ALU_OUT[0]
                            (rising edge-triggered cell DSP_OUTPUT clocked by clk  {rise@0.000ns fall@1.666ns period=3.333ns})
  Path Group:             clk
  Path Type:              Setup (Max at Slow Process Corner)
  Requirement:            3.333ns  (clk rise@3.333ns - clk rise@0.000ns)
  Data Path Delay:        2.848ns  (logic 2.834ns (99.508%)  route 0.014ns (0.492%))
  Logic Levels:           6  (DSP_ALU=2 DSP_M_DATA=1 DSP_MULTIPLIER=1 DSP_OUTPUT=1 DSP_PREADD_DATA=1)
  Clock Path Skew:        -0.022ns (DCD - SCD + CPR)
    Destination Clock Delay (DCD):    0.055ns = ( 3.388 - 3.333 ) 
    Source Clock Delay      (SCD):    0.077ns
    Clock Pessimism Removal (CPR):    0.000ns
  Clock Uncertainty:      0.035ns  ((TSJ^2 + TIJ^2)^1/2 + DJ) / 2 + PE
    Total System Jitter     (TSJ):    0.071ns
    Total Input Jitter      (TIJ):    0.000ns
    Discrete Jitter          (DJ):    0.000ns
    Phase Error              (PE):    0.000ns

    Location             Delay type                Incr(ns)  Path(ns)    Netlist Resource(s)
  -------------------------------------------------------------------    -------------------
                         (clock clk rise edge)        0.000     0.000 r  
                                                      0.000     0.000 r  clk (IN)
                         net (fo=46262, unset)        0.077     0.077    u/gen_lanes[0].u_reducer/u_combine/prod_s00/CLK
                         DSP_A_B_DATA                                 r  u/gen_lanes[0].u_reducer/u_combine/prod_s00/DSP_A_B_DATA_INST/CLK
  -------------------------------------------------------------------    -------------------
                         DSP_A_B_DATA (Prop_DSP_A_B_DATA_CLK_B2_DATA[17])
                                                      0.264     0.341 r  u/gen_lanes[0].u_reducer/u_combine/prod_s00/DSP_A_B_DATA_INST/B2_DATA[17]
                         net (fo=1, unplaced)         0.000     0.341    u/gen_lanes[0].u_reducer/u_combine/prod_s00/DSP_A_B_DATA.B2_DATA<17>
                         DSP_PREADD_DATA (Prop_DSP_PREADD_DATA_B2_DATA[17]_B2B1[17])
                                                      0.097     0.438 r  u/gen_lanes[0].u_reducer/u_combine/prod_s00/DSP_PREADD_DATA_INST/B2B1[17]
                         net (fo=1, unplaced)         0.000     0.438    u/gen_lanes[0].u_reducer/u_combine/prod_s00/DSP_PREADD_DATA.B2B1<17>
                         DSP_MULTIPLIER (Prop_DSP_MULTIPLIER_B2B1[17]_U[43])
                                                      0.773     1.211 f  u/gen_lanes[0].u_reducer/u_combine/prod_s00/DSP_MULTIPLIER_INST/U[43]
                         net (fo=1, unplaced)         0.000     1.211    u/gen_lanes[0].u_reducer/u_combine/prod_s00/DSP_MULTIPLIER.U<43>
                         DSP_M_DATA (Prop_DSP_M_DATA_U[43]_U_DATA[43])
                                                      0.067     1.278 r  u/gen_lanes[0].u_reducer/u_combine/prod_s00/DSP_M_DATA_INST/U_DATA[43]
                         net (fo=1, unplaced)         0.000     1.278    u/gen_lanes[0].u_reducer/u_combine/prod_s00/DSP_M_DATA.U_DATA<43>
                         DSP_ALU (Prop_DSP_ALU_U_DATA[43]_ALU_OUT[47])
                                                      0.727     2.005 f  u/gen_lanes[0].u_reducer/u_combine/prod_s00/DSP_ALU_INST/ALU_OUT[47]
                         net (fo=1, unplaced)         0.000     2.005    u/gen_lanes[0].u_reducer/u_combine/prod_s00/DSP_ALU.ALU_OUT<47>
                         DSP_OUTPUT (Prop_DSP_OUTPUT_ALU_OUT[47]_PCOUT[47])
                                                      0.167     2.172 r  u/gen_lanes[0].u_reducer/u_combine/prod_s00/DSP_OUTPUT_INST/PCOUT[47]
                         net (fo=1, unplaced)         0.014     2.186    u/gen_lanes[0].u_reducer/u_combine/prod_s0_reg/PCIN[47]
                         DSP_ALU (Prop_DSP_ALU_PCIN[47]_ALU_OUT[0])
                                                      0.739     2.925 r  u/gen_lanes[0].u_reducer/u_combine/prod_s0_reg/DSP_ALU_INST/ALU_OUT[0]
                         net (fo=1, unplaced)         0.000     2.925    u/gen_lanes[0].u_reducer/u_combine/prod_s0_reg/DSP_ALU.ALU_OUT<0>
                         DSP_OUTPUT                                   r  u/gen_lanes[0].u_reducer/u_combine/prod_s0_reg/DSP_OUTPUT_INST/ALU_OUT[0]
  -------------------------------------------------------------------    -------------------

                         (clock clk rise edge)        3.333     3.333 r  
                                                      0.000     3.333 r  clk (IN)
                         net (fo=46262, unset)        0.055     3.388    u/gen_lanes[0].u_reducer/u_combine/prod_s0_reg/CLK
                         DSP_OUTPUT                                   r  u/gen_lanes[0].u_reducer/u_combine/prod_s0_reg/DSP_OUTPUT_INST/CLK
                         clock pessimism              0.000     3.388    
                         clock uncertainty           -0.035     3.353    
                         DSP_OUTPUT (Setup_DSP_OUTPUT_CLK_ALU_OUT[0])
                                                      0.014     3.367    u/gen_lanes[0].u_reducer/u_combine/prod_s0_reg/DSP_OUTPUT_INST
  -------------------------------------------------------------------
                         required time                          3.367    
                         arrival time                          -2.925    
  -------------------------------------------------------------------
                         slack                                  0.442    

Slack (MET) :             0.442ns  (required time - arrival time)
  Source:                 u/gen_lanes[0].u_reducer/u_combine/prod_s00/DSP_A_B_DATA_INST/CLK
                            (rising edge-triggered cell DSP_A_B_DATA clocked by clk  {rise@0.000ns fall@1.666ns period=3.333ns})
  Destination:            u/gen_lanes[0].u_reducer/u_combine/prod_s0_reg/DSP_OUTPUT_INST/ALU_OUT[10]
                            (rising edge-triggered cell DSP_OUTPUT clocked by clk  {rise@0.000ns fall@1.666ns period=3.333ns})
  Path Group:             clk
  Path Type:              Setup (Max at Slow Process Corner)
  Requirement:            3.333ns  (clk rise@3.333ns - clk rise@0.000ns)
  Data Path Delay:        2.848ns  (logic 2.834ns (99.508%)  route 0.014ns (0.492%))
  Logic Levels:           6  (DSP_ALU=2 DSP_M_DATA=1 DSP_MULTIPLIER=1 DSP_OUTPUT=1 DSP_PREADD_DATA=1)
  Clock Path Skew:        -0.022ns (DCD - SCD + CPR)
    Destination Clock Delay (DCD):    0.055ns = ( 3.388 - 3.333 ) 
    Source Clock Delay      (SCD):    0.077ns
    Clock Pessimism Removal (CPR):    0.000ns
  Clock Uncertainty:      0.035ns  ((TSJ^2 + TIJ^2)^1/2 + DJ) / 2 + PE
    Total System Jitter     (TSJ):    0.071ns
    Total Input Jitter      (TIJ):    0.000ns
    Discrete Jitter          (DJ):    0.000ns
    Phase Error              (PE):    0.000ns

    Location             Delay type                Incr(ns)  Path(ns)    Netlist Resource(s)
  -------------------------------------------------------------------    -------------------
                         (clock clk rise edge)        0.000     0.000 r  
                                                      0.000     0.000 r  clk (IN)
                         net (fo=46262, unset)        0.077     0.077    u/gen_lanes[0].u_reducer/u_combine/prod_s00/CLK
                         DSP_A_B_DATA                                 r  u/gen_lanes[0].u_reducer/u_combine/prod_s00/DSP_A_B_DATA_INST/CLK
  -------------------------------------------------------------------    -------------------
                         DSP_A_B_DATA (Prop_DSP_A_B_DATA_CLK_B2_DATA[17])
                                                      0.264     0.341 r  u/gen_lanes[0].u_reducer/u_combine/prod_s00/DSP_A_B_DATA_INST/B2_DATA[17]
                         net (fo=1, unplaced)         0.000     0.341    u/gen_lanes[0].u_reducer/u_combine/prod_s00/DSP_A_B_DATA.B2_DATA<17>
                         DSP_PREADD_DATA (Prop_DSP_PREADD_DATA_B2_DATA[17]_B2B1[17])
                                                      0.097     0.438 r  u/gen_lanes[0].u_reducer/u_combine/prod_s00/DSP_PREADD_DATA_INST/B2B1[17]
                         net (fo=1, unplaced)         0.000     0.438    u/gen_lanes[0].u_reducer/u_combine/prod_s00/DSP_PREADD_DATA.B2B1<17>
                         DSP_MULTIPLIER (Prop_DSP_MULTIPLIER_B2B1[17]_U[43])
                                                      0.773     1.211 f  u/gen_lanes[0].u_reducer/u_combine/prod_s00/DSP_MULTIPLIER_INST/U[43]
                         net (fo=1, unplaced)         0.000     1.211    u/gen_lanes[0].u_reducer/u_combine/prod_s00/DSP_MULTIPLIER.U<43>
                         DSP_M_DATA (Prop_DSP_M_DATA_U[43]_U_DATA[43])
                                                      0.067     1.278 r  u/gen_lanes[0].u_reducer/u_combine/prod_s00/DSP_M_DATA_INST/U_DATA[43]
                         net (fo=1, unplaced)         0.000     1.278    u/gen_lanes[0].u_reducer/u_combine/prod_s00/DSP_M_DATA.U_DATA<43>
                         DSP_ALU (Prop_DSP_ALU_U_DATA[43]_ALU_OUT[47])
                                                      0.727     2.005 f  u/gen_lanes[0].u_reducer/u_combine/prod_s00/DSP_ALU_INST/ALU_OUT[47]
                         net (fo=1, unplaced)         0.000     2.005    u/gen_lanes[0].u_reducer/u_combine/prod_s00/DSP_ALU.ALU_OUT<47>
                         DSP_OUTPUT (Prop_DSP_OUTPUT_ALU_OUT[47]_PCOUT[47])
                                                      0.167     2.172 r  u/gen_lanes[0].u_reducer/u_combine/prod_s00/DSP_OUTPUT_INST/PCOUT[47]
                         net (fo=1, unplaced)         0.014     2.186    u/gen_lanes[0].u_reducer/u_combine/prod_s0_reg/PCIN[47]
                         DSP_ALU (Prop_DSP_ALU_PCIN[47]_ALU_OUT[10])
                                                      0.739     2.925 r  u/gen_lanes[0].u_reducer/u_combine/prod_s0_reg/DSP_ALU_INST/ALU_OUT[10]
                         net (fo=1, unplaced)         0.000     2.925    u/gen_lanes[0].u_reducer/u_combine/prod_s0_reg/DSP_ALU.ALU_OUT<10>
                         DSP_OUTPUT                                   r  u/gen_lanes[0].u_reducer/u_combine/prod_s0_reg/DSP_OUTPUT_INST/ALU_OUT[10]
  -------------------------------------------------------------------    -------------------

                         (clock clk rise edge)        3.333     3.333 r  
                                                      0.000     3.333 r  clk (IN)
                         net (fo=46262, unset)        0.055     3.388    u/gen_lanes[0].u_reducer/u_combine/prod_s0_reg/CLK
                         DSP_OUTPUT                                   r  u/gen_lanes[0].u_reducer/u_combine/prod_s0_reg/DSP_OUTPUT_INST/CLK
                         clock pessimism              0.000     3.388    
                         clock uncertainty           -0.035     3.353    
                         DSP_OUTPUT (Setup_DSP_OUTPUT_CLK_ALU_OUT[10])
                                                      0.014     3.367    u/gen_lanes[0].u_reducer/u_combine/prod_s0_reg/DSP_OUTPUT_INST
  -------------------------------------------------------------------
                         required time                          3.367    
                         arrival time                          -2.925    
  -------------------------------------------------------------------
                         slack                                  0.442    

Slack (MET) :             0.442ns  (required time - arrival time)
  Source:                 u/gen_lanes[0].u_reducer/u_combine/prod_s00/DSP_A_B_DATA_INST/CLK
                            (rising edge-triggered cell DSP_A_B_DATA clocked by clk  {rise@0.000ns fall@1.666ns period=3.333ns})
  Destination:            u/gen_lanes[0].u_reducer/u_combine/prod_s0_reg/DSP_OUTPUT_INST/ALU_OUT[11]
                            (rising edge-triggered cell DSP_OUTPUT clocked by clk  {rise@0.000ns fall@1.666ns period=3.333ns})
  Path Group:             clk
  Path Type:              Setup (Max at Slow Process Corner)
  Requirement:            3.333ns  (clk rise@3.333ns - clk rise@0.000ns)
  Data Path Delay:        2.848ns  (logic 2.834ns (99.508%)  route 0.014ns (0.492%))
  Logic Levels:           6  (DSP_ALU=2 DSP_M_DATA=1 DSP_MULTIPLIER=1 DSP_OUTPUT=1 DSP_PREADD_DATA=1)
  Clock Path Skew:        -0.022ns (DCD - SCD + CPR)
    Destination Clock Delay (DCD):    0.055ns = ( 3.388 - 3.333 ) 
    Source Clock Delay      (SCD):    0.077ns
    Clock Pessimism Removal (CPR):    0.000ns
  Clock Uncertainty:      0.035ns  ((TSJ^2 + TIJ^2)^1/2 + DJ) / 2 + PE
    Total System Jitter     (TSJ):    0.071ns
    Total Input Jitter      (TIJ):    0.000ns
    Discrete Jitter          (DJ):    0.000ns
    Phase Error              (PE):    0.000ns

    Location             Delay type                Incr(ns)  Path(ns)    Netlist Resource(s)
  -------------------------------------------------------------------    -------------------
                         (clock clk rise edge)        0.000     0.000 r  
                                                      0.000     0.000 r  clk (IN)
                         net (fo=46262, unset)        0.077     0.077    u/gen_lanes[0].u_reducer/u_combine/prod_s00/CLK
                         DSP_A_B_DATA                                 r  u/gen_lanes[0].u_reducer/u_combine/prod_s00/DSP_A_B_DATA_INST/CLK
  -------------------------------------------------------------------    -------------------
                         DSP_A_B_DATA (Prop_DSP_A_B_DATA_CLK_B2_DATA[17])
                                                      0.264     0.341 r  u/gen_lanes[0].u_reducer/u_combine/prod_s00/DSP_A_B_DATA_INST/B2_DATA[17]
                         net (fo=1, unplaced)         0.000     0.341    u/gen_lanes[0].u_reducer/u_combine/prod_s00/DSP_A_B_DATA.B2_DATA<17>
                         DSP_PREADD_DATA (Prop_DSP_PREADD_DATA_B2_DATA[17]_B2B1[17])
                                                      0.097     0.438 r  u/gen_lanes[0].u_reducer/u_combine/prod_s00/DSP_PREADD_DATA_INST/B2B1[17]
                         net (fo=1, unplaced)         0.000     0.438    u/gen_lanes[0].u_reducer/u_combine/prod_s00/DSP_PREADD_DATA.B2B1<17>
                         DSP_MULTIPLIER (Prop_DSP_MULTIPLIER_B2B1[17]_U[43])
                                                      0.773     1.211 f  u/gen_lanes[0].u_reducer/u_combine/prod_s00/DSP_MULTIPLIER_INST/U[43]
                         net (fo=1, unplaced)         0.000     1.211    u/gen_lanes[0].u_reducer/u_combine/prod_s00/DSP_MULTIPLIER.U<43>
                         DSP_M_DATA (Prop_DSP_M_DATA_U[43]_U_DATA[43])
                                                      0.067     1.278 r  u/gen_lanes[0].u_reducer/u_combine/prod_s00/DSP_M_DATA_INST/U_DATA[43]
                         net (fo=1, unplaced)         0.000     1.278    u/gen_lanes[0].u_reducer/u_combine/prod_s00/DSP_M_DATA.U_DATA<43>
                         DSP_ALU (Prop_DSP_ALU_U_DATA[43]_ALU_OUT[47])
                                                      0.727     2.005 f  u/gen_lanes[0].u_reducer/u_combine/prod_s00/DSP_ALU_INST/ALU_OUT[47]
                         net (fo=1, unplaced)         0.000     2.005    u/gen_lanes[0].u_reducer/u_combine/prod_s00/DSP_ALU.ALU_OUT<47>
                         DSP_OUTPUT (Prop_DSP_OUTPUT_ALU_OUT[47]_PCOUT[47])
                                                      0.167     2.172 r  u/gen_lanes[0].u_reducer/u_combine/prod_s00/DSP_OUTPUT_INST/PCOUT[47]
                         net (fo=1, unplaced)         0.014     2.186    u/gen_lanes[0].u_reducer/u_combine/prod_s0_reg/PCIN[47]
                         DSP_ALU (Prop_DSP_ALU_PCIN[47]_ALU_OUT[11])
                                                      0.739     2.925 r  u/gen_lanes[0].u_reducer/u_combine/prod_s0_reg/DSP_ALU_INST/ALU_OUT[11]
                         net (fo=1, unplaced)         0.000     2.925    u/gen_lanes[0].u_reducer/u_combine/prod_s0_reg/DSP_ALU.ALU_OUT<11>
                         DSP_OUTPUT                                   r  u/gen_lanes[0].u_reducer/u_combine/prod_s0_reg/DSP_OUTPUT_INST/ALU_OUT[11]
  -------------------------------------------------------------------    -------------------

                         (clock clk rise edge)        3.333     3.333 r  
                                                      0.000     3.333 r  clk (IN)
                         net (fo=46262, unset)        0.055     3.388    u/gen_lanes[0].u_reducer/u_combine/prod_s0_reg/CLK
                         DSP_OUTPUT                                   r  u/gen_lanes[0].u_reducer/u_combine/prod_s0_reg/DSP_OUTPUT_INST/CLK
                         clock pessimism              0.000     3.388    
                         clock uncertainty           -0.035     3.353    
                         DSP_OUTPUT (Setup_DSP_OUTPUT_CLK_ALU_OUT[11])
                                                      0.014     3.367    u/gen_lanes[0].u_reducer/u_combine/prod_s0_reg/DSP_OUTPUT_INST
  -------------------------------------------------------------------
                         required time                          3.367    
                         arrival time                          -2.925    
  -------------------------------------------------------------------
                         slack                                  0.442    

Slack (MET) :             0.442ns  (required time - arrival time)
  Source:                 u/gen_lanes[0].u_reducer/u_combine/prod_s00/DSP_A_B_DATA_INST/CLK
                            (rising edge-triggered cell DSP_A_B_DATA clocked by clk  {rise@0.000ns fall@1.666ns period=3.333ns})
  Destination:            u/gen_lanes[0].u_reducer/u_combine/prod_s0_reg/DSP_OUTPUT_INST/ALU_OUT[12]
                            (rising edge-triggered cell DSP_OUTPUT clocked by clk  {rise@0.000ns fall@1.666ns period=3.333ns})
  Path Group:             clk
  Path Type:              Setup (Max at Slow Process Corner)
  Requirement:            3.333ns  (clk rise@3.333ns - clk rise@0.000ns)
  Data Path Delay:        2.848ns  (logic 2.834ns (99.508%)  route 0.014ns (0.492%))
  Logic Levels:           6  (DSP_ALU=2 DSP_M_DATA=1 DSP_MULTIPLIER=1 DSP_OUTPUT=1 DSP_PREADD_DATA=1)
  Clock Path Skew:        -0.022ns (DCD - SCD + CPR)
    Destination Clock Delay (DCD):    0.055ns = ( 3.388 - 3.333 ) 
    Source Clock Delay      (SCD):    0.077ns
    Clock Pessimism Removal (CPR):    0.000ns
  Clock Uncertainty:      0.035ns  ((TSJ^2 + TIJ^2)^1/2 + DJ) / 2 + PE
    Total System Jitter     (TSJ):    0.071ns
    Total Input Jitter      (TIJ):    0.000ns
    Discrete Jitter          (DJ):    0.000ns
    Phase Error              (PE):    0.000ns

    Location             Delay type                Incr(ns)  Path(ns)    Netlist Resource(s)
  -------------------------------------------------------------------    -------------------
                         (clock clk rise edge)        0.000     0.000 r  
                                                      0.000     0.000 r  clk (IN)
                         net (fo=46262, unset)        0.077     0.077    u/gen_lanes[0].u_reducer/u_combine/prod_s00/CLK
                         DSP_A_B_DATA                                 r  u/gen_lanes[0].u_reducer/u_combine/prod_s00/DSP_A_B_DATA_INST/CLK
  -------------------------------------------------------------------    -------------------
                         DSP_A_B_DATA (Prop_DSP_A_B_DATA_CLK_B2_DATA[17])
                                                      0.264     0.341 r  u/gen_lanes[0].u_reducer/u_combine/prod_s00/DSP_A_B_DATA_INST/B2_DATA[17]
                         net (fo=1, unplaced)         0.000     0.341    u/gen_lanes[0].u_reducer/u_combine/prod_s00/DSP_A_B_DATA.B2_DATA<17>
                         DSP_PREADD_DATA (Prop_DSP_PREADD_DATA_B2_DATA[17]_B2B1[17])
                                                      0.097     0.438 r  u/gen_lanes[0].u_reducer/u_combine/prod_s00/DSP_PREADD_DATA_INST/B2B1[17]
                         net (fo=1, unplaced)         0.000     0.438    u/gen_lanes[0].u_reducer/u_combine/prod_s00/DSP_PREADD_DATA.B2B1<17>
                         DSP_MULTIPLIER (Prop_DSP_MULTIPLIER_B2B1[17]_U[43])
                                                      0.773     1.211 f  u/gen_lanes[0].u_reducer/u_combine/prod_s00/DSP_MULTIPLIER_INST/U[43]
                         net (fo=1, unplaced)         0.000     1.211    u/gen_lanes[0].u_reducer/u_combine/prod_s00/DSP_MULTIPLIER.U<43>
                         DSP_M_DATA (Prop_DSP_M_DATA_U[43]_U_DATA[43])
                                                      0.067     1.278 r  u/gen_lanes[0].u_reducer/u_combine/prod_s00/DSP_M_DATA_INST/U_DATA[43]
                         net (fo=1, unplaced)         0.000     1.278    u/gen_lanes[0].u_reducer/u_combine/prod_s00/DSP_M_DATA.U_DATA<43>
                         DSP_ALU (Prop_DSP_ALU_U_DATA[43]_ALU_OUT[47])
                                                      0.727     2.005 f  u/gen_lanes[0].u_reducer/u_combine/prod_s00/DSP_ALU_INST/ALU_OUT[47]
                         net (fo=1, unplaced)         0.000     2.005    u/gen_lanes[0].u_reducer/u_combine/prod_s00/DSP_ALU.ALU_OUT<47>
                         DSP_OUTPUT (Prop_DSP_OUTPUT_ALU_OUT[47]_PCOUT[47])
                                                      0.167     2.172 r  u/gen_lanes[0].u_reducer/u_combine/prod_s00/DSP_OUTPUT_INST/PCOUT[47]
                         net (fo=1, unplaced)         0.014     2.186    u/gen_lanes[0].u_reducer/u_combine/prod_s0_reg/PCIN[47]
                         DSP_ALU (Prop_DSP_ALU_PCIN[47]_ALU_OUT[12])
                                                      0.739     2.925 r  u/gen_lanes[0].u_reducer/u_combine/prod_s0_reg/DSP_ALU_INST/ALU_OUT[12]
                         net (fo=1, unplaced)         0.000     2.925    u/gen_lanes[0].u_reducer/u_combine/prod_s0_reg/DSP_ALU.ALU_OUT<12>
                         DSP_OUTPUT                                   r  u/gen_lanes[0].u_reducer/u_combine/prod_s0_reg/DSP_OUTPUT_INST/ALU_OUT[12]
  -------------------------------------------------------------------    -------------------

                         (clock clk rise edge)        3.333     3.333 r  
                                                      0.000     3.333 r  clk (IN)
                         net (fo=46262, unset)        0.055     3.388    u/gen_lanes[0].u_reducer/u_combine/prod_s0_reg/CLK
                         DSP_OUTPUT                                   r  u/gen_lanes[0].u_reducer/u_combine/prod_s0_reg/DSP_OUTPUT_INST/CLK
                         clock pessimism              0.000     3.388    
                         clock uncertainty           -0.035     3.353    
                         DSP_OUTPUT (Setup_DSP_OUTPUT_CLK_ALU_OUT[12])
                                                      0.014     3.367    u/gen_lanes[0].u_reducer/u_combine/prod_s0_reg/DSP_OUTPUT_INST
  -------------------------------------------------------------------
                         required time                          3.367    
                         arrival time                          -2.925    
  -------------------------------------------------------------------
                         slack                                  0.442    

Slack (MET) :             0.442ns  (required time - arrival time)
  Source:                 u/gen_lanes[0].u_reducer/u_combine/prod_s00/DSP_A_B_DATA_INST/CLK
                            (rising edge-triggered cell DSP_A_B_DATA clocked by clk  {rise@0.000ns fall@1.666ns period=3.333ns})
  Destination:            u/gen_lanes[0].u_reducer/u_combine/prod_s0_reg/DSP_OUTPUT_INST/ALU_OUT[13]
                            (rising edge-triggered cell DSP_OUTPUT clocked by clk  {rise@0.000ns fall@1.666ns period=3.333ns})
  Path Group:             clk
  Path Type:              Setup (Max at Slow Process Corner)
  Requirement:            3.333ns  (clk rise@3.333ns - clk rise@0.000ns)
  Data Path Delay:        2.848ns  (logic 2.834ns (99.508%)  route 0.014ns (0.492%))
  Logic Levels:           6  (DSP_ALU=2 DSP_M_DATA=1 DSP_MULTIPLIER=1 DSP_OUTPUT=1 DSP_PREADD_DATA=1)
  Clock Path Skew:        -0.022ns (DCD - SCD + CPR)
    Destination Clock Delay (DCD):    0.055ns = ( 3.388 - 3.333 ) 
    Source Clock Delay      (SCD):    0.077ns
    Clock Pessimism Removal (CPR):    0.000ns
  Clock Uncertainty:      0.035ns  ((TSJ^2 + TIJ^2)^1/2 + DJ) / 2 + PE
    Total System Jitter     (TSJ):    0.071ns
    Total Input Jitter      (TIJ):    0.000ns
    Discrete Jitter          (DJ):    0.000ns
    Phase Error              (PE):    0.000ns

    Location             Delay type                Incr(ns)  Path(ns)    Netlist Resource(s)
  -------------------------------------------------------------------    -------------------
                         (clock clk rise edge)        0.000     0.000 r  
                                                      0.000     0.000 r  clk (IN)
                         net (fo=46262, unset)        0.077     0.077    u/gen_lanes[0].u_reducer/u_combine/prod_s00/CLK
                         DSP_A_B_DATA                                 r  u/gen_lanes[0].u_reducer/u_combine/prod_s00/DSP_A_B_DATA_INST/CLK
  -------------------------------------------------------------------    -------------------
                         DSP_A_B_DATA (Prop_DSP_A_B_DATA_CLK_B2_DATA[17])
                                                      0.264     0.341 r  u/gen_lanes[0].u_reducer/u_combine/prod_s00/DSP_A_B_DATA_INST/B2_DATA[17]
                         net (fo=1, unplaced)         0.000     0.341    u/gen_lanes[0].u_reducer/u_combine/prod_s00/DSP_A_B_DATA.B2_DATA<17>
                         DSP_PREADD_DATA (Prop_DSP_PREADD_DATA_B2_DATA[17]_B2B1[17])
                                                      0.097     0.438 r  u/gen_lanes[0].u_reducer/u_combine/prod_s00/DSP_PREADD_DATA_INST/B2B1[17]
                         net (fo=1, unplaced)         0.000     0.438    u/gen_lanes[0].u_reducer/u_combine/prod_s00/DSP_PREADD_DATA.B2B1<17>
                         DSP_MULTIPLIER (Prop_DSP_MULTIPLIER_B2B1[17]_U[43])
                                                      0.773     1.211 f  u/gen_lanes[0].u_reducer/u_combine/prod_s00/DSP_MULTIPLIER_INST/U[43]
                         net (fo=1, unplaced)         0.000     1.211    u/gen_lanes[0].u_reducer/u_combine/prod_s00/DSP_MULTIPLIER.U<43>
                         DSP_M_DATA (Prop_DSP_M_DATA_U[43]_U_DATA[43])
                                                      0.067     1.278 r  u/gen_lanes[0].u_reducer/u_combine/prod_s00/DSP_M_DATA_INST/U_DATA[43]
                         net (fo=1, unplaced)         0.000     1.278    u/gen_lanes[0].u_reducer/u_combine/prod_s00/DSP_M_DATA.U_DATA<43>
                         DSP_ALU (Prop_DSP_ALU_U_DATA[43]_ALU_OUT[47])
                                                      0.727     2.005 f  u/gen_lanes[0].u_reducer/u_combine/prod_s00/DSP_ALU_INST/ALU_OUT[47]
                         net (fo=1, unplaced)         0.000     2.005    u/gen_lanes[0].u_reducer/u_combine/prod_s00/DSP_ALU.ALU_OUT<47>
                         DSP_OUTPUT (Prop_DSP_OUTPUT_ALU_OUT[47]_PCOUT[47])
                                                      0.167     2.172 r  u/gen_lanes[0].u_reducer/u_combine/prod_s00/DSP_OUTPUT_INST/PCOUT[47]
                         net (fo=1, unplaced)         0.014     2.186    u/gen_lanes[0].u_reducer/u_combine/prod_s0_reg/PCIN[47]
                         DSP_ALU (Prop_DSP_ALU_PCIN[47]_ALU_OUT[13])
                                                      0.739     2.925 r  u/gen_lanes[0].u_reducer/u_combine/prod_s0_reg/DSP_ALU_INST/ALU_OUT[13]
                         net (fo=1, unplaced)         0.000     2.925    u/gen_lanes[0].u_reducer/u_combine/prod_s0_reg/DSP_ALU.ALU_OUT<13>
                         DSP_OUTPUT                                   r  u/gen_lanes[0].u_reducer/u_combine/prod_s0_reg/DSP_OUTPUT_INST/ALU_OUT[13]
  -------------------------------------------------------------------    -------------------

                         (clock clk rise edge)        3.333     3.333 r  
                                                      0.000     3.333 r  clk (IN)
                         net (fo=46262, unset)        0.055     3.388    u/gen_lanes[0].u_reducer/u_combine/prod_s0_reg/CLK
                         DSP_OUTPUT                                   r  u/gen_lanes[0].u_reducer/u_combine/prod_s0_reg/DSP_OUTPUT_INST/CLK
                         clock pessimism              0.000     3.388    
                         clock uncertainty           -0.035     3.353    
                         DSP_OUTPUT (Setup_DSP_OUTPUT_CLK_ALU_OUT[13])
                                                      0.014     3.367    u/gen_lanes[0].u_reducer/u_combine/prod_s0_reg/DSP_OUTPUT_INST
  -------------------------------------------------------------------
                         required time                          3.367    
                         arrival time                          -2.925    
  -------------------------------------------------------------------
                         slack                                  0.442    





Min Delay Paths
--------------------------------------------------------------------------------------
Slack (MET) :             0.107ns  (arrival time - required time)
  Source:                 u/gen_lanes[0].gen_emit_sum[1].u_emit_add/mant_sum_s2_reg[0]/C
                            (rising edge-triggered cell FDRE clocked by clk  {rise@0.000ns fall@1.666ns period=3.333ns})
  Destination:            u/gen_lanes[0].gen_emit_sum[1].u_emit_add/mant_sum_s3_reg[0]/D
                            (rising edge-triggered cell FDRE clocked by clk  {rise@0.000ns fall@1.666ns period=3.333ns})
  Path Group:             clk
  Path Type:              Hold (Min at Fast Process Corner)
  Requirement:            0.000ns  (clk rise@0.000ns - clk rise@0.000ns)
  Data Path Delay:        0.156ns  (logic 0.082ns (52.564%)  route 0.074ns (47.436%))
  Logic Levels:           0  
  Clock Path Skew:        0.005ns (DCD - SCD - CPR)
    Destination Clock Delay (DCD):    0.019ns
    Source Clock Delay      (SCD):    0.014ns
    Clock Pessimism Removal (CPR):    -0.000ns

    Location             Delay type                Incr(ns)  Path(ns)    Netlist Resource(s)
  -------------------------------------------------------------------    -------------------
                         (clock clk rise edge)        0.000     0.000 r  
                                                      0.000     0.000 r  clk (IN)
                         net (fo=46262, unset)        0.014     0.014    u/gen_lanes[0].gen_emit_sum[1].u_emit_add/clk
                         FDRE                                         r  u/gen_lanes[0].gen_emit_sum[1].u_emit_add/mant_sum_s2_reg[0]/C
  -------------------------------------------------------------------    -------------------
                         FDRE (Prop_FDRE_C_Q)         0.082     0.096 r  u/gen_lanes[0].gen_emit_sum[1].u_emit_add/mant_sum_s2_reg[0]/Q
                         net (fo=1, unplaced)         0.074     0.170    u/gen_lanes[0].gen_emit_sum[1].u_emit_add/mant_sum_s2_reg_n_0_[0]
                         FDRE                                         r  u/gen_lanes[0].gen_emit_sum[1].u_emit_add/mant_sum_s3_reg[0]/D
  -------------------------------------------------------------------    -------------------

                         (clock clk rise edge)        0.000     0.000 r  
                                                      0.000     0.000 r  clk (IN)
                         net (fo=46262, unset)        0.019     0.019    u/gen_lanes[0].gen_emit_sum[1].u_emit_add/clk
                         FDRE                                         r  u/gen_lanes[0].gen_emit_sum[1].u_emit_add/mant_sum_s3_reg[0]/C
                         clock pessimism              0.000     0.019    
                         FDRE (Hold_FDRE_C_D)         0.044     0.063    u/gen_lanes[0].gen_emit_sum[1].u_emit_add/mant_sum_s3_reg[0]
  -------------------------------------------------------------------
                         required time                         -0.063    
                         arrival time                           0.170    
  -------------------------------------------------------------------
                         slack                                  0.107    

Slack (MET) :             0.107ns  (arrival time - required time)
  Source:                 u/gen_lanes[0].gen_emit_sum[1].u_emit_add/mant_sum_s2_reg[1]/C
                            (rising edge-triggered cell FDRE clocked by clk  {rise@0.000ns fall@1.666ns period=3.333ns})
  Destination:            u/gen_lanes[0].gen_emit_sum[1].u_emit_add/mant_sum_s3_reg[1]/D
                            (rising edge-triggered cell FDRE clocked by clk  {rise@0.000ns fall@1.666ns period=3.333ns})
  Path Group:             clk
  Path Type:              Hold (Min at Fast Process Corner)
  Requirement:            0.000ns  (clk rise@0.000ns - clk rise@0.000ns)
  Data Path Delay:        0.156ns  (logic 0.082ns (52.564%)  route 0.074ns (47.436%))
  Logic Levels:           0  
  Clock Path Skew:        0.005ns (DCD - SCD - CPR)
    Destination Clock Delay (DCD):    0.019ns
    Source Clock Delay      (SCD):    0.014ns
    Clock Pessimism Removal (CPR):    -0.000ns

    Location             Delay type                Incr(ns)  Path(ns)    Netlist Resource(s)
  -------------------------------------------------------------------    -------------------
                         (clock clk rise edge)        0.000     0.000 r  
                                                      0.000     0.000 r  clk (IN)
                         net (fo=46262, unset)        0.014     0.014    u/gen_lanes[0].gen_emit_sum[1].u_emit_add/clk
                         FDRE                                         r  u/gen_lanes[0].gen_emit_sum[1].u_emit_add/mant_sum_s2_reg[1]/C
  -------------------------------------------------------------------    -------------------
                         FDRE (Prop_FDRE_C_Q)         0.082     0.096 r  u/gen_lanes[0].gen_emit_sum[1].u_emit_add/mant_sum_s2_reg[1]/Q
                         net (fo=2, unplaced)         0.074     0.170    u/gen_lanes[0].gen_emit_sum[1].u_emit_add/data0
                         FDRE                                         r  u/gen_lanes[0].gen_emit_sum[1].u_emit_add/mant_sum_s3_reg[1]/D
  -------------------------------------------------------------------    -------------------

                         (clock clk rise edge)        0.000     0.000 r  
                                                      0.000     0.000 r  clk (IN)
                         net (fo=46262, unset)        0.019     0.019    u/gen_lanes[0].gen_emit_sum[1].u_emit_add/clk
                         FDRE                                         r  u/gen_lanes[0].gen_emit_sum[1].u_emit_add/mant_sum_s3_reg[1]/C
                         clock pessimism              0.000     0.019    
                         FDRE (Hold_FDRE_C_D)         0.044     0.063    u/gen_lanes[0].gen_emit_sum[1].u_emit_add/mant_sum_s3_reg[1]
  -------------------------------------------------------------------
                         required time                         -0.063    
                         arrival time                           0.170    
  -------------------------------------------------------------------
                         slack                                  0.107    

Slack (MET) :             0.107ns  (arrival time - required time)
  Source:                 u/gen_lanes[0].gen_emit_sum[2].u_emit_add/mant_sum_s2_reg[0]/C
                            (rising edge-triggered cell FDRE clocked by clk  {rise@0.000ns fall@1.666ns period=3.333ns})
  Destination:            u/gen_lanes[0].gen_emit_sum[2].u_emit_add/mant_sum_s3_reg[0]/D
                            (rising edge-triggered cell FDRE clocked by clk  {rise@0.000ns fall@1.666ns period=3.333ns})
  Path Group:             clk
  Path Type:              Hold (Min at Fast Process Corner)
  Requirement:            0.000ns  (clk rise@0.000ns - clk rise@0.000ns)
  Data Path Delay:        0.156ns  (logic 0.082ns (52.564%)  route 0.074ns (47.436%))
  Logic Levels:           0  
  Clock Path Skew:        0.005ns (DCD - SCD - CPR)
    Destination Clock Delay (DCD):    0.019ns
    Source Clock Delay      (SCD):    0.014ns
    Clock Pessimism Removal (CPR):    -0.000ns

    Location             Delay type                Incr(ns)  Path(ns)    Netlist Resource(s)
  -------------------------------------------------------------------    -------------------
                         (clock clk rise edge)        0.000     0.000 r  
                                                      0.000     0.000 r  clk (IN)
                         net (fo=46262, unset)        0.014     0.014    u/gen_lanes[0].gen_emit_sum[2].u_emit_add/clk
                         FDRE                                         r  u/gen_lanes[0].gen_emit_sum[2].u_emit_add/mant_sum_s2_reg[0]/C
  -------------------------------------------------------------------    -------------------
                         FDRE (Prop_FDRE_C_Q)         0.082     0.096 r  u/gen_lanes[0].gen_emit_sum[2].u_emit_add/mant_sum_s2_reg[0]/Q
                         net (fo=1, unplaced)         0.074     0.170    u/gen_lanes[0].gen_emit_sum[2].u_emit_add/mant_sum_s2_reg_n_0_[0]
                         FDRE                                         r  u/gen_lanes[0].gen_emit_sum[2].u_emit_add/mant_sum_s3_reg[0]/D
  -------------------------------------------------------------------    -------------------

                         (clock clk rise edge)        0.000     0.000 r  
                                                      0.000     0.000 r  clk (IN)
                         net (fo=46262, unset)        0.019     0.019    u/gen_lanes[0].gen_emit_sum[2].u_emit_add/clk
                         FDRE                                         r  u/gen_lanes[0].gen_emit_sum[2].u_emit_add/mant_sum_s3_reg[0]/C
                         clock pessimism              0.000     0.019    
                         FDRE (Hold_FDRE_C_D)         0.044     0.063    u/gen_lanes[0].gen_emit_sum[2].u_emit_add/mant_sum_s3_reg[0]
  -------------------------------------------------------------------
                         required time                         -0.063    
                         arrival time                           0.170    
  -------------------------------------------------------------------
                         slack                                  0.107    

Slack (MET) :             0.107ns  (arrival time - required time)
  Source:                 u/gen_lanes[0].gen_emit_sum[2].u_emit_add/mant_sum_s2_reg[1]/C
                            (rising edge-triggered cell FDRE clocked by clk  {rise@0.000ns fall@1.666ns period=3.333ns})
  Destination:            u/gen_lanes[0].gen_emit_sum[2].u_emit_add/mant_sum_s3_reg[1]/D
                            (rising edge-triggered cell FDRE clocked by clk  {rise@0.000ns fall@1.666ns period=3.333ns})
  Path Group:             clk
  Path Type:              Hold (Min at Fast Process Corner)
  Requirement:            0.000ns  (clk rise@0.000ns - clk rise@0.000ns)
  Data Path Delay:        0.156ns  (logic 0.082ns (52.564%)  route 0.074ns (47.436%))
  Logic Levels:           0  
  Clock Path Skew:        0.005ns (DCD - SCD - CPR)
    Destination Clock Delay (DCD):    0.019ns
    Source Clock Delay      (SCD):    0.014ns
    Clock Pessimism Removal (CPR):    -0.000ns

    Location             Delay type                Incr(ns)  Path(ns)    Netlist Resource(s)
  -------------------------------------------------------------------    -------------------
                         (clock clk rise edge)        0.000     0.000 r  
                                                      0.000     0.000 r  clk (IN)
                         net (fo=46262, unset)        0.014     0.014    u/gen_lanes[0].gen_emit_sum[2].u_emit_add/clk
                         FDRE                                         r  u/gen_lanes[0].gen_emit_sum[2].u_emit_add/mant_sum_s2_reg[1]/C
  -------------------------------------------------------------------    -------------------
                         FDRE (Prop_FDRE_C_Q)         0.082     0.096 r  u/gen_lanes[0].gen_emit_sum[2].u_emit_add/mant_sum_s2_reg[1]/Q
                         net (fo=2, unplaced)         0.074     0.170    u/gen_lanes[0].gen_emit_sum[2].u_emit_add/data0
                         FDRE                                         r  u/gen_lanes[0].gen_emit_sum[2].u_emit_add/mant_sum_s3_reg[1]/D
  -------------------------------------------------------------------    -------------------

                         (clock clk rise edge)        0.000     0.000 r  
                                                      0.000     0.000 r  clk (IN)
                         net (fo=46262, unset)        0.019     0.019    u/gen_lanes[0].gen_emit_sum[2].u_emit_add/clk
                         FDRE                                         r  u/gen_lanes[0].gen_emit_sum[2].u_emit_add/mant_sum_s3_reg[1]/C
                         clock pessimism              0.000     0.019    
                         FDRE (Hold_FDRE_C_D)         0.044     0.063    u/gen_lanes[0].gen_emit_sum[2].u_emit_add/mant_sum_s3_reg[1]
  -------------------------------------------------------------------
                         required time                         -0.063    
                         arrival time                           0.170    
  -------------------------------------------------------------------
                         slack                                  0.107    

Slack (MET) :             0.107ns  (arrival time - required time)
  Source:                 u/gen_lanes[0].gen_emit_sum[3].u_emit_add/mant_sum_s2_reg[0]/C
                            (rising edge-triggered cell FDRE clocked by clk  {rise@0.000ns fall@1.666ns period=3.333ns})
  Destination:            u/gen_lanes[0].gen_emit_sum[3].u_emit_add/mant_sum_s3_reg[0]/D
                            (rising edge-triggered cell FDRE clocked by clk  {rise@0.000ns fall@1.666ns period=3.333ns})
  Path Group:             clk
  Path Type:              Hold (Min at Fast Process Corner)
  Requirement:            0.000ns  (clk rise@0.000ns - clk rise@0.000ns)
  Data Path Delay:        0.156ns  (logic 0.082ns (52.564%)  route 0.074ns (47.436%))
  Logic Levels:           0  
  Clock Path Skew:        0.005ns (DCD - SCD - CPR)
    Destination Clock Delay (DCD):    0.019ns
    Source Clock Delay      (SCD):    0.014ns
    Clock Pessimism Removal (CPR):    -0.000ns

    Location             Delay type                Incr(ns)  Path(ns)    Netlist Resource(s)
  -------------------------------------------------------------------    -------------------
                         (clock clk rise edge)        0.000     0.000 r  
                                                      0.000     0.000 r  clk (IN)
                         net (fo=46262, unset)        0.014     0.014    u/gen_lanes[0].gen_emit_sum[3].u_emit_add/clk
                         FDRE                                         r  u/gen_lanes[0].gen_emit_sum[3].u_emit_add/mant_sum_s2_reg[0]/C
  -------------------------------------------------------------------    -------------------
                         FDRE (Prop_FDRE_C_Q)         0.082     0.096 r  u/gen_lanes[0].gen_emit_sum[3].u_emit_add/mant_sum_s2_reg[0]/Q
                         net (fo=1, unplaced)         0.074     0.170    u/gen_lanes[0].gen_emit_sum[3].u_emit_add/mant_sum_s2_reg_n_0_[0]
                         FDRE                                         r  u/gen_lanes[0].gen_emit_sum[3].u_emit_add/mant_sum_s3_reg[0]/D
  -------------------------------------------------------------------    -------------------

                         (clock clk rise edge)        0.000     0.000 r  
                                                      0.000     0.000 r  clk (IN)
                         net (fo=46262, unset)        0.019     0.019    u/gen_lanes[0].gen_emit_sum[3].u_emit_add/clk
                         FDRE                                         r  u/gen_lanes[0].gen_emit_sum[3].u_emit_add/mant_sum_s3_reg[0]/C
                         clock pessimism              0.000     0.019    
                         FDRE (Hold_FDRE_C_D)         0.044     0.063    u/gen_lanes[0].gen_emit_sum[3].u_emit_add/mant_sum_s3_reg[0]
  -------------------------------------------------------------------
                         required time                         -0.063    
                         arrival time                           0.170    
  -------------------------------------------------------------------
                         slack                                  0.107    





Pulse Width Checks
--------------------------------------------------------------------------------------
Clock Name:         clk
Waveform(ns):       { 0.000 1.666 }
Period(ns):         3.333
Sources:            { clk }

Check Type        Corner  Lib Pin     Reference Pin  Required(ns)  Actual(ns)  Slack(ns)  Location  Pin
Min Period        n/a     SRL16E/CLK  n/a            1.524         3.333       1.809                u/add_result_col_oh_pipe_reg[2][0]_srl4___u_done_pipe_reg_r_10/CLK
Min Period        n/a     SRL16E/CLK  n/a            1.524         3.333       1.809                u/add_result_col_oh_pipe_reg[2][1]_srl4___u_done_pipe_reg_r_10/CLK
Min Period        n/a     SRL16E/CLK  n/a            1.524         3.333       1.809                u/add_result_col_oh_pipe_reg[2][2]_srl4___u_done_pipe_reg_r_10/CLK
Min Period        n/a     SRL16E/CLK  n/a            1.524         3.333       1.809                u/add_result_col_oh_pipe_reg[2][3]_srl4___u_done_pipe_reg_r_10/CLK
Min Period        n/a     SRL16E/CLK  n/a            1.524         3.333       1.809                u/add_result_col_oh_pipe_reg[2][4]_srl4___u_done_pipe_reg_r_10/CLK
Low Pulse Width   Slow    SRL16E/CLK  n/a            0.762         1.666       0.904                u/add_result_col_oh_pipe_reg[2][0]_srl4___u_done_pipe_reg_r_10/CLK
Low Pulse Width   Fast    SRL16E/CLK  n/a            0.762         1.667       0.905                u/add_result_col_oh_pipe_reg[2][0]_srl4___u_done_pipe_reg_r_10/CLK
Low Pulse Width   Slow    SRL16E/CLK  n/a            0.762         1.666       0.904                u/add_result_col_oh_pipe_reg[2][1]_srl4___u_done_pipe_reg_r_10/CLK
Low Pulse Width   Fast    SRL16E/CLK  n/a            0.762         1.667       0.905                u/add_result_col_oh_pipe_reg[2][1]_srl4___u_done_pipe_reg_r_10/CLK
Low Pulse Width   Slow    SRL16E/CLK  n/a            0.762         1.666       0.904                u/add_result_col_oh_pipe_reg[2][2]_srl4___u_done_pipe_reg_r_10/CLK
High Pulse Width  Slow    SRL16E/CLK  n/a            0.762         1.666       0.904                u/add_result_col_oh_pipe_reg[2][0]_srl4___u_done_pipe_reg_r_10/CLK
High Pulse Width  Fast    SRL16E/CLK  n/a            0.762         1.666       0.904                u/add_result_col_oh_pipe_reg[2][0]_srl4___u_done_pipe_reg_r_10/CLK
High Pulse Width  Slow    SRL16E/CLK  n/a            0.762         1.666       0.904                u/add_result_col_oh_pipe_reg[2][1]_srl4___u_done_pipe_reg_r_10/CLK
High Pulse Width  Fast    SRL16E/CLK  n/a            0.762         1.666       0.904                u/add_result_col_oh_pipe_reg[2][1]_srl4___u_done_pipe_reg_r_10/CLK
High Pulse Width  Slow    SRL16E/CLK  n/a            0.762         1.666       0.904                u/add_result_col_oh_pipe_reg[2][2]_srl4___u_done_pipe_reg_r_10/CLK



