Copyright 1986-2022 Xilinx, Inc. All Rights Reserved. Copyright 2022-2026 Advanced Micro Devices, Inc. All Rights Reserved.
--------------------------------------------------------------------------------------------------------------------------------------------------
| Tool Version      : Vivado v.2025.2.1 (win64) Build 6403652 Thu Mar 19 19:48:24 GMT 2026
| Date              : Sun Jun 21 22:30:19 2026
| Host              : ANGELVIERA7B7F running 64-bit major release  (build 9200)
| Command           : report_timing_summary -max_paths 5 -file cand_timing.rpt
| Design            : mac_array
| Device            : xck26-sfvc784
| Speed File        : -2LV  PRODUCTION 1.31 12-08-2025
| Design State      : Synthesized
| Temperature Grade : C
--------------------------------------------------------------------------------------------------------------------------------------------------

Timing Summary Report

------------------------------------------------------------------------------------------------
| Timer Settings
| --------------
------------------------------------------------------------------------------------------------

  Enable Multi Corner Analysis               :  Yes
  Enable Pessimism Removal                   :  Yes
  Pessimism Removal Resolution               :  Nearest Common Node
  Enable Input Delay Default Clock           :  No
  Enable Preset / Clear Arcs                 :  No
  Disable Flight Delays                      :  No
  Ignore I/O Paths                           :  No
  Timing Early Launch at Borrowing Latches   :  No
  Borrow Time for Max Delay Exceptions       :  Yes
  Merge Timing Exceptions                    :  Yes
  Inter-SLR Compensation                     :  Conservative

  Corner  Analyze    Analyze    
  Name    Max Paths  Min Paths  
  ------  ---------  ---------  
  Slow    Yes        Yes        
  Fast    Yes        Yes        


------------------------------------------------------------------------------------------------
| Report Methodology
| ------------------
------------------------------------------------------------------------------------------------

No report available as report_methodology has not been run prior. Run report_methodology on the current design for the summary of methodology violations.



check_timing report

Table of Contents
-----------------
1. checking no_clock (0)
2. checking constant_clock (0)
3. checking pulse_width_clock (0)
4. checking unconstrained_internal_endpoints (0)
5. checking no_input_delay (739)
6. checking no_output_delay (1152)
7. checking multiple_clock (0)
8. checking generated_clocks (0)
9. checking loops (0)
10. checking partial_input_delay (0)
11. checking partial_output_delay (0)
12. checking latch_loops (0)

1. checking no_clock (0)
------------------------
 There are 0 register/latch pins with no clock.


2. checking constant_clock (0)
------------------------------
 There are 0 register/latch pins with constant_clock.


3. checking pulse_width_clock (0)
---------------------------------
 There are 0 register/latch pins which need pulse_width check


4. checking unconstrained_internal_endpoints (0)
------------------------------------------------
 There are 0 pins that are not constrained for maximum delay.

 There are 0 pins that are not constrained for maximum delay due to constant clock.


5. checking no_input_delay (739)
--------------------------------
 There are 0 input ports with no input delay specified.

 There are 739 input ports with no input delay but user has a false path constraint. (MEDIUM)


6. checking no_output_delay (1152)
----------------------------------
 There are 0 ports with no output delay specified.

 There are 1152 ports with no output delay but user has a false path constraint (MEDIUM)

 There are 0 ports with no output delay but with a timing clock defined on it or propagating through it


7. checking multiple_clock (0)
------------------------------
 There are 0 register/latch pins with multiple clocks.


8. checking generated_clocks (0)
--------------------------------
 There are 0 generated clocks that are not connected to a clock source.


9. checking loops (0)
---------------------
 There are 0 combinational loops in the design.


10. checking partial_input_delay (0)
------------------------------------
 There are 0 input ports with partial input delay specified.


11. checking partial_output_delay (0)
-------------------------------------
 There are 0 ports with partial output delay specified.


12. checking latch_loops (0)
----------------------------
 There are 0 combinational latch loops in the design through latch input



------------------------------------------------------------------------------------------------
| Design Timing Summary
| ---------------------
------------------------------------------------------------------------------------------------

    WNS(ns)      TNS(ns)  TNS Failing Endpoints  TNS Total Endpoints      WHS(ns)      THS(ns)  THS Failing Endpoints  THS Total Endpoints     WPWS(ns)     TPWS(ns)  TPWS Failing Endpoints  TPWS Total Endpoints  
    -------      -------  ---------------------  -------------------      -------      -------  ---------------------  -------------------     --------     --------  ----------------------  --------------------  
      0.893        0.000                      0                 6342        0.109        0.000                      0                 6342        0.904        0.000                       0                  2713  


All user specified timing constraints are met.


------------------------------------------------------------------------------------------------
| Clock Summary
| -------------
------------------------------------------------------------------------------------------------

Clock  Waveform(ns)         Period(ns)      Frequency(MHz)
-----  ------------         ----------      --------------
clk    {0.000 1.666}        3.333           300.030         


------------------------------------------------------------------------------------------------
| Intra Clock Table
| -----------------
------------------------------------------------------------------------------------------------

Clock             WNS(ns)      TNS(ns)  TNS Failing Endpoints  TNS Total Endpoints      WHS(ns)      THS(ns)  THS Failing Endpoints  THS Total Endpoints     WPWS(ns)     TPWS(ns)  TPWS Failing Endpoints  TPWS Total Endpoints  
-----             -------      -------  ---------------------  -------------------      -------      -------  ---------------------  -------------------     --------     --------  ----------------------  --------------------  
clk                 0.893        0.000                      0                 6342        0.109        0.000                      0                 6342        0.904        0.000                       0                  2713  


------------------------------------------------------------------------------------------------
| Inter Clock Table
| -----------------
------------------------------------------------------------------------------------------------

From Clock    To Clock          WNS(ns)      TNS(ns)  TNS Failing Endpoints  TNS Total Endpoints      WHS(ns)      THS(ns)  THS Failing Endpoints  THS Total Endpoints  
----------    --------          -------      -------  ---------------------  -------------------      -------      -------  ---------------------  -------------------  


------------------------------------------------------------------------------------------------
| Other Path Groups Table
| -----------------------
------------------------------------------------------------------------------------------------

Path Group    From Clock    To Clock          WNS(ns)      TNS(ns)  TNS Failing Endpoints  TNS Total Endpoints      WHS(ns)      THS(ns)  THS Failing Endpoints  THS Total Endpoints  
----------    ----------    --------          -------      -------  ---------------------  -------------------      -------      -------  ---------------------  -------------------  


------------------------------------------------------------------------------------------------
| Timing Details
| --------------
------------------------------------------------------------------------------------------------


---------------------------------------------------------------------------------------------------
From Clock:  clk
  To Clock:  clk

Setup :            0  Failing Endpoints,  Worst Slack        0.893ns,  Total Violation        0.000ns
Hold  :            0  Failing Endpoints,  Worst Slack        0.109ns,  Total Violation        0.000ns
PW    :            0  Failing Endpoints,  Worst Slack        0.904ns,  Total Violation        0.000ns
---------------------------------------------------------------------------------------------------


Max Delay Paths
--------------------------------------------------------------------------------------
Slack (MET) :             0.893ns  (required time - arrival time)
  Source:                 gen_lane[0].u_lane/p_sig1_reg/DSP_OUTPUT_INST/CLK
                            (rising edge-triggered cell DSP_OUTPUT clocked by clk  {rise@0.000ns fall@1.666ns period=3.333ns})
  Destination:            gen_lane[0].u_lane/prod2_reg/DSP_OUTPUT_INST/ALU_OUT[10]
                            (rising edge-triggered cell DSP_OUTPUT clocked by clk  {rise@0.000ns fall@1.666ns period=3.333ns})
  Path Group:             clk
  Path Type:              Setup (Max at Slow Process Corner)
  Requirement:            3.333ns  (clk rise@3.333ns - clk rise@0.000ns)
  Data Path Delay:        2.397ns  (logic 2.145ns (89.487%)  route 0.252ns (10.513%))
  Logic Levels:           5  (DSP_A_B_DATA=1 DSP_ALU=1 DSP_M_DATA=1 DSP_MULTIPLIER=1 DSP_PREADD_DATA=1)
  Clock Path Skew:        -0.022ns (DCD - SCD + CPR)
    Destination Clock Delay (DCD):    0.055ns = ( 3.388 - 3.333 ) 
    Source Clock Delay      (SCD):    0.077ns
    Clock Pessimism Removal (CPR):    0.000ns
  Clock Uncertainty:      0.035ns  ((TSJ^2 + TIJ^2)^1/2 + DJ) / 2 + PE
    Total System Jitter     (TSJ):    0.071ns
    Total Input Jitter      (TIJ):    0.000ns
    Discrete Jitter          (DJ):    0.000ns
    Phase Error              (PE):    0.000ns

    Location             Delay type                Incr(ns)  Path(ns)    Netlist Resource(s)
  -------------------------------------------------------------------    -------------------
                         (clock clk rise edge)        0.000     0.000 r  
                                                      0.000     0.000 r  clk (IN)
                         net (fo=2856, unset)         0.077     0.077    gen_lane[0].u_lane/p_sig1_reg/CLK
                         DSP_OUTPUT                                   r  gen_lane[0].u_lane/p_sig1_reg/DSP_OUTPUT_INST/CLK
  -------------------------------------------------------------------    -------------------
                         DSP_OUTPUT (Prop_DSP_OUTPUT_CLK_P[3])
                                                      0.279     0.356 f  gen_lane[0].u_lane/p_sig1_reg/DSP_OUTPUT_INST/P[3]
                         net (fo=1, unplaced)         0.252     0.608    gen_lane[0].u_lane/prod2_reg/A[3]
                         DSP_A_B_DATA (Prop_DSP_A_B_DATA_A[3]_A2_DATA[3])
                                                      0.258     0.866 r  gen_lane[0].u_lane/prod2_reg/DSP_A_B_DATA_INST/A2_DATA[3]
                         net (fo=1, unplaced)         0.000     0.866    gen_lane[0].u_lane/prod2_reg/DSP_A_B_DATA.A2_DATA<3>
                         DSP_PREADD_DATA (Prop_DSP_PREADD_DATA_A2_DATA[3]_A2A1[3])
                                                      0.114     0.980 r  gen_lane[0].u_lane/prod2_reg/DSP_PREADD_DATA_INST/A2A1[3]
                         net (fo=1, unplaced)         0.000     0.980    gen_lane[0].u_lane/prod2_reg/DSP_PREADD_DATA.A2A1<3>
                         DSP_MULTIPLIER (Prop_DSP_MULTIPLIER_A2A1[3]_U[10])
                                                      0.700     1.680 f  gen_lane[0].u_lane/prod2_reg/DSP_MULTIPLIER_INST/U[10]
                         net (fo=1, unplaced)         0.000     1.680    gen_lane[0].u_lane/prod2_reg/DSP_MULTIPLIER.U<10>
                         DSP_M_DATA (Prop_DSP_M_DATA_U[10]_U_DATA[10])
                                                      0.067     1.747 r  gen_lane[0].u_lane/prod2_reg/DSP_M_DATA_INST/U_DATA[10]
                         net (fo=1, unplaced)         0.000     1.747    gen_lane[0].u_lane/prod2_reg/DSP_M_DATA.U_DATA<10>
                         DSP_ALU (Prop_DSP_ALU_U_DATA[10]_ALU_OUT[10])
                                                      0.727     2.474 r  gen_lane[0].u_lane/prod2_reg/DSP_ALU_INST/ALU_OUT[10]
                         net (fo=1, unplaced)         0.000     2.474    gen_lane[0].u_lane/prod2_reg/DSP_ALU.ALU_OUT<10>
                         DSP_OUTPUT                                   r  gen_lane[0].u_lane/prod2_reg/DSP_OUTPUT_INST/ALU_OUT[10]
  -------------------------------------------------------------------    -------------------

                         (clock clk rise edge)        3.333     3.333 r  
                                                      0.000     3.333 r  clk (IN)
                         net (fo=2856, unset)         0.055     3.388    gen_lane[0].u_lane/prod2_reg/CLK
                         DSP_OUTPUT                                   r  gen_lane[0].u_lane/prod2_reg/DSP_OUTPUT_INST/CLK
                         clock pessimism              0.000     3.388    
                         clock uncertainty           -0.035     3.353    
                         DSP_OUTPUT (Setup_DSP_OUTPUT_CLK_ALU_OUT[10])
                                                      0.014     3.367    gen_lane[0].u_lane/prod2_reg/DSP_OUTPUT_INST
  -------------------------------------------------------------------
                         required time                          3.367    
                         arrival time                          -2.474    
  -------------------------------------------------------------------
                         slack                                  0.893    

Slack (MET) :             0.893ns  (required time - arrival time)
  Source:                 gen_lane[0].u_lane/p_sig1_reg/DSP_OUTPUT_INST/CLK
                            (rising edge-triggered cell DSP_OUTPUT clocked by clk  {rise@0.000ns fall@1.666ns period=3.333ns})
  Destination:            gen_lane[0].u_lane/prod2_reg/DSP_OUTPUT_INST/ALU_OUT[11]
                            (rising edge-triggered cell DSP_OUTPUT clocked by clk  {rise@0.000ns fall@1.666ns period=3.333ns})
  Path Group:             clk
  Path Type:              Setup (Max at Slow Process Corner)
  Requirement:            3.333ns  (clk rise@3.333ns - clk rise@0.000ns)
  Data Path Delay:        2.397ns  (logic 2.145ns (89.487%)  route 0.252ns (10.513%))
  Logic Levels:           5  (DSP_A_B_DATA=1 DSP_ALU=1 DSP_M_DATA=1 DSP_MULTIPLIER=1 DSP_PREADD_DATA=1)
  Clock Path Skew:        -0.022ns (DCD - SCD + CPR)
    Destination Clock Delay (DCD):    0.055ns = ( 3.388 - 3.333 ) 
    Source Clock Delay      (SCD):    0.077ns
    Clock Pessimism Removal (CPR):    0.000ns
  Clock Uncertainty:      0.035ns  ((TSJ^2 + TIJ^2)^1/2 + DJ) / 2 + PE
    Total System Jitter     (TSJ):    0.071ns
    Total Input Jitter      (TIJ):    0.000ns
    Discrete Jitter          (DJ):    0.000ns
    Phase Error              (PE):    0.000ns

    Location             Delay type                Incr(ns)  Path(ns)    Netlist Resource(s)
  -------------------------------------------------------------------    -------------------
                         (clock clk rise edge)        0.000     0.000 r  
                                                      0.000     0.000 r  clk (IN)
                         net (fo=2856, unset)         0.077     0.077    gen_lane[0].u_lane/p_sig1_reg/CLK
                         DSP_OUTPUT                                   r  gen_lane[0].u_lane/p_sig1_reg/DSP_OUTPUT_INST/CLK
  -------------------------------------------------------------------    -------------------
                         DSP_OUTPUT (Prop_DSP_OUTPUT_CLK_P[3])
                                                      0.279     0.356 f  gen_lane[0].u_lane/p_sig1_reg/DSP_OUTPUT_INST/P[3]
                         net (fo=1, unplaced)         0.252     0.608    gen_lane[0].u_lane/prod2_reg/A[3]
                         DSP_A_B_DATA (Prop_DSP_A_B_DATA_A[3]_A2_DATA[3])
                                                      0.258     0.866 r  gen_lane[0].u_lane/prod2_reg/DSP_A_B_DATA_INST/A2_DATA[3]
                         net (fo=1, unplaced)         0.000     0.866    gen_lane[0].u_lane/prod2_reg/DSP_A_B_DATA.A2_DATA<3>
                         DSP_PREADD_DATA (Prop_DSP_PREADD_DATA_A2_DATA[3]_A2A1[3])
                                                      0.114     0.980 r  gen_lane[0].u_lane/prod2_reg/DSP_PREADD_DATA_INST/A2A1[3]
                         net (fo=1, unplaced)         0.000     0.980    gen_lane[0].u_lane/prod2_reg/DSP_PREADD_DATA.A2A1<3>
                         DSP_MULTIPLIER (Prop_DSP_MULTIPLIER_A2A1[3]_U[11])
                                                      0.700     1.680 f  gen_lane[0].u_lane/prod2_reg/DSP_MULTIPLIER_INST/U[11]
                         net (fo=1, unplaced)         0.000     1.680    gen_lane[0].u_lane/prod2_reg/DSP_MULTIPLIER.U<11>
                         DSP_M_DATA (Prop_DSP_M_DATA_U[11]_U_DATA[11])
                                                      0.067     1.747 r  gen_lane[0].u_lane/prod2_reg/DSP_M_DATA_INST/U_DATA[11]
                         net (fo=1, unplaced)         0.000     1.747    gen_lane[0].u_lane/prod2_reg/DSP_M_DATA.U_DATA<11>
                         DSP_ALU (Prop_DSP_ALU_U_DATA[11]_ALU_OUT[11])
                                                      0.727     2.474 r  gen_lane[0].u_lane/prod2_reg/DSP_ALU_INST/ALU_OUT[11]
                         net (fo=1, unplaced)         0.000     2.474    gen_lane[0].u_lane/prod2_reg/DSP_ALU.ALU_OUT<11>
                         DSP_OUTPUT                                   r  gen_lane[0].u_lane/prod2_reg/DSP_OUTPUT_INST/ALU_OUT[11]
  -------------------------------------------------------------------    -------------------

                         (clock clk rise edge)        3.333     3.333 r  
                                                      0.000     3.333 r  clk (IN)
                         net (fo=2856, unset)         0.055     3.388    gen_lane[0].u_lane/prod2_reg/CLK
                         DSP_OUTPUT                                   r  gen_lane[0].u_lane/prod2_reg/DSP_OUTPUT_INST/CLK
                         clock pessimism              0.000     3.388    
                         clock uncertainty           -0.035     3.353    
                         DSP_OUTPUT (Setup_DSP_OUTPUT_CLK_ALU_OUT[11])
                                                      0.014     3.367    gen_lane[0].u_lane/prod2_reg/DSP_OUTPUT_INST
  -------------------------------------------------------------------
                         required time                          3.367    
                         arrival time                          -2.474    
  -------------------------------------------------------------------
                         slack                                  0.893    

Slack (MET) :             0.893ns  (required time - arrival time)
  Source:                 gen_lane[0].u_lane/p_sig1_reg/DSP_OUTPUT_INST/CLK
                            (rising edge-triggered cell DSP_OUTPUT clocked by clk  {rise@0.000ns fall@1.666ns period=3.333ns})
  Destination:            gen_lane[0].u_lane/prod2_reg/DSP_OUTPUT_INST/ALU_OUT[12]
                            (rising edge-triggered cell DSP_OUTPUT clocked by clk  {rise@0.000ns fall@1.666ns period=3.333ns})
  Path Group:             clk
  Path Type:              Setup (Max at Slow Process Corner)
  Requirement:            3.333ns  (clk rise@3.333ns - clk rise@0.000ns)
  Data Path Delay:        2.397ns  (logic 2.145ns (89.487%)  route 0.252ns (10.513%))
  Logic Levels:           5  (DSP_A_B_DATA=1 DSP_ALU=1 DSP_M_DATA=1 DSP_MULTIPLIER=1 DSP_PREADD_DATA=1)
  Clock Path Skew:        -0.022ns (DCD - SCD + CPR)
    Destination Clock Delay (DCD):    0.055ns = ( 3.388 - 3.333 ) 
    Source Clock Delay      (SCD):    0.077ns
    Clock Pessimism Removal (CPR):    0.000ns
  Clock Uncertainty:      0.035ns  ((TSJ^2 + TIJ^2)^1/2 + DJ) / 2 + PE
    Total System Jitter     (TSJ):    0.071ns
    Total Input Jitter      (TIJ):    0.000ns
    Discrete Jitter          (DJ):    0.000ns
    Phase Error              (PE):    0.000ns

    Location             Delay type                Incr(ns)  Path(ns)    Netlist Resource(s)
  -------------------------------------------------------------------    -------------------
                         (clock clk rise edge)        0.000     0.000 r  
                                                      0.000     0.000 r  clk (IN)
                         net (fo=2856, unset)         0.077     0.077    gen_lane[0].u_lane/p_sig1_reg/CLK
                         DSP_OUTPUT                                   r  gen_lane[0].u_lane/p_sig1_reg/DSP_OUTPUT_INST/CLK
  -------------------------------------------------------------------    -------------------
                         DSP_OUTPUT (Prop_DSP_OUTPUT_CLK_P[3])
                                                      0.279     0.356 f  gen_lane[0].u_lane/p_sig1_reg/DSP_OUTPUT_INST/P[3]
                         net (fo=1, unplaced)         0.252     0.608    gen_lane[0].u_lane/prod2_reg/A[3]
                         DSP_A_B_DATA (Prop_DSP_A_B_DATA_A[3]_A2_DATA[3])
                                                      0.258     0.866 r  gen_lane[0].u_lane/prod2_reg/DSP_A_B_DATA_INST/A2_DATA[3]
                         net (fo=1, unplaced)         0.000     0.866    gen_lane[0].u_lane/prod2_reg/DSP_A_B_DATA.A2_DATA<3>
                         DSP_PREADD_DATA (Prop_DSP_PREADD_DATA_A2_DATA[3]_A2A1[3])
                                                      0.114     0.980 r  gen_lane[0].u_lane/prod2_reg/DSP_PREADD_DATA_INST/A2A1[3]
                         net (fo=1, unplaced)         0.000     0.980    gen_lane[0].u_lane/prod2_reg/DSP_PREADD_DATA.A2A1<3>
                         DSP_MULTIPLIER (Prop_DSP_MULTIPLIER_A2A1[3]_U[12])
                                                      0.700     1.680 f  gen_lane[0].u_lane/prod2_reg/DSP_MULTIPLIER_INST/U[12]
                         net (fo=1, unplaced)         0.000     1.680    gen_lane[0].u_lane/prod2_reg/DSP_MULTIPLIER.U<12>
                         DSP_M_DATA (Prop_DSP_M_DATA_U[12]_U_DATA[12])
                                                      0.067     1.747 r  gen_lane[0].u_lane/prod2_reg/DSP_M_DATA_INST/U_DATA[12]
                         net (fo=1, unplaced)         0.000     1.747    gen_lane[0].u_lane/prod2_reg/DSP_M_DATA.U_DATA<12>
                         DSP_ALU (Prop_DSP_ALU_U_DATA[12]_ALU_OUT[12])
                                                      0.727     2.474 r  gen_lane[0].u_lane/prod2_reg/DSP_ALU_INST/ALU_OUT[12]
                         net (fo=1, unplaced)         0.000     2.474    gen_lane[0].u_lane/prod2_reg/DSP_ALU.ALU_OUT<12>
                         DSP_OUTPUT                                   r  gen_lane[0].u_lane/prod2_reg/DSP_OUTPUT_INST/ALU_OUT[12]
  -------------------------------------------------------------------    -------------------

                         (clock clk rise edge)        3.333     3.333 r  
                                                      0.000     3.333 r  clk (IN)
                         net (fo=2856, unset)         0.055     3.388    gen_lane[0].u_lane/prod2_reg/CLK
                         DSP_OUTPUT                                   r  gen_lane[0].u_lane/prod2_reg/DSP_OUTPUT_INST/CLK
                         clock pessimism              0.000     3.388    
                         clock uncertainty           -0.035     3.353    
                         DSP_OUTPUT (Setup_DSP_OUTPUT_CLK_ALU_OUT[12])
                                                      0.014     3.367    gen_lane[0].u_lane/prod2_reg/DSP_OUTPUT_INST
  -------------------------------------------------------------------
                         required time                          3.367    
                         arrival time                          -2.474    
  -------------------------------------------------------------------
                         slack                                  0.893    

Slack (MET) :             0.893ns  (required time - arrival time)
  Source:                 gen_lane[0].u_lane/p_sig1_reg/DSP_OUTPUT_INST/CLK
                            (rising edge-triggered cell DSP_OUTPUT clocked by clk  {rise@0.000ns fall@1.666ns period=3.333ns})
  Destination:            gen_lane[0].u_lane/prod2_reg/DSP_OUTPUT_INST/ALU_OUT[13]
                            (rising edge-triggered cell DSP_OUTPUT clocked by clk  {rise@0.000ns fall@1.666ns period=3.333ns})
  Path Group:             clk
  Path Type:              Setup (Max at Slow Process Corner)
  Requirement:            3.333ns  (clk rise@3.333ns - clk rise@0.000ns)
  Data Path Delay:        2.397ns  (logic 2.145ns (89.487%)  route 0.252ns (10.513%))
  Logic Levels:           5  (DSP_A_B_DATA=1 DSP_ALU=1 DSP_M_DATA=1 DSP_MULTIPLIER=1 DSP_PREADD_DATA=1)
  Clock Path Skew:        -0.022ns (DCD - SCD + CPR)
    Destination Clock Delay (DCD):    0.055ns = ( 3.388 - 3.333 ) 
    Source Clock Delay      (SCD):    0.077ns
    Clock Pessimism Removal (CPR):    0.000ns
  Clock Uncertainty:      0.035ns  ((TSJ^2 + TIJ^2)^1/2 + DJ) / 2 + PE
    Total System Jitter     (TSJ):    0.071ns
    Total Input Jitter      (TIJ):    0.000ns
    Discrete Jitter          (DJ):    0.000ns
    Phase Error              (PE):    0.000ns

    Location             Delay type                Incr(ns)  Path(ns)    Netlist Resource(s)
  -------------------------------------------------------------------    -------------------
                         (clock clk rise edge)        0.000     0.000 r  
                                                      0.000     0.000 r  clk (IN)
                         net (fo=2856, unset)         0.077     0.077    gen_lane[0].u_lane/p_sig1_reg/CLK
                         DSP_OUTPUT                                   r  gen_lane[0].u_lane/p_sig1_reg/DSP_OUTPUT_INST/CLK
  -------------------------------------------------------------------    -------------------
                         DSP_OUTPUT (Prop_DSP_OUTPUT_CLK_P[3])
                                                      0.279     0.356 f  gen_lane[0].u_lane/p_sig1_reg/DSP_OUTPUT_INST/P[3]
                         net (fo=1, unplaced)         0.252     0.608    gen_lane[0].u_lane/prod2_reg/A[3]
                         DSP_A_B_DATA (Prop_DSP_A_B_DATA_A[3]_A2_DATA[3])
                                                      0.258     0.866 r  gen_lane[0].u_lane/prod2_reg/DSP_A_B_DATA_INST/A2_DATA[3]
                         net (fo=1, unplaced)         0.000     0.866    gen_lane[0].u_lane/prod2_reg/DSP_A_B_DATA.A2_DATA<3>
                         DSP_PREADD_DATA (Prop_DSP_PREADD_DATA_A2_DATA[3]_A2A1[3])
                                                      0.114     0.980 r  gen_lane[0].u_lane/prod2_reg/DSP_PREADD_DATA_INST/A2A1[3]
                         net (fo=1, unplaced)         0.000     0.980    gen_lane[0].u_lane/prod2_reg/DSP_PREADD_DATA.A2A1<3>
                         DSP_MULTIPLIER (Prop_DSP_MULTIPLIER_A2A1[3]_U[13])
                                                      0.700     1.680 f  gen_lane[0].u_lane/prod2_reg/DSP_MULTIPLIER_INST/U[13]
                         net (fo=1, unplaced)         0.000     1.680    gen_lane[0].u_lane/prod2_reg/DSP_MULTIPLIER.U<13>
                         DSP_M_DATA (Prop_DSP_M_DATA_U[13]_U_DATA[13])
                                                      0.067     1.747 r  gen_lane[0].u_lane/prod2_reg/DSP_M_DATA_INST/U_DATA[13]
                         net (fo=1, unplaced)         0.000     1.747    gen_lane[0].u_lane/prod2_reg/DSP_M_DATA.U_DATA<13>
                         DSP_ALU (Prop_DSP_ALU_U_DATA[13]_ALU_OUT[13])
                                                      0.727     2.474 r  gen_lane[0].u_lane/prod2_reg/DSP_ALU_INST/ALU_OUT[13]
                         net (fo=1, unplaced)         0.000     2.474    gen_lane[0].u_lane/prod2_reg/DSP_ALU.ALU_OUT<13>
                         DSP_OUTPUT                                   r  gen_lane[0].u_lane/prod2_reg/DSP_OUTPUT_INST/ALU_OUT[13]
  -------------------------------------------------------------------    -------------------

                         (clock clk rise edge)        3.333     3.333 r  
                                                      0.000     3.333 r  clk (IN)
                         net (fo=2856, unset)         0.055     3.388    gen_lane[0].u_lane/prod2_reg/CLK
                         DSP_OUTPUT                                   r  gen_lane[0].u_lane/prod2_reg/DSP_OUTPUT_INST/CLK
                         clock pessimism              0.000     3.388    
                         clock uncertainty           -0.035     3.353    
                         DSP_OUTPUT (Setup_DSP_OUTPUT_CLK_ALU_OUT[13])
                                                      0.014     3.367    gen_lane[0].u_lane/prod2_reg/DSP_OUTPUT_INST
  -------------------------------------------------------------------
                         required time                          3.367    
                         arrival time                          -2.474    
  -------------------------------------------------------------------
                         slack                                  0.893    

Slack (MET) :             0.893ns  (required time - arrival time)
  Source:                 gen_lane[0].u_lane/p_sig1_reg/DSP_OUTPUT_INST/CLK
                            (rising edge-triggered cell DSP_OUTPUT clocked by clk  {rise@0.000ns fall@1.666ns period=3.333ns})
  Destination:            gen_lane[0].u_lane/prod2_reg/DSP_OUTPUT_INST/ALU_OUT[14]
                            (rising edge-triggered cell DSP_OUTPUT clocked by clk  {rise@0.000ns fall@1.666ns period=3.333ns})
  Path Group:             clk
  Path Type:              Setup (Max at Slow Process Corner)
  Requirement:            3.333ns  (clk rise@3.333ns - clk rise@0.000ns)
  Data Path Delay:        2.397ns  (logic 2.145ns (89.487%)  route 0.252ns (10.513%))
  Logic Levels:           5  (DSP_A_B_DATA=1 DSP_ALU=1 DSP_M_DATA=1 DSP_MULTIPLIER=1 DSP_PREADD_DATA=1)
  Clock Path Skew:        -0.022ns (DCD - SCD + CPR)
    Destination Clock Delay (DCD):    0.055ns = ( 3.388 - 3.333 ) 
    Source Clock Delay      (SCD):    0.077ns
    Clock Pessimism Removal (CPR):    0.000ns
  Clock Uncertainty:      0.035ns  ((TSJ^2 + TIJ^2)^1/2 + DJ) / 2 + PE
    Total System Jitter     (TSJ):    0.071ns
    Total Input Jitter      (TIJ):    0.000ns
    Discrete Jitter          (DJ):    0.000ns
    Phase Error              (PE):    0.000ns

    Location             Delay type                Incr(ns)  Path(ns)    Netlist Resource(s)
  -------------------------------------------------------------------    -------------------
                         (clock clk rise edge)        0.000     0.000 r  
                                                      0.000     0.000 r  clk (IN)
                         net (fo=2856, unset)         0.077     0.077    gen_lane[0].u_lane/p_sig1_reg/CLK
                         DSP_OUTPUT                                   r  gen_lane[0].u_lane/p_sig1_reg/DSP_OUTPUT_INST/CLK
  -------------------------------------------------------------------    -------------------
                         DSP_OUTPUT (Prop_DSP_OUTPUT_CLK_P[3])
                                                      0.279     0.356 f  gen_lane[0].u_lane/p_sig1_reg/DSP_OUTPUT_INST/P[3]
                         net (fo=1, unplaced)         0.252     0.608    gen_lane[0].u_lane/prod2_reg/A[3]
                         DSP_A_B_DATA (Prop_DSP_A_B_DATA_A[3]_A2_DATA[3])
                                                      0.258     0.866 r  gen_lane[0].u_lane/prod2_reg/DSP_A_B_DATA_INST/A2_DATA[3]
                         net (fo=1, unplaced)         0.000     0.866    gen_lane[0].u_lane/prod2_reg/DSP_A_B_DATA.A2_DATA<3>
                         DSP_PREADD_DATA (Prop_DSP_PREADD_DATA_A2_DATA[3]_A2A1[3])
                                                      0.114     0.980 r  gen_lane[0].u_lane/prod2_reg/DSP_PREADD_DATA_INST/A2A1[3]
                         net (fo=1, unplaced)         0.000     0.980    gen_lane[0].u_lane/prod2_reg/DSP_PREADD_DATA.A2A1<3>
                         DSP_MULTIPLIER (Prop_DSP_MULTIPLIER_A2A1[3]_U[14])
                                                      0.700     1.680 f  gen_lane[0].u_lane/prod2_reg/DSP_MULTIPLIER_INST/U[14]
                         net (fo=1, unplaced)         0.000     1.680    gen_lane[0].u_lane/prod2_reg/DSP_MULTIPLIER.U<14>
                         DSP_M_DATA (Prop_DSP_M_DATA_U[14]_U_DATA[14])
                                                      0.067     1.747 r  gen_lane[0].u_lane/prod2_reg/DSP_M_DATA_INST/U_DATA[14]
                         net (fo=1, unplaced)         0.000     1.747    gen_lane[0].u_lane/prod2_reg/DSP_M_DATA.U_DATA<14>
                         DSP_ALU (Prop_DSP_ALU_U_DATA[14]_ALU_OUT[14])
                                                      0.727     2.474 r  gen_lane[0].u_lane/prod2_reg/DSP_ALU_INST/ALU_OUT[14]
                         net (fo=1, unplaced)         0.000     2.474    gen_lane[0].u_lane/prod2_reg/DSP_ALU.ALU_OUT<14>
                         DSP_OUTPUT                                   r  gen_lane[0].u_lane/prod2_reg/DSP_OUTPUT_INST/ALU_OUT[14]
  -------------------------------------------------------------------    -------------------

                         (clock clk rise edge)        3.333     3.333 r  
                                                      0.000     3.333 r  clk (IN)
                         net (fo=2856, unset)         0.055     3.388    gen_lane[0].u_lane/prod2_reg/CLK
                         DSP_OUTPUT                                   r  gen_lane[0].u_lane/prod2_reg/DSP_OUTPUT_INST/CLK
                         clock pessimism              0.000     3.388    
                         clock uncertainty           -0.035     3.353    
                         DSP_OUTPUT (Setup_DSP_OUTPUT_CLK_ALU_OUT[14])
                                                      0.014     3.367    gen_lane[0].u_lane/prod2_reg/DSP_OUTPUT_INST
  -------------------------------------------------------------------
                         required time                          3.367    
                         arrival time                          -2.474    
  -------------------------------------------------------------------
                         slack                                  0.893    





Min Delay Paths
--------------------------------------------------------------------------------------
Slack (MET) :             0.109ns  (arrival time - required time)
  Source:                 gen_lane[0].u_lane/exp_p1_reg[0]/C
                            (rising edge-triggered cell FDRE clocked by clk  {rise@0.000ns fall@1.666ns period=3.333ns})
  Destination:            gen_lane[0].u_lane/shamt2_reg[0]/D
                            (rising edge-triggered cell FDRE clocked by clk  {rise@0.000ns fall@1.666ns period=3.333ns})
  Path Group:             clk
  Path Type:              Hold (Min at Fast Process Corner)
  Requirement:            0.000ns  (clk rise@0.000ns - clk rise@0.000ns)
  Data Path Delay:        0.158ns  (logic 0.084ns (53.165%)  route 0.074ns (46.835%))
  Logic Levels:           0  
  Clock Path Skew:        0.005ns (DCD - SCD - CPR)
    Destination Clock Delay (DCD):    0.019ns
    Source Clock Delay      (SCD):    0.014ns
    Clock Pessimism Removal (CPR):    -0.000ns

    Location             Delay type                Incr(ns)  Path(ns)    Netlist Resource(s)
  -------------------------------------------------------------------    -------------------
                         (clock clk rise edge)        0.000     0.000 r  
                                                      0.000     0.000 r  clk (IN)
                         net (fo=2856, unset)         0.014     0.014    gen_lane[0].u_lane/clk
                         FDRE                                         r  gen_lane[0].u_lane/exp_p1_reg[0]/C
  -------------------------------------------------------------------    -------------------
                         FDRE (Prop_FDRE_C_Q)         0.084     0.098 r  gen_lane[0].u_lane/exp_p1_reg[0]/Q
                         net (fo=1, unplaced)         0.074     0.172    gen_lane[0].u_lane/exp_p1[0]
                         FDRE                                         r  gen_lane[0].u_lane/shamt2_reg[0]/D
  -------------------------------------------------------------------    -------------------

                         (clock clk rise edge)        0.000     0.000 r  
                                                      0.000     0.000 r  clk (IN)
                         net (fo=2856, unset)         0.019     0.019    gen_lane[0].u_lane/clk
                         FDRE                                         r  gen_lane[0].u_lane/shamt2_reg[0]/C
                         clock pessimism              0.000     0.019    
                         FDRE (Hold_FDRE_C_D)         0.044     0.063    gen_lane[0].u_lane/shamt2_reg[0]
  -------------------------------------------------------------------
                         required time                         -0.063    
                         arrival time                           0.172    
  -------------------------------------------------------------------
                         slack                                  0.109    

Slack (MET) :             0.109ns  (arrival time - required time)
  Source:                 gen_lane[0].u_lane/exp_p1_reg[1]/C
                            (rising edge-triggered cell FDRE clocked by clk  {rise@0.000ns fall@1.666ns period=3.333ns})
  Destination:            gen_lane[0].u_lane/shamt2_reg[1]/D
                            (rising edge-triggered cell FDRE clocked by clk  {rise@0.000ns fall@1.666ns period=3.333ns})
  Path Group:             clk
  Path Type:              Hold (Min at Fast Process Corner)
  Requirement:            0.000ns  (clk rise@0.000ns - clk rise@0.000ns)
  Data Path Delay:        0.158ns  (logic 0.084ns (53.165%)  route 0.074ns (46.835%))
  Logic Levels:           0  
  Clock Path Skew:        0.005ns (DCD - SCD - CPR)
    Destination Clock Delay (DCD):    0.019ns
    Source Clock Delay      (SCD):    0.014ns
    Clock Pessimism Removal (CPR):    -0.000ns

    Location             Delay type                Incr(ns)  Path(ns)    Netlist Resource(s)
  -------------------------------------------------------------------    -------------------
                         (clock clk rise edge)        0.000     0.000 r  
                                                      0.000     0.000 r  clk (IN)
                         net (fo=2856, unset)         0.014     0.014    gen_lane[0].u_lane/clk
                         FDRE                                         r  gen_lane[0].u_lane/exp_p1_reg[1]/C
  -------------------------------------------------------------------    -------------------
                         FDRE (Prop_FDRE_C_Q)         0.084     0.098 r  gen_lane[0].u_lane/exp_p1_reg[1]/Q
                         net (fo=1, unplaced)         0.074     0.172    gen_lane[0].u_lane/exp_p1[1]
                         FDRE                                         r  gen_lane[0].u_lane/shamt2_reg[1]/D
  -------------------------------------------------------------------    -------------------

                         (clock clk rise edge)        0.000     0.000 r  
                                                      0.000     0.000 r  clk (IN)
                         net (fo=2856, unset)         0.019     0.019    gen_lane[0].u_lane/clk
                         FDRE                                         r  gen_lane[0].u_lane/shamt2_reg[1]/C
                         clock pessimism              0.000     0.019    
                         FDRE (Hold_FDRE_C_D)         0.044     0.063    gen_lane[0].u_lane/shamt2_reg[1]
  -------------------------------------------------------------------
                         required time                         -0.063    
                         arrival time                           0.172    
  -------------------------------------------------------------------
                         slack                                  0.109    

Slack (MET) :             0.109ns  (arrival time - required time)
  Source:                 gen_lane[0].u_lane/exp_p1_reg[2]/C
                            (rising edge-triggered cell FDRE clocked by clk  {rise@0.000ns fall@1.666ns period=3.333ns})
  Destination:            gen_lane[0].u_lane/shamt2_reg[2]/D
                            (rising edge-triggered cell FDRE clocked by clk  {rise@0.000ns fall@1.666ns period=3.333ns})
  Path Group:             clk
  Path Type:              Hold (Min at Fast Process Corner)
  Requirement:            0.000ns  (clk rise@0.000ns - clk rise@0.000ns)
  Data Path Delay:        0.158ns  (logic 0.084ns (53.165%)  route 0.074ns (46.835%))
  Logic Levels:           0  
  Clock Path Skew:        0.005ns (DCD - SCD - CPR)
    Destination Clock Delay (DCD):    0.019ns
    Source Clock Delay      (SCD):    0.014ns
    Clock Pessimism Removal (CPR):    -0.000ns

    Location             Delay type                Incr(ns)  Path(ns)    Netlist Resource(s)
  -------------------------------------------------------------------    -------------------
                         (clock clk rise edge)        0.000     0.000 r  
                                                      0.000     0.000 r  clk (IN)
                         net (fo=2856, unset)         0.014     0.014    gen_lane[0].u_lane/clk
                         FDRE                                         r  gen_lane[0].u_lane/exp_p1_reg[2]/C
  -------------------------------------------------------------------    -------------------
                         FDRE (Prop_FDRE_C_Q)         0.084     0.098 r  gen_lane[0].u_lane/exp_p1_reg[2]/Q
                         net (fo=1, unplaced)         0.074     0.172    gen_lane[0].u_lane/exp_p1[2]
                         FDRE                                         r  gen_lane[0].u_lane/shamt2_reg[2]/D
  -------------------------------------------------------------------    -------------------

                         (clock clk rise edge)        0.000     0.000 r  
                                                      0.000     0.000 r  clk (IN)
                         net (fo=2856, unset)         0.019     0.019    gen_lane[0].u_lane/clk
                         FDRE                                         r  gen_lane[0].u_lane/shamt2_reg[2]/C
                         clock pessimism              0.000     0.019    
                         FDRE (Hold_FDRE_C_D)         0.044     0.063    gen_lane[0].u_lane/shamt2_reg[2]
  -------------------------------------------------------------------
                         required time                         -0.063    
                         arrival time                           0.172    
  -------------------------------------------------------------------
                         slack                                  0.109    

Slack (MET) :             0.109ns  (arrival time - required time)
  Source:                 gen_lane[0].u_lane/exp_p1_reg[3]/C
                            (rising edge-triggered cell FDRE clocked by clk  {rise@0.000ns fall@1.666ns period=3.333ns})
  Destination:            gen_lane[0].u_lane/shamt2_reg[3]/D
                            (rising edge-triggered cell FDRE clocked by clk  {rise@0.000ns fall@1.666ns period=3.333ns})
  Path Group:             clk
  Path Type:              Hold (Min at Fast Process Corner)
  Requirement:            0.000ns  (clk rise@0.000ns - clk rise@0.000ns)
  Data Path Delay:        0.158ns  (logic 0.084ns (53.165%)  route 0.074ns (46.835%))
  Logic Levels:           0  
  Clock Path Skew:        0.005ns (DCD - SCD - CPR)
    Destination Clock Delay (DCD):    0.019ns
    Source Clock Delay      (SCD):    0.014ns
    Clock Pessimism Removal (CPR):    -0.000ns

    Location             Delay type                Incr(ns)  Path(ns)    Netlist Resource(s)
  -------------------------------------------------------------------    -------------------
                         (clock clk rise edge)        0.000     0.000 r  
                                                      0.000     0.000 r  clk (IN)
                         net (fo=2856, unset)         0.014     0.014    gen_lane[0].u_lane/clk
                         FDRE                                         r  gen_lane[0].u_lane/exp_p1_reg[3]/C
  -------------------------------------------------------------------    -------------------
                         FDRE (Prop_FDRE_C_Q)         0.084     0.098 r  gen_lane[0].u_lane/exp_p1_reg[3]/Q
                         net (fo=1, unplaced)         0.074     0.172    gen_lane[0].u_lane/exp_p1[3]
                         FDRE                                         r  gen_lane[0].u_lane/shamt2_reg[3]/D
  -------------------------------------------------------------------    -------------------

                         (clock clk rise edge)        0.000     0.000 r  
                                                      0.000     0.000 r  clk (IN)
                         net (fo=2856, unset)         0.019     0.019    gen_lane[0].u_lane/clk
                         FDRE                                         r  gen_lane[0].u_lane/shamt2_reg[3]/C
                         clock pessimism              0.000     0.019    
                         FDRE (Hold_FDRE_C_D)         0.044     0.063    gen_lane[0].u_lane/shamt2_reg[3]
  -------------------------------------------------------------------
                         required time                         -0.063    
                         arrival time                           0.172    
  -------------------------------------------------------------------
                         slack                                  0.109    

Slack (MET) :             0.109ns  (arrival time - required time)
  Source:                 gen_lane[0].u_lane/exp_p1_reg[4]/C
                            (rising edge-triggered cell FDRE clocked by clk  {rise@0.000ns fall@1.666ns period=3.333ns})
  Destination:            gen_lane[0].u_lane/shamt2_reg[4]/D
                            (rising edge-triggered cell FDRE clocked by clk  {rise@0.000ns fall@1.666ns period=3.333ns})
  Path Group:             clk
  Path Type:              Hold (Min at Fast Process Corner)
  Requirement:            0.000ns  (clk rise@0.000ns - clk rise@0.000ns)
  Data Path Delay:        0.158ns  (logic 0.084ns (53.165%)  route 0.074ns (46.835%))
  Logic Levels:           0  
  Clock Path Skew:        0.005ns (DCD - SCD - CPR)
    Destination Clock Delay (DCD):    0.019ns
    Source Clock Delay      (SCD):    0.014ns
    Clock Pessimism Removal (CPR):    -0.000ns

    Location             Delay type                Incr(ns)  Path(ns)    Netlist Resource(s)
  -------------------------------------------------------------------    -------------------
                         (clock clk rise edge)        0.000     0.000 r  
                                                      0.000     0.000 r  clk (IN)
                         net (fo=2856, unset)         0.014     0.014    gen_lane[0].u_lane/clk
                         FDRE                                         r  gen_lane[0].u_lane/exp_p1_reg[4]/C
  -------------------------------------------------------------------    -------------------
                         FDRE (Prop_FDRE_C_Q)         0.084     0.098 r  gen_lane[0].u_lane/exp_p1_reg[4]/Q
                         net (fo=1, unplaced)         0.074     0.172    gen_lane[0].u_lane/exp_p1[4]
                         FDRE                                         r  gen_lane[0].u_lane/shamt2_reg[4]/D
  -------------------------------------------------------------------    -------------------

                         (clock clk rise edge)        0.000     0.000 r  
                                                      0.000     0.000 r  clk (IN)
                         net (fo=2856, unset)         0.019     0.019    gen_lane[0].u_lane/clk
                         FDRE                                         r  gen_lane[0].u_lane/shamt2_reg[4]/C
                         clock pessimism              0.000     0.019    
                         FDRE (Hold_FDRE_C_D)         0.044     0.063    gen_lane[0].u_lane/shamt2_reg[4]
  -------------------------------------------------------------------
                         required time                         -0.063    
                         arrival time                           0.172    
  -------------------------------------------------------------------
                         slack                                  0.109    





Pulse Width Checks
--------------------------------------------------------------------------------------
Clock Name:         clk
Waveform(ns):       { 0.000 1.666 }
Period(ns):         3.333
Sources:            { clk }

Check Type        Corner  Lib Pin         Reference Pin  Required(ns)  Actual(ns)  Slack(ns)  Location  Pin
Min Period        n/a     SRL16E/CLK      n/a            1.524         3.333       1.809                gen_lane[15].u_lane/clr1_reg_srl2___gen_lane_r_0/CLK
Min Period        n/a     SRL16E/CLK      n/a            1.524         3.333       1.809                gen_lane[15].u_lane/v1_reg_srl2___gen_lane_r_0/CLK
Min Period        n/a     DSP_OUTPUT/CLK  n/a            0.850         3.333       2.483                gen_lane[0].u_lane/p_sig1_reg/DSP_OUTPUT_INST/CLK
Min Period        n/a     DSP_OUTPUT/CLK  n/a            0.850         3.333       2.483                gen_lane[0].u_lane/prod2_reg/DSP_OUTPUT_INST/CLK
Min Period        n/a     DSP_OUTPUT/CLK  n/a            0.850         3.333       2.483                gen_lane[10].u_lane/p_sig1_reg/DSP_OUTPUT_INST/CLK
Low Pulse Width   Slow    SRL16E/CLK      n/a            0.762         1.666       0.904                gen_lane[15].u_lane/clr1_reg_srl2___gen_lane_r_0/CLK
Low Pulse Width   Fast    SRL16E/CLK      n/a            0.762         1.667       0.905                gen_lane[15].u_lane/clr1_reg_srl2___gen_lane_r_0/CLK
Low Pulse Width   Slow    SRL16E/CLK      n/a            0.762         1.666       0.904                gen_lane[15].u_lane/v1_reg_srl2___gen_lane_r_0/CLK
Low Pulse Width   Fast    SRL16E/CLK      n/a            0.762         1.667       0.905                gen_lane[15].u_lane/v1_reg_srl2___gen_lane_r_0/CLK
Low Pulse Width   Slow    FDRE/C          n/a            0.275         1.666       1.391                gen_lane_r/C
High Pulse Width  Slow    SRL16E/CLK      n/a            0.762         1.666       0.904                gen_lane[15].u_lane/clr1_reg_srl2___gen_lane_r_0/CLK
High Pulse Width  Fast    SRL16E/CLK      n/a            0.762         1.666       0.904                gen_lane[15].u_lane/clr1_reg_srl2___gen_lane_r_0/CLK
High Pulse Width  Slow    SRL16E/CLK      n/a            0.762         1.666       0.904                gen_lane[15].u_lane/v1_reg_srl2___gen_lane_r_0/CLK
High Pulse Width  Fast    SRL16E/CLK      n/a            0.762         1.666       0.904                gen_lane[15].u_lane/v1_reg_srl2___gen_lane_r_0/CLK
High Pulse Width  Slow    FDRE/C          n/a            0.275         1.666       1.391                gen_lane_r/C



