Copyright 1986-2022 Xilinx, Inc. All Rights Reserved. Copyright 2022-2026 Advanced Micro Devices, Inc. All Rights Reserved.
--------------------------------------------------------------------------------------------------------------------------------------------------
| Tool Version      : Vivado v.2025.2.1 (win64) Build 6403652 Thu Mar 19 19:48:24 GMT 2026
| Date              : Mon Jun 22 12:19:46 2026
| Host              : ANGELVIERA7B7F running 64-bit major release  (build 9200)
| Command           : report_timing_summary -max_paths 5 -file gemmk_timing.rpt
| Design            : gemm_kernel_ooc
| Device            : xck26-sfvc784
| Speed File        : -2LV  PRODUCTION 1.31 12-08-2025
| Design State      : Synthesized
| Temperature Grade : C
--------------------------------------------------------------------------------------------------------------------------------------------------

Timing Summary Report

------------------------------------------------------------------------------------------------
| Timer Settings
| --------------
------------------------------------------------------------------------------------------------

  Enable Multi Corner Analysis               :  Yes
  Enable Pessimism Removal                   :  Yes
  Pessimism Removal Resolution               :  Nearest Common Node
  Enable Input Delay Default Clock           :  No
  Enable Preset / Clear Arcs                 :  No
  Disable Flight Delays                      :  No
  Ignore I/O Paths                           :  No
  Timing Early Launch at Borrowing Latches   :  No
  Borrow Time for Max Delay Exceptions       :  Yes
  Merge Timing Exceptions                    :  Yes
  Inter-SLR Compensation                     :  Conservative

  Corner  Analyze    Analyze    
  Name    Max Paths  Min Paths  
  ------  ---------  ---------  
  Slow    Yes        Yes        
  Fast    Yes        Yes        


------------------------------------------------------------------------------------------------
| Report Methodology
| ------------------
------------------------------------------------------------------------------------------------

No report available as report_methodology has not been run prior. Run report_methodology on the current design for the summary of methodology violations.



check_timing report

Table of Contents
-----------------
1. checking no_clock (0)
2. checking constant_clock (0)
3. checking pulse_width_clock (0)
4. checking unconstrained_internal_endpoints (0)
5. checking no_input_delay (637)
6. checking no_output_delay (70)
7. checking multiple_clock (0)
8. checking generated_clocks (0)
9. checking loops (0)
10. checking partial_input_delay (0)
11. checking partial_output_delay (0)
12. checking latch_loops (0)

1. checking no_clock (0)
------------------------
 There are 0 register/latch pins with no clock.


2. checking constant_clock (0)
------------------------------
 There are 0 register/latch pins with constant_clock.


3. checking pulse_width_clock (0)
---------------------------------
 There are 0 register/latch pins which need pulse_width check


4. checking unconstrained_internal_endpoints (0)
------------------------------------------------
 There are 0 pins that are not constrained for maximum delay.

 There are 0 pins that are not constrained for maximum delay due to constant clock.


5. checking no_input_delay (637)
--------------------------------
 There are 0 input ports with no input delay specified.

 There are 637 input ports with no input delay but user has a false path constraint. (MEDIUM)


6. checking no_output_delay (70)
--------------------------------
 There are 0 ports with no output delay specified.

 There are 70 ports with no output delay but user has a false path constraint (MEDIUM)

 There are 0 ports with no output delay but with a timing clock defined on it or propagating through it


7. checking multiple_clock (0)
------------------------------
 There are 0 register/latch pins with multiple clocks.


8. checking generated_clocks (0)
--------------------------------
 There are 0 generated clocks that are not connected to a clock source.


9. checking loops (0)
---------------------
 There are 0 combinational loops in the design.


10. checking partial_input_delay (0)
------------------------------------
 There are 0 input ports with partial input delay specified.


11. checking partial_output_delay (0)
-------------------------------------
 There are 0 ports with partial output delay specified.


12. checking latch_loops (0)
----------------------------
 There are 0 combinational latch loops in the design through latch input



------------------------------------------------------------------------------------------------
| Design Timing Summary
| ---------------------
------------------------------------------------------------------------------------------------

    WNS(ns)      TNS(ns)  TNS Failing Endpoints  TNS Total Endpoints      WHS(ns)      THS(ns)  THS Failing Endpoints  THS Total Endpoints     WPWS(ns)     TPWS(ns)  TPWS Failing Endpoints  TPWS Total Endpoints  
    -------      -------  ---------------------  -------------------      -------      -------  ---------------------  -------------------     --------     --------  ----------------------  --------------------  
     -0.293      -11.322                    104                29082        0.037        0.000                      0                29082        0.904        0.000                       0                 16147  


Timing constraints are not met.


------------------------------------------------------------------------------------------------
| Clock Summary
| -------------
------------------------------------------------------------------------------------------------

Clock  Waveform(ns)         Period(ns)      Frequency(MHz)
-----  ------------         ----------      --------------
clk    {0.000 1.666}        3.333           300.030         


------------------------------------------------------------------------------------------------
| Intra Clock Table
| -----------------
------------------------------------------------------------------------------------------------

Clock             WNS(ns)      TNS(ns)  TNS Failing Endpoints  TNS Total Endpoints      WHS(ns)      THS(ns)  THS Failing Endpoints  THS Total Endpoints     WPWS(ns)     TPWS(ns)  TPWS Failing Endpoints  TPWS Total Endpoints  
-----             -------      -------  ---------------------  -------------------      -------      -------  ---------------------  -------------------     --------     --------  ----------------------  --------------------  
clk                -0.293      -11.322                    104                29082        0.037        0.000                      0                29082        0.904        0.000                       0                 16147  


------------------------------------------------------------------------------------------------
| Inter Clock Table
| -----------------
------------------------------------------------------------------------------------------------

From Clock    To Clock          WNS(ns)      TNS(ns)  TNS Failing Endpoints  TNS Total Endpoints      WHS(ns)      THS(ns)  THS Failing Endpoints  THS Total Endpoints  
----------    --------          -------      -------  ---------------------  -------------------      -------      -------  ---------------------  -------------------  


------------------------------------------------------------------------------------------------
| Other Path Groups Table
| -----------------------
------------------------------------------------------------------------------------------------

Path Group    From Clock    To Clock          WNS(ns)      TNS(ns)  TNS Failing Endpoints  TNS Total Endpoints      WHS(ns)      THS(ns)  THS Failing Endpoints  THS Total Endpoints  
----------    ----------    --------          -------      -------  ---------------------  -------------------      -------      -------  ---------------------  -------------------  


------------------------------------------------------------------------------------------------
| Timing Details
| --------------
------------------------------------------------------------------------------------------------


---------------------------------------------------------------------------------------------------
From Clock:  clk
  To Clock:  clk

Setup :          104  Failing Endpoints,  Worst Slack       -0.293ns,  Total Violation      -11.322ns
Hold  :            0  Failing Endpoints,  Worst Slack        0.037ns,  Total Violation        0.000ns
PW    :            0  Failing Endpoints,  Worst Slack        0.904ns,  Total Violation        0.000ns
---------------------------------------------------------------------------------------------------


Max Delay Paths
--------------------------------------------------------------------------------------
Slack (VIOLATED) :        -0.293ns  (required time - arrival time)
  Source:                 u/acts_mem_reg_0/CLKARDCLK
                            (rising edge-triggered cell RAMB36E2 clocked by clk  {rise@0.000ns fall@1.666ns period=3.333ns})
  Destination:            u/u_rowblock/gen_lane[11].ps1_reg[1][13]/D
                            (rising edge-triggered cell FDRE clocked by clk  {rise@0.000ns fall@1.666ns period=3.333ns})
  Path Group:             clk
  Path Type:              Setup (Max at Slow Process Corner)
  Requirement:            3.333ns  (clk rise@3.333ns - clk rise@0.000ns)
  Data Path Delay:        3.664ns  (logic 2.091ns (57.069%)  route 1.573ns (42.931%))
  Logic Levels:           7  (CARRY8=1 LUT3=2 LUT5=2 LUT6=2)
  Clock Path Skew:        0.030ns (DCD - SCD + CPR)
    Destination Clock Delay (DCD):    0.030ns = ( 3.363 - 3.333 ) 
    Source Clock Delay      (SCD):    0.000ns
    Clock Pessimism Removal (CPR):    0.000ns
  Clock Uncertainty:      0.035ns  ((TSJ^2 + TIJ^2)^1/2 + DJ) / 2 + PE
    Total System Jitter     (TSJ):    0.071ns
    Total Input Jitter      (TIJ):    0.000ns
    Discrete Jitter          (DJ):    0.000ns
    Phase Error              (PE):    0.000ns

    Location             Delay type                Incr(ns)  Path(ns)    Netlist Resource(s)
  -------------------------------------------------------------------    -------------------
                         (clock clk rise edge)        0.000     0.000 r  
                                                      0.000     0.000 r  clk (IN)
                         net (fo=16290, unset)        0.000     0.000    u/clk
                         RAMB36E2                                     r  u/acts_mem_reg_0/CLKARDCLK
  -------------------------------------------------------------------    -------------------
                         RAMB36E2 (Prop_RAMB36E2_CLKARDCLK_DOUTBDOUT[28])
                                                      1.207     1.207 r  u/acts_mem_reg_0/DOUTBDOUT[28]
                         net (fo=33, unplaced)        0.304     1.511    u/u_rowblock/issue_acts_packed_q[60]
                         LUT6 (Prop_LUT6_I0_O)        0.225     1.736 f  u/u_rowblock/gen_lane[0].ps1[1][13]_i_22/O
                         net (fo=35, unplaced)        0.273     2.009    u/u_rowblock/gen_lane[0].ps1[1][13]_i_22_n_0
                         LUT3 (Prop_LUT3_I2_O)        0.058     2.067 r  u/u_rowblock/gen_lane[0].ps1[1][13]_i_11/O
                         net (fo=53, unplaced)        0.282     2.349    u/u_rowblock/gen_lane[0].ps1[1][13]_i_11_n_0
                         LUT3 (Prop_LUT3_I2_O)        0.095     2.444 r  u/u_rowblock/gen_lane[11].ps1[1][13]_i_19/O
                         net (fo=5, unplaced)         0.229     2.673    u/u_rowblock/gen_lane[11].ps1[1][13]_i_19_n_0
                         LUT6 (Prop_LUT6_I3_O)        0.058     2.731 r  u/u_rowblock/gen_lane[11].ps1[1][13]_i_16/O
                         net (fo=2, unplaced)         0.211     2.942    u/u_rowblock/gen_lane[11].ps1[1][13]_i_16_n_0
                         LUT5 (Prop_LUT5_I4_O)        0.058     3.000 r  u/u_rowblock/gen_lane[11].ps1[1][13]_i_4/O
                         net (fo=2, unplaced)         0.211     3.211    u/u_rowblock/gen_lane[11].ps1[1][13]_i_4_n_0
                         LUT5 (Prop_LUT5_I0_O)        0.057     3.268 r  u/u_rowblock/gen_lane[11].ps1[1][13]_i_10/O
                         net (fo=1, unplaced)         0.030     3.298    u/u_rowblock/gen_lane[11].ps1[1][13]_i_10_n_0
                         CARRY8 (Prop_CARRY8_S[1]_O[5])
                                                      0.333     3.631 r  u/u_rowblock/gen_lane[11].ps1_reg[1][13]_i_1/O[5]
                         net (fo=1, unplaced)         0.033     3.664    u/u_rowblock/quad_sum88_return[13]
                         FDRE                                         r  u/u_rowblock/gen_lane[11].ps1_reg[1][13]/D
  -------------------------------------------------------------------    -------------------

                         (clock clk rise edge)        3.333     3.333 r  
                                                      0.000     3.333 r  clk (IN)
                         net (fo=16290, unset)        0.030     3.363    u/u_rowblock/clk
                         FDRE                                         r  u/u_rowblock/gen_lane[11].ps1_reg[1][13]/C
                         clock pessimism              0.000     3.363    
                         clock uncertainty           -0.035     3.328    
                         FDRE (Setup_FDRE_C_D)        0.043     3.371    u/u_rowblock/gen_lane[11].ps1_reg[1][13]
  -------------------------------------------------------------------
                         required time                          3.371    
                         arrival time                          -3.664    
  -------------------------------------------------------------------
                         slack                                 -0.293    

Slack (VIOLATED) :        -0.293ns  (required time - arrival time)
  Source:                 u/acts_mem_reg_0/CLKARDCLK
                            (rising edge-triggered cell RAMB36E2 clocked by clk  {rise@0.000ns fall@1.666ns period=3.333ns})
  Destination:            u/u_rowblock/gen_lane[15].ps1_reg[1][13]/D
                            (rising edge-triggered cell FDRE clocked by clk  {rise@0.000ns fall@1.666ns period=3.333ns})
  Path Group:             clk
  Path Type:              Setup (Max at Slow Process Corner)
  Requirement:            3.333ns  (clk rise@3.333ns - clk rise@0.000ns)
  Data Path Delay:        3.664ns  (logic 2.091ns (57.069%)  route 1.573ns (42.931%))
  Logic Levels:           7  (CARRY8=1 LUT3=2 LUT5=2 LUT6=2)
  Clock Path Skew:        0.030ns (DCD - SCD + CPR)
    Destination Clock Delay (DCD):    0.030ns = ( 3.363 - 3.333 ) 
    Source Clock Delay      (SCD):    0.000ns
    Clock Pessimism Removal (CPR):    0.000ns
  Clock Uncertainty:      0.035ns  ((TSJ^2 + TIJ^2)^1/2 + DJ) / 2 + PE
    Total System Jitter     (TSJ):    0.071ns
    Total Input Jitter      (TIJ):    0.000ns
    Discrete Jitter          (DJ):    0.000ns
    Phase Error              (PE):    0.000ns

    Location             Delay type                Incr(ns)  Path(ns)    Netlist Resource(s)
  -------------------------------------------------------------------    -------------------
                         (clock clk rise edge)        0.000     0.000 r  
                                                      0.000     0.000 r  clk (IN)
                         net (fo=16290, unset)        0.000     0.000    u/clk
                         RAMB36E2                                     r  u/acts_mem_reg_0/CLKARDCLK
  -------------------------------------------------------------------    -------------------
                         RAMB36E2 (Prop_RAMB36E2_CLKARDCLK_DOUTBDOUT[28])
                                                      1.207     1.207 r  u/acts_mem_reg_0/DOUTBDOUT[28]
                         net (fo=33, unplaced)        0.304     1.511    u/u_rowblock/issue_acts_packed_q[60]
                         LUT6 (Prop_LUT6_I0_O)        0.225     1.736 f  u/u_rowblock/gen_lane[0].ps1[1][13]_i_22/O
                         net (fo=35, unplaced)        0.273     2.009    u/u_rowblock/gen_lane[0].ps1[1][13]_i_22_n_0
                         LUT3 (Prop_LUT3_I2_O)        0.058     2.067 r  u/u_rowblock/gen_lane[0].ps1[1][13]_i_11/O
                         net (fo=53, unplaced)        0.282     2.349    u/u_rowblock/gen_lane[0].ps1[1][13]_i_11_n_0
                         LUT3 (Prop_LUT3_I2_O)        0.095     2.444 r  u/u_rowblock/gen_lane[15].ps1[1][13]_i_19/O
                         net (fo=5, unplaced)         0.229     2.673    u/u_rowblock/gen_lane[15].ps1[1][13]_i_19_n_0
                         LUT6 (Prop_LUT6_I3_O)        0.058     2.731 r  u/u_rowblock/gen_lane[15].ps1[1][13]_i_16/O
                         net (fo=2, unplaced)         0.211     2.942    u/u_rowblock/gen_lane[15].ps1[1][13]_i_16_n_0
                         LUT5 (Prop_LUT5_I4_O)        0.058     3.000 r  u/u_rowblock/gen_lane[15].ps1[1][13]_i_4/O
                         net (fo=2, unplaced)         0.211     3.211    u/u_rowblock/gen_lane[15].ps1[1][13]_i_4_n_0
                         LUT5 (Prop_LUT5_I0_O)        0.057     3.268 r  u/u_rowblock/gen_lane[15].ps1[1][13]_i_10/O
                         net (fo=1, unplaced)         0.030     3.298    u/u_rowblock/gen_lane[15].ps1[1][13]_i_10_n_0
                         CARRY8 (Prop_CARRY8_S[1]_O[5])
                                                      0.333     3.631 r  u/u_rowblock/gen_lane[15].ps1_reg[1][13]_i_1/O[5]
                         net (fo=1, unplaced)         0.033     3.664    u/u_rowblock/quad_sum120_return[13]
                         FDRE                                         r  u/u_rowblock/gen_lane[15].ps1_reg[1][13]/D
  -------------------------------------------------------------------    -------------------

                         (clock clk rise edge)        3.333     3.333 r  
                                                      0.000     3.333 r  clk (IN)
                         net (fo=16290, unset)        0.030     3.363    u/u_rowblock/clk
                         FDRE                                         r  u/u_rowblock/gen_lane[15].ps1_reg[1][13]/C
                         clock pessimism              0.000     3.363    
                         clock uncertainty           -0.035     3.328    
                         FDRE (Setup_FDRE_C_D)        0.043     3.371    u/u_rowblock/gen_lane[15].ps1_reg[1][13]
  -------------------------------------------------------------------
                         required time                          3.371    
                         arrival time                          -3.664    
  -------------------------------------------------------------------
                         slack                                 -0.293    

Slack (VIOLATED) :        -0.293ns  (required time - arrival time)
  Source:                 u/acts_mem_reg_0/CLKARDCLK
                            (rising edge-triggered cell RAMB36E2 clocked by clk  {rise@0.000ns fall@1.666ns period=3.333ns})
  Destination:            u/u_rowblock/gen_lane[2].ps1_reg[1][13]/D
                            (rising edge-triggered cell FDRE clocked by clk  {rise@0.000ns fall@1.666ns period=3.333ns})
  Path Group:             clk
  Path Type:              Setup (Max at Slow Process Corner)
  Requirement:            3.333ns  (clk rise@3.333ns - clk rise@0.000ns)
  Data Path Delay:        3.664ns  (logic 2.091ns (57.069%)  route 1.573ns (42.931%))
  Logic Levels:           7  (CARRY8=1 LUT3=2 LUT5=2 LUT6=2)
  Clock Path Skew:        0.030ns (DCD - SCD + CPR)
    Destination Clock Delay (DCD):    0.030ns = ( 3.363 - 3.333 ) 
    Source Clock Delay      (SCD):    0.000ns
    Clock Pessimism Removal (CPR):    0.000ns
  Clock Uncertainty:      0.035ns  ((TSJ^2 + TIJ^2)^1/2 + DJ) / 2 + PE
    Total System Jitter     (TSJ):    0.071ns
    Total Input Jitter      (TIJ):    0.000ns
    Discrete Jitter          (DJ):    0.000ns
    Phase Error              (PE):    0.000ns

    Location             Delay type                Incr(ns)  Path(ns)    Netlist Resource(s)
  -------------------------------------------------------------------    -------------------
                         (clock clk rise edge)        0.000     0.000 r  
                                                      0.000     0.000 r  clk (IN)
                         net (fo=16290, unset)        0.000     0.000    u/clk
                         RAMB36E2                                     r  u/acts_mem_reg_0/CLKARDCLK
  -------------------------------------------------------------------    -------------------
                         RAMB36E2 (Prop_RAMB36E2_CLKARDCLK_DOUTBDOUT[28])
                                                      1.207     1.207 r  u/acts_mem_reg_0/DOUTBDOUT[28]
                         net (fo=33, unplaced)        0.304     1.511    u/u_rowblock/issue_acts_packed_q[60]
                         LUT6 (Prop_LUT6_I0_O)        0.225     1.736 f  u/u_rowblock/gen_lane[0].ps1[1][13]_i_22/O
                         net (fo=35, unplaced)        0.273     2.009    u/u_rowblock/gen_lane[0].ps1[1][13]_i_22_n_0
                         LUT3 (Prop_LUT3_I2_O)        0.058     2.067 r  u/u_rowblock/gen_lane[0].ps1[1][13]_i_11/O
                         net (fo=53, unplaced)        0.282     2.349    u/u_rowblock/gen_lane[0].ps1[1][13]_i_11_n_0
                         LUT3 (Prop_LUT3_I2_O)        0.095     2.444 r  u/u_rowblock/gen_lane[2].ps1[1][13]_i_19/O
                         net (fo=5, unplaced)         0.229     2.673    u/u_rowblock/gen_lane[2].ps1[1][13]_i_19_n_0
                         LUT6 (Prop_LUT6_I3_O)        0.058     2.731 r  u/u_rowblock/gen_lane[2].ps1[1][13]_i_16/O
                         net (fo=2, unplaced)         0.211     2.942    u/u_rowblock/gen_lane[2].ps1[1][13]_i_16_n_0
                         LUT5 (Prop_LUT5_I4_O)        0.058     3.000 r  u/u_rowblock/gen_lane[2].ps1[1][13]_i_4/O
                         net (fo=2, unplaced)         0.211     3.211    u/u_rowblock/gen_lane[2].ps1[1][13]_i_4_n_0
                         LUT5 (Prop_LUT5_I0_O)        0.057     3.268 r  u/u_rowblock/gen_lane[2].ps1[1][13]_i_10/O
                         net (fo=1, unplaced)         0.030     3.298    u/u_rowblock/gen_lane[2].ps1[1][13]_i_10_n_0
                         CARRY8 (Prop_CARRY8_S[1]_O[5])
                                                      0.333     3.631 r  u/u_rowblock/gen_lane[2].ps1_reg[1][13]_i_1/O[5]
                         net (fo=1, unplaced)         0.033     3.664    u/u_rowblock/quad_sum16_return[13]
                         FDRE                                         r  u/u_rowblock/gen_lane[2].ps1_reg[1][13]/D
  -------------------------------------------------------------------    -------------------

                         (clock clk rise edge)        3.333     3.333 r  
                                                      0.000     3.333 r  clk (IN)
                         net (fo=16290, unset)        0.030     3.363    u/u_rowblock/clk
                         FDRE                                         r  u/u_rowblock/gen_lane[2].ps1_reg[1][13]/C
                         clock pessimism              0.000     3.363    
                         clock uncertainty           -0.035     3.328    
                         FDRE (Setup_FDRE_C_D)        0.043     3.371    u/u_rowblock/gen_lane[2].ps1_reg[1][13]
  -------------------------------------------------------------------
                         required time                          3.371    
                         arrival time                          -3.664    
  -------------------------------------------------------------------
                         slack                                 -0.293    

Slack (VIOLATED) :        -0.293ns  (required time - arrival time)
  Source:                 u/acts_mem_reg_0/CLKARDCLK
                            (rising edge-triggered cell RAMB36E2 clocked by clk  {rise@0.000ns fall@1.666ns period=3.333ns})
  Destination:            u/u_rowblock/gen_lane[3].ps1_reg[1][13]/D
                            (rising edge-triggered cell FDRE clocked by clk  {rise@0.000ns fall@1.666ns period=3.333ns})
  Path Group:             clk
  Path Type:              Setup (Max at Slow Process Corner)
  Requirement:            3.333ns  (clk rise@3.333ns - clk rise@0.000ns)
  Data Path Delay:        3.664ns  (logic 2.091ns (57.069%)  route 1.573ns (42.931%))
  Logic Levels:           7  (CARRY8=1 LUT3=2 LUT5=2 LUT6=2)
  Clock Path Skew:        0.030ns (DCD - SCD + CPR)
    Destination Clock Delay (DCD):    0.030ns = ( 3.363 - 3.333 ) 
    Source Clock Delay      (SCD):    0.000ns
    Clock Pessimism Removal (CPR):    0.000ns
  Clock Uncertainty:      0.035ns  ((TSJ^2 + TIJ^2)^1/2 + DJ) / 2 + PE
    Total System Jitter     (TSJ):    0.071ns
    Total Input Jitter      (TIJ):    0.000ns
    Discrete Jitter          (DJ):    0.000ns
    Phase Error              (PE):    0.000ns

    Location             Delay type                Incr(ns)  Path(ns)    Netlist Resource(s)
  -------------------------------------------------------------------    -------------------
                         (clock clk rise edge)        0.000     0.000 r  
                                                      0.000     0.000 r  clk (IN)
                         net (fo=16290, unset)        0.000     0.000    u/clk
                         RAMB36E2                                     r  u/acts_mem_reg_0/CLKARDCLK
  -------------------------------------------------------------------    -------------------
                         RAMB36E2 (Prop_RAMB36E2_CLKARDCLK_DOUTBDOUT[28])
                                                      1.207     1.207 r  u/acts_mem_reg_0/DOUTBDOUT[28]
                         net (fo=33, unplaced)        0.304     1.511    u/u_rowblock/issue_acts_packed_q[60]
                         LUT6 (Prop_LUT6_I0_O)        0.225     1.736 f  u/u_rowblock/gen_lane[0].ps1[1][13]_i_22/O
                         net (fo=35, unplaced)        0.273     2.009    u/u_rowblock/gen_lane[0].ps1[1][13]_i_22_n_0
                         LUT3 (Prop_LUT3_I2_O)        0.058     2.067 r  u/u_rowblock/gen_lane[0].ps1[1][13]_i_11/O
                         net (fo=53, unplaced)        0.282     2.349    u/u_rowblock/gen_lane[0].ps1[1][13]_i_11_n_0
                         LUT3 (Prop_LUT3_I2_O)        0.095     2.444 r  u/u_rowblock/gen_lane[3].ps1[1][13]_i_18/O
                         net (fo=5, unplaced)         0.229     2.673    u/u_rowblock/gen_lane[3].ps1[1][13]_i_18_n_0
                         LUT6 (Prop_LUT6_I3_O)        0.058     2.731 r  u/u_rowblock/gen_lane[3].ps1[1][13]_i_15/O
                         net (fo=2, unplaced)         0.211     2.942    u/u_rowblock/gen_lane[3].ps1[1][13]_i_15_n_0
                         LUT5 (Prop_LUT5_I4_O)        0.058     3.000 r  u/u_rowblock/gen_lane[3].ps1[1][13]_i_3/O
                         net (fo=2, unplaced)         0.211     3.211    u/u_rowblock/gen_lane[3].ps1[1][13]_i_3_n_0
                         LUT5 (Prop_LUT5_I0_O)        0.057     3.268 r  u/u_rowblock/gen_lane[3].ps1[1][13]_i_9/O
                         net (fo=1, unplaced)         0.030     3.298    u/u_rowblock/gen_lane[3].ps1[1][13]_i_9_n_0
                         CARRY8 (Prop_CARRY8_S[1]_O[5])
                                                      0.333     3.631 r  u/u_rowblock/gen_lane[3].ps1_reg[1][13]_i_1/O[5]
                         net (fo=1, unplaced)         0.033     3.664    u/u_rowblock/quad_sum24_return[13]
                         FDRE                                         r  u/u_rowblock/gen_lane[3].ps1_reg[1][13]/D
  -------------------------------------------------------------------    -------------------

                         (clock clk rise edge)        3.333     3.333 r  
                                                      0.000     3.333 r  clk (IN)
                         net (fo=16290, unset)        0.030     3.363    u/u_rowblock/clk
                         FDRE                                         r  u/u_rowblock/gen_lane[3].ps1_reg[1][13]/C
                         clock pessimism              0.000     3.363    
                         clock uncertainty           -0.035     3.328    
                         FDRE (Setup_FDRE_C_D)        0.043     3.371    u/u_rowblock/gen_lane[3].ps1_reg[1][13]
  -------------------------------------------------------------------
                         required time                          3.371    
                         arrival time                          -3.664    
  -------------------------------------------------------------------
                         slack                                 -0.293    

Slack (VIOLATED) :        -0.293ns  (required time - arrival time)
  Source:                 u/acts_mem_reg_0/CLKARDCLK
                            (rising edge-triggered cell RAMB36E2 clocked by clk  {rise@0.000ns fall@1.666ns period=3.333ns})
  Destination:            u/u_rowblock/gen_lane[5].ps1_reg[1][13]/D
                            (rising edge-triggered cell FDRE clocked by clk  {rise@0.000ns fall@1.666ns period=3.333ns})
  Path Group:             clk
  Path Type:              Setup (Max at Slow Process Corner)
  Requirement:            3.333ns  (clk rise@3.333ns - clk rise@0.000ns)
  Data Path Delay:        3.664ns  (logic 2.091ns (57.069%)  route 1.573ns (42.931%))
  Logic Levels:           7  (CARRY8=1 LUT3=2 LUT5=2 LUT6=2)
  Clock Path Skew:        0.030ns (DCD - SCD + CPR)
    Destination Clock Delay (DCD):    0.030ns = ( 3.363 - 3.333 ) 
    Source Clock Delay      (SCD):    0.000ns
    Clock Pessimism Removal (CPR):    0.000ns
  Clock Uncertainty:      0.035ns  ((TSJ^2 + TIJ^2)^1/2 + DJ) / 2 + PE
    Total System Jitter     (TSJ):    0.071ns
    Total Input Jitter      (TIJ):    0.000ns
    Discrete Jitter          (DJ):    0.000ns
    Phase Error              (PE):    0.000ns

    Location             Delay type                Incr(ns)  Path(ns)    Netlist Resource(s)
  -------------------------------------------------------------------    -------------------
                         (clock clk rise edge)        0.000     0.000 r  
                                                      0.000     0.000 r  clk (IN)
                         net (fo=16290, unset)        0.000     0.000    u/clk
                         RAMB36E2                                     r  u/acts_mem_reg_0/CLKARDCLK
  -------------------------------------------------------------------    -------------------
                         RAMB36E2 (Prop_RAMB36E2_CLKARDCLK_DOUTBDOUT[28])
                                                      1.207     1.207 r  u/acts_mem_reg_0/DOUTBDOUT[28]
                         net (fo=33, unplaced)        0.304     1.511    u/u_rowblock/issue_acts_packed_q[60]
                         LUT6 (Prop_LUT6_I0_O)        0.225     1.736 f  u/u_rowblock/gen_lane[0].ps1[1][13]_i_22/O
                         net (fo=35, unplaced)        0.273     2.009    u/u_rowblock/gen_lane[0].ps1[1][13]_i_22_n_0
                         LUT3 (Prop_LUT3_I2_O)        0.058     2.067 r  u/u_rowblock/gen_lane[0].ps1[1][13]_i_11/O
                         net (fo=53, unplaced)        0.282     2.349    u/u_rowblock/gen_lane[0].ps1[1][13]_i_11_n_0
                         LUT3 (Prop_LUT3_I2_O)        0.095     2.444 r  u/u_rowblock/gen_lane[5].ps1[1][13]_i_19/O
                         net (fo=5, unplaced)         0.229     2.673    u/u_rowblock/gen_lane[5].ps1[1][13]_i_19_n_0
                         LUT6 (Prop_LUT6_I3_O)        0.058     2.731 r  u/u_rowblock/gen_lane[5].ps1[1][13]_i_16/O
                         net (fo=2, unplaced)         0.211     2.942    u/u_rowblock/gen_lane[5].ps1[1][13]_i_16_n_0
                         LUT5 (Prop_LUT5_I4_O)        0.058     3.000 r  u/u_rowblock/gen_lane[5].ps1[1][13]_i_4/O
                         net (fo=2, unplaced)         0.211     3.211    u/u_rowblock/gen_lane[5].ps1[1][13]_i_4_n_0
                         LUT5 (Prop_LUT5_I0_O)        0.057     3.268 r  u/u_rowblock/gen_lane[5].ps1[1][13]_i_10/O
                         net (fo=1, unplaced)         0.030     3.298    u/u_rowblock/gen_lane[5].ps1[1][13]_i_10_n_0
                         CARRY8 (Prop_CARRY8_S[1]_O[5])
                                                      0.333     3.631 r  u/u_rowblock/gen_lane[5].ps1_reg[1][13]_i_1/O[5]
                         net (fo=1, unplaced)         0.033     3.664    u/u_rowblock/quad_sum40_return[13]
                         FDRE                                         r  u/u_rowblock/gen_lane[5].ps1_reg[1][13]/D
  -------------------------------------------------------------------    -------------------

                         (clock clk rise edge)        3.333     3.333 r  
                                                      0.000     3.333 r  clk (IN)
                         net (fo=16290, unset)        0.030     3.363    u/u_rowblock/clk
                         FDRE                                         r  u/u_rowblock/gen_lane[5].ps1_reg[1][13]/C
                         clock pessimism              0.000     3.363    
                         clock uncertainty           -0.035     3.328    
                         FDRE (Setup_FDRE_C_D)        0.043     3.371    u/u_rowblock/gen_lane[5].ps1_reg[1][13]
  -------------------------------------------------------------------
                         required time                          3.371    
                         arrival time                          -3.664    
  -------------------------------------------------------------------
                         slack                                 -0.293    





Min Delay Paths
--------------------------------------------------------------------------------------
Slack (MET) :             0.037ns  (arrival time - required time)
  Source:                 u/wr_idx_reg[3]/C
                            (rising edge-triggered cell FDRE clocked by clk  {rise@0.000ns fall@1.666ns period=3.333ns})
  Destination:            u/result_buf_reg_0_63_0_6/RAMA/WADR3
                            (rising edge-triggered cell RAMD64E clocked by clk  {rise@0.000ns fall@1.666ns period=3.333ns})
  Path Group:             clk
  Path Type:              Hold (Min at Fast Process Corner)
  Requirement:            0.000ns  (clk rise@0.000ns - clk rise@0.000ns)
  Data Path Delay:        0.170ns  (logic 0.084ns (49.412%)  route 0.086ns (50.588%))
  Logic Levels:           0  
  Clock Path Skew:        0.043ns (DCD - SCD - CPR)
    Destination Clock Delay (DCD):    0.057ns
    Source Clock Delay      (SCD):    0.014ns
    Clock Pessimism Removal (CPR):    -0.000ns

    Location             Delay type                Incr(ns)  Path(ns)    Netlist Resource(s)
  -------------------------------------------------------------------    -------------------
                         (clock clk rise edge)        0.000     0.000 r  
                                                      0.000     0.000 r  clk (IN)
                         net (fo=16290, unset)        0.014     0.014    u/clk
                         FDRE                                         r  u/wr_idx_reg[3]/C
  -------------------------------------------------------------------    -------------------
                         FDRE (Prop_FDRE_C_Q)         0.084     0.098 r  u/wr_idx_reg[3]/Q
                         net (fo=89, unplaced)        0.086     0.184    u/result_buf_reg_0_63_0_6/ADDRH3
                         RAMD64E                                      r  u/result_buf_reg_0_63_0_6/RAMA/WADR3
  -------------------------------------------------------------------    -------------------

                         (clock clk rise edge)        0.000     0.000 r  
                                                      0.000     0.000 r  clk (IN)
                         net (fo=16290, unset)        0.057     0.057    u/result_buf_reg_0_63_0_6/WCLK
                         RAMD64E                                      r  u/result_buf_reg_0_63_0_6/RAMA/CLK
                         clock pessimism              0.000     0.057    
                         RAMD64E (Hold_RAMD64E_CLK_WADR3)
                                                      0.090     0.147    u/result_buf_reg_0_63_0_6/RAMA
  -------------------------------------------------------------------
                         required time                         -0.147    
                         arrival time                           0.184    
  -------------------------------------------------------------------
                         slack                                  0.037    

Slack (MET) :             0.037ns  (arrival time - required time)
  Source:                 u/wr_idx_reg[3]/C
                            (rising edge-triggered cell FDRE clocked by clk  {rise@0.000ns fall@1.666ns period=3.333ns})
  Destination:            u/result_buf_reg_0_63_0_6/RAMB/WADR3
                            (rising edge-triggered cell RAMD64E clocked by clk  {rise@0.000ns fall@1.666ns period=3.333ns})
  Path Group:             clk
  Path Type:              Hold (Min at Fast Process Corner)
  Requirement:            0.000ns  (clk rise@0.000ns - clk rise@0.000ns)
  Data Path Delay:        0.170ns  (logic 0.084ns (49.412%)  route 0.086ns (50.588%))
  Logic Levels:           0  
  Clock Path Skew:        0.043ns (DCD - SCD - CPR)
    Destination Clock Delay (DCD):    0.057ns
    Source Clock Delay      (SCD):    0.014ns
    Clock Pessimism Removal (CPR):    -0.000ns

    Location             Delay type                Incr(ns)  Path(ns)    Netlist Resource(s)
  -------------------------------------------------------------------    -------------------
                         (clock clk rise edge)        0.000     0.000 r  
                                                      0.000     0.000 r  clk (IN)
                         net (fo=16290, unset)        0.014     0.014    u/clk
                         FDRE                                         r  u/wr_idx_reg[3]/C
  -------------------------------------------------------------------    -------------------
                         FDRE (Prop_FDRE_C_Q)         0.084     0.098 r  u/wr_idx_reg[3]/Q
                         net (fo=89, unplaced)        0.086     0.184    u/result_buf_reg_0_63_0_6/ADDRH3
                         RAMD64E                                      r  u/result_buf_reg_0_63_0_6/RAMB/WADR3
  -------------------------------------------------------------------    -------------------

                         (clock clk rise edge)        0.000     0.000 r  
                                                      0.000     0.000 r  clk (IN)
                         net (fo=16290, unset)        0.057     0.057    u/result_buf_reg_0_63_0_6/WCLK
                         RAMD64E                                      r  u/result_buf_reg_0_63_0_6/RAMB/CLK
                         clock pessimism              0.000     0.057    
                         RAMD64E (Hold_RAMD64E_CLK_WADR3)
                                                      0.090     0.147    u/result_buf_reg_0_63_0_6/RAMB
  -------------------------------------------------------------------
                         required time                         -0.147    
                         arrival time                           0.184    
  -------------------------------------------------------------------
                         slack                                  0.037    

Slack (MET) :             0.037ns  (arrival time - required time)
  Source:                 u/wr_idx_reg[3]/C
                            (rising edge-triggered cell FDRE clocked by clk  {rise@0.000ns fall@1.666ns period=3.333ns})
  Destination:            u/result_buf_reg_0_63_0_6/RAMC/WADR3
                            (rising edge-triggered cell RAMD64E clocked by clk  {rise@0.000ns fall@1.666ns period=3.333ns})
  Path Group:             clk
  Path Type:              Hold (Min at Fast Process Corner)
  Requirement:            0.000ns  (clk rise@0.000ns - clk rise@0.000ns)
  Data Path Delay:        0.170ns  (logic 0.084ns (49.412%)  route 0.086ns (50.588%))
  Logic Levels:           0  
  Clock Path Skew:        0.043ns (DCD - SCD - CPR)
    Destination Clock Delay (DCD):    0.057ns
    Source Clock Delay      (SCD):    0.014ns
    Clock Pessimism Removal (CPR):    -0.000ns

    Location             Delay type                Incr(ns)  Path(ns)    Netlist Resource(s)
  -------------------------------------------------------------------    -------------------
                         (clock clk rise edge)        0.000     0.000 r  
                                                      0.000     0.000 r  clk (IN)
                         net (fo=16290, unset)        0.014     0.014    u/clk
                         FDRE                                         r  u/wr_idx_reg[3]/C
  -------------------------------------------------------------------    -------------------
                         FDRE (Prop_FDRE_C_Q)         0.084     0.098 r  u/wr_idx_reg[3]/Q
                         net (fo=89, unplaced)        0.086     0.184    u/result_buf_reg_0_63_0_6/ADDRH3
                         RAMD64E                                      r  u/result_buf_reg_0_63_0_6/RAMC/WADR3
  -------------------------------------------------------------------    -------------------

                         (clock clk rise edge)        0.000     0.000 r  
                                                      0.000     0.000 r  clk (IN)
                         net (fo=16290, unset)        0.057     0.057    u/result_buf_reg_0_63_0_6/WCLK
                         RAMD64E                                      r  u/result_buf_reg_0_63_0_6/RAMC/CLK
                         clock pessimism              0.000     0.057    
                         RAMD64E (Hold_RAMD64E_CLK_WADR3)
                                                      0.090     0.147    u/result_buf_reg_0_63_0_6/RAMC
  -------------------------------------------------------------------
                         required time                         -0.147    
                         arrival time                           0.184    
  -------------------------------------------------------------------
                         slack                                  0.037    

Slack (MET) :             0.037ns  (arrival time - required time)
  Source:                 u/wr_idx_reg[3]/C
                            (rising edge-triggered cell FDRE clocked by clk  {rise@0.000ns fall@1.666ns period=3.333ns})
  Destination:            u/result_buf_reg_0_63_0_6/RAMD/WADR3
                            (rising edge-triggered cell RAMD64E clocked by clk  {rise@0.000ns fall@1.666ns period=3.333ns})
  Path Group:             clk
  Path Type:              Hold (Min at Fast Process Corner)
  Requirement:            0.000ns  (clk rise@0.000ns - clk rise@0.000ns)
  Data Path Delay:        0.170ns  (logic 0.084ns (49.412%)  route 0.086ns (50.588%))
  Logic Levels:           0  
  Clock Path Skew:        0.043ns (DCD - SCD - CPR)
    Destination Clock Delay (DCD):    0.057ns
    Source Clock Delay      (SCD):    0.014ns
    Clock Pessimism Removal (CPR):    -0.000ns

    Location             Delay type                Incr(ns)  Path(ns)    Netlist Resource(s)
  -------------------------------------------------------------------    -------------------
                         (clock clk rise edge)        0.000     0.000 r  
                                                      0.000     0.000 r  clk (IN)
                         net (fo=16290, unset)        0.014     0.014    u/clk
                         FDRE                                         r  u/wr_idx_reg[3]/C
  -------------------------------------------------------------------    -------------------
                         FDRE (Prop_FDRE_C_Q)         0.084     0.098 r  u/wr_idx_reg[3]/Q
                         net (fo=89, unplaced)        0.086     0.184    u/result_buf_reg_0_63_0_6/ADDRH3
                         RAMD64E                                      r  u/result_buf_reg_0_63_0_6/RAMD/WADR3
  -------------------------------------------------------------------    -------------------

                         (clock clk rise edge)        0.000     0.000 r  
                                                      0.000     0.000 r  clk (IN)
                         net (fo=16290, unset)        0.057     0.057    u/result_buf_reg_0_63_0_6/WCLK
                         RAMD64E                                      r  u/result_buf_reg_0_63_0_6/RAMD/CLK
                         clock pessimism              0.000     0.057    
                         RAMD64E (Hold_RAMD64E_CLK_WADR3)
                                                      0.090     0.147    u/result_buf_reg_0_63_0_6/RAMD
  -------------------------------------------------------------------
                         required time                         -0.147    
                         arrival time                           0.184    
  -------------------------------------------------------------------
                         slack                                  0.037    

Slack (MET) :             0.037ns  (arrival time - required time)
  Source:                 u/wr_idx_reg[3]/C
                            (rising edge-triggered cell FDRE clocked by clk  {rise@0.000ns fall@1.666ns period=3.333ns})
  Destination:            u/result_buf_reg_0_63_0_6/RAME/WADR3
                            (rising edge-triggered cell RAMD64E clocked by clk  {rise@0.000ns fall@1.666ns period=3.333ns})
  Path Group:             clk
  Path Type:              Hold (Min at Fast Process Corner)
  Requirement:            0.000ns  (clk rise@0.000ns - clk rise@0.000ns)
  Data Path Delay:        0.170ns  (logic 0.084ns (49.412%)  route 0.086ns (50.588%))
  Logic Levels:           0  
  Clock Path Skew:        0.043ns (DCD - SCD - CPR)
    Destination Clock Delay (DCD):    0.057ns
    Source Clock Delay      (SCD):    0.014ns
    Clock Pessimism Removal (CPR):    -0.000ns

    Location             Delay type                Incr(ns)  Path(ns)    Netlist Resource(s)
  -------------------------------------------------------------------    -------------------
                         (clock clk rise edge)        0.000     0.000 r  
                                                      0.000     0.000 r  clk (IN)
                         net (fo=16290, unset)        0.014     0.014    u/clk
                         FDRE                                         r  u/wr_idx_reg[3]/C
  -------------------------------------------------------------------    -------------------
                         FDRE (Prop_FDRE_C_Q)         0.084     0.098 r  u/wr_idx_reg[3]/Q
                         net (fo=89, unplaced)        0.086     0.184    u/result_buf_reg_0_63_0_6/ADDRH3
                         RAMD64E                                      r  u/result_buf_reg_0_63_0_6/RAME/WADR3
  -------------------------------------------------------------------    -------------------

                         (clock clk rise edge)        0.000     0.000 r  
                                                      0.000     0.000 r  clk (IN)
                         net (fo=16290, unset)        0.057     0.057    u/result_buf_reg_0_63_0_6/WCLK
                         RAMD64E                                      r  u/result_buf_reg_0_63_0_6/RAME/CLK
                         clock pessimism              0.000     0.057    
                         RAMD64E (Hold_RAMD64E_CLK_WADR3)
                                                      0.090     0.147    u/result_buf_reg_0_63_0_6/RAME
  -------------------------------------------------------------------
                         required time                         -0.147    
                         arrival time                           0.184    
  -------------------------------------------------------------------
                         slack                                  0.037    





Pulse Width Checks
--------------------------------------------------------------------------------------
Clock Name:         clk
Waveform(ns):       { 0.000 1.666 }
Period(ns):         3.333
Sources:            { clk }

Check Type        Corner  Lib Pin             Reference Pin  Required(ns)  Actual(ns)  Slack(ns)  Location  Pin
Min Period        n/a     RAMB18E2/CLKBWRCLK  n/a            1.960         3.333       1.373                u/act_scale_mem_reg_bram_0/CLKBWRCLK
Min Period        n/a     RAMB36E2/CLKARDCLK  n/a            1.960         3.333       1.373                u/acts_mem_reg_0/CLKARDCLK
Min Period        n/a     RAMB36E2/CLKBWRCLK  n/a            1.960         3.333       1.373                u/acts_mem_reg_0/CLKBWRCLK
Min Period        n/a     RAMB36E2/CLKARDCLK  n/a            1.960         3.333       1.373                u/acts_mem_reg_1/CLKARDCLK
Min Period        n/a     RAMB36E2/CLKBWRCLK  n/a            1.960         3.333       1.373                u/acts_mem_reg_1/CLKBWRCLK
Low Pulse Width   Slow    RAMD64E/CLK         n/a            0.762         1.666       0.904                u/result_buf_reg_0_63_0_6/RAMA/CLK
Low Pulse Width   Fast    RAMD64E/CLK         n/a            0.762         1.667       0.905                u/result_buf_reg_0_63_0_6/RAMA/CLK
Low Pulse Width   Slow    RAMD64E/CLK         n/a            0.762         1.666       0.904                u/result_buf_reg_0_63_0_6/RAMB/CLK
Low Pulse Width   Fast    RAMD64E/CLK         n/a            0.762         1.667       0.905                u/result_buf_reg_0_63_0_6/RAMB/CLK
Low Pulse Width   Slow    RAMD64E/CLK         n/a            0.762         1.666       0.904                u/result_buf_reg_0_63_0_6/RAMC/CLK
High Pulse Width  Slow    RAMD64E/CLK         n/a            0.762         1.666       0.904                u/result_buf_reg_0_63_0_6/RAMA/CLK
High Pulse Width  Fast    RAMD64E/CLK         n/a            0.762         1.666       0.904                u/result_buf_reg_0_63_0_6/RAMA/CLK
High Pulse Width  Slow    RAMD64E/CLK         n/a            0.762         1.666       0.904                u/result_buf_reg_0_63_0_6/RAMB/CLK
High Pulse Width  Fast    RAMD64E/CLK         n/a            0.762         1.666       0.904                u/result_buf_reg_0_63_0_6/RAMB/CLK
High Pulse Width  Slow    RAMD64E/CLK         n/a            0.762         1.666       0.904                u/result_buf_reg_0_63_0_6/RAMC/CLK



