Copyright 1986-2022 Xilinx, Inc. All Rights Reserved. Copyright 2022-2026 Advanced Micro Devices, Inc. All Rights Reserved.
--------------------------------------------------------------------------------------------------------------------------------------------------
| Tool Version      : Vivado v.2025.2.1 (win64) Build 6403652 Thu Mar 19 19:48:24 GMT 2026
| Date              : Mon Jun 22 04:06:22 2026
| Host              : ANGELVIERA7B7F running 64-bit major release  (build 9200)
| Command           : report_timing_summary -max_paths 5 -file gemmemit2_timing.rpt
| Design            : gemm_emit_ooc
| Device            : xck26-sfvc784
| Speed File        : -2LV  PRODUCTION 1.31 12-08-2025
| Design State      : Synthesized
| Temperature Grade : C
--------------------------------------------------------------------------------------------------------------------------------------------------

Timing Summary Report

------------------------------------------------------------------------------------------------
| Timer Settings
| --------------
------------------------------------------------------------------------------------------------

  Enable Multi Corner Analysis               :  Yes
  Enable Pessimism Removal                   :  Yes
  Pessimism Removal Resolution               :  Nearest Common Node
  Enable Input Delay Default Clock           :  No
  Enable Preset / Clear Arcs                 :  No
  Disable Flight Delays                      :  No
  Ignore I/O Paths                           :  No
  Timing Early Launch at Borrowing Latches   :  No
  Borrow Time for Max Delay Exceptions       :  Yes
  Merge Timing Exceptions                    :  Yes
  Inter-SLR Compensation                     :  Conservative

  Corner  Analyze    Analyze    
  Name    Max Paths  Min Paths  
  ------  ---------  ---------  
  Slow    Yes        Yes        
  Fast    Yes        Yes        


------------------------------------------------------------------------------------------------
| Report Methodology
| ------------------
------------------------------------------------------------------------------------------------

No report available as report_methodology has not been run prior. Run report_methodology on the current design for the summary of methodology violations.



check_timing report

Table of Contents
-----------------
1. checking no_clock (0)
2. checking constant_clock (0)
3. checking pulse_width_clock (0)
4. checking unconstrained_internal_endpoints (0)
5. checking no_input_delay (81)
6. checking no_output_delay (32)
7. checking multiple_clock (0)
8. checking generated_clocks (0)
9. checking loops (0)
10. checking partial_input_delay (0)
11. checking partial_output_delay (0)
12. checking latch_loops (0)

1. checking no_clock (0)
------------------------
 There are 0 register/latch pins with no clock.


2. checking constant_clock (0)
------------------------------
 There are 0 register/latch pins with constant_clock.


3. checking pulse_width_clock (0)
---------------------------------
 There are 0 register/latch pins which need pulse_width check


4. checking unconstrained_internal_endpoints (0)
------------------------------------------------
 There are 0 pins that are not constrained for maximum delay.

 There are 0 pins that are not constrained for maximum delay due to constant clock.


5. checking no_input_delay (81)
-------------------------------
 There are 0 input ports with no input delay specified.

 There are 81 input ports with no input delay but user has a false path constraint. (MEDIUM)


6. checking no_output_delay (32)
--------------------------------
 There are 0 ports with no output delay specified.

 There are 32 ports with no output delay but user has a false path constraint (MEDIUM)

 There are 0 ports with no output delay but with a timing clock defined on it or propagating through it


7. checking multiple_clock (0)
------------------------------
 There are 0 register/latch pins with multiple clocks.


8. checking generated_clocks (0)
--------------------------------
 There are 0 generated clocks that are not connected to a clock source.


9. checking loops (0)
---------------------
 There are 0 combinational loops in the design.


10. checking partial_input_delay (0)
------------------------------------
 There are 0 input ports with partial input delay specified.


11. checking partial_output_delay (0)
-------------------------------------
 There are 0 ports with partial output delay specified.


12. checking latch_loops (0)
----------------------------
 There are 0 combinational latch loops in the design through latch input



------------------------------------------------------------------------------------------------
| Design Timing Summary
| ---------------------
------------------------------------------------------------------------------------------------

    WNS(ns)      TNS(ns)  TNS Failing Endpoints  TNS Total Endpoints      WHS(ns)      THS(ns)  THS Failing Endpoints  THS Total Endpoints     WPWS(ns)     TPWS(ns)  TPWS Failing Endpoints  TPWS Total Endpoints  
    -------      -------  ---------------------  -------------------      -------      -------  ---------------------  -------------------     --------     --------  ----------------------  --------------------  
      0.748        0.000                      0                  268        0.108        0.000                      0                  268        1.391        0.000                       0                   315  


All user specified timing constraints are met.


------------------------------------------------------------------------------------------------
| Clock Summary
| -------------
------------------------------------------------------------------------------------------------

Clock  Waveform(ns)         Period(ns)      Frequency(MHz)
-----  ------------         ----------      --------------
clk    {0.000 1.666}        3.333           300.030         


------------------------------------------------------------------------------------------------
| Intra Clock Table
| -----------------
------------------------------------------------------------------------------------------------

Clock             WNS(ns)      TNS(ns)  TNS Failing Endpoints  TNS Total Endpoints      WHS(ns)      THS(ns)  THS Failing Endpoints  THS Total Endpoints     WPWS(ns)     TPWS(ns)  TPWS Failing Endpoints  TPWS Total Endpoints  
-----             -------      -------  ---------------------  -------------------      -------      -------  ---------------------  -------------------     --------     --------  ----------------------  --------------------  
clk                 0.748        0.000                      0                  268        0.108        0.000                      0                  268        1.391        0.000                       0                   315  


------------------------------------------------------------------------------------------------
| Inter Clock Table
| -----------------
------------------------------------------------------------------------------------------------

From Clock    To Clock          WNS(ns)      TNS(ns)  TNS Failing Endpoints  TNS Total Endpoints      WHS(ns)      THS(ns)  THS Failing Endpoints  THS Total Endpoints  
----------    --------          -------      -------  ---------------------  -------------------      -------      -------  ---------------------  -------------------  


------------------------------------------------------------------------------------------------
| Other Path Groups Table
| -----------------------
------------------------------------------------------------------------------------------------

Path Group    From Clock    To Clock          WNS(ns)      TNS(ns)  TNS Failing Endpoints  TNS Total Endpoints      WHS(ns)      THS(ns)  THS Failing Endpoints  THS Total Endpoints  
----------    ----------    --------          -------      -------  ---------------------  -------------------      -------      -------  ---------------------  -------------------  


------------------------------------------------------------------------------------------------
| Timing Details
| --------------
------------------------------------------------------------------------------------------------


---------------------------------------------------------------------------------------------------
From Clock:  clk
  To Clock:  clk

Setup :            0  Failing Endpoints,  Worst Slack        0.748ns,  Total Violation        0.000ns
Hold  :            0  Failing Endpoints,  Worst Slack        0.108ns,  Total Violation        0.000ns
PW    :            0  Failing Endpoints,  Worst Slack        1.391ns,  Total Violation        0.000ns
---------------------------------------------------------------------------------------------------


Max Delay Paths
--------------------------------------------------------------------------------------
Slack (MET) :             0.748ns  (required time - arrival time)
  Source:                 u/emin2_reg[1]/C
                            (rising edge-triggered cell FDRE clocked by clk  {rise@0.000ns fall@1.666ns period=3.333ns})
  Destination:            u/f32_reg[0]/R
                            (rising edge-triggered cell FDRE clocked by clk  {rise@0.000ns fall@1.666ns period=3.333ns})
  Path Group:             clk
  Path Type:              Setup (Max at Slow Process Corner)
  Requirement:            3.333ns  (clk rise@3.333ns - clk rise@0.000ns)
  Data Path Delay:        2.420ns  (logic 0.881ns (36.405%)  route 1.539ns (63.595%))
  Logic Levels:           7  (CARRY8=1 LUT3=1 LUT5=3 LUT6=2)
  Clock Path Skew:        -0.012ns (DCD - SCD + CPR)
    Destination Clock Delay (DCD):    0.029ns = ( 3.362 - 3.333 ) 
    Source Clock Delay      (SCD):    0.041ns
    Clock Pessimism Removal (CPR):    0.000ns
  Clock Uncertainty:      0.035ns  ((TSJ^2 + TIJ^2)^1/2 + DJ) / 2 + PE
    Total System Jitter     (TSJ):    0.071ns
    Total Input Jitter      (TIJ):    0.000ns
    Discrete Jitter          (DJ):    0.000ns
    Phase Error              (PE):    0.000ns

    Location             Delay type                Incr(ns)  Path(ns)    Netlist Resource(s)
  -------------------------------------------------------------------    -------------------
                         (clock clk rise edge)        0.000     0.000 r  
                                                      0.000     0.000 r  clk (IN)
                         net (fo=314, unset)          0.041     0.041    u/clk
                         FDRE                                         r  u/emin2_reg[1]/C
  -------------------------------------------------------------------    -------------------
                         FDRE (Prop_FDRE_C_Q)         0.114     0.155 f  u/emin2_reg[1]/Q
                         net (fo=7, unplaced)         0.199     0.354    u/emin2[1]
                         LUT6 (Prop_LUT6_I0_O)        0.225     0.579 f  u/f32[26]_i_2/O
                         net (fo=3, unplaced)         0.217     0.796    u/f32[26]_i_2_n_0
                         LUT6 (Prop_LUT6_I5_O)        0.058     0.854 r  u/f32[28]_i_2/O
                         net (fo=5, unplaced)         0.229     1.083    u/f32[28]_i_2_n_0
                         LUT5 (Prop_LUT5_I4_O)        0.058     1.141 r  u/f32[29]_i_3/O
                         net (fo=1, unplaced)         0.211     1.352    u/f32[29]_i_3_n_0
                         LUT5 (Prop_LUT5_I0_O)        0.058     1.410 f  u/f32[29]_i_2/O
                         net (fo=3, unplaced)         0.217     1.627    u/f32[29]_i_2_n_0
                         LUT5 (Prop_LUT5_I4_O)        0.056     1.683 r  u/underflow_carry_i_7/O
                         net (fo=1, unplaced)         0.037     1.720    u/underflow_carry_i_7_n_0
                         CARRY8 (Prop_CARRY8_S[2]_CO[6])
                                                      0.254     1.974 r  u/underflow_carry/CO[6]
                         net (fo=2, unplaced)         0.151     2.125    u/underflow__6
                         LUT3 (Prop_LUT3_I0_O)        0.058     2.183 r  u/f32[30]_i_1/O
                         net (fo=30, unplaced)        0.278     2.461    u/f32[30]_i_1_n_0
                         FDRE                                         r  u/f32_reg[0]/R
  -------------------------------------------------------------------    -------------------

                         (clock clk rise edge)        3.333     3.333 r  
                                                      0.000     3.333 r  clk (IN)
                         net (fo=314, unset)          0.029     3.362    u/clk
                         FDRE                                         r  u/f32_reg[0]/C
                         clock pessimism              0.000     3.362    
                         clock uncertainty           -0.035     3.327    
                         FDRE (Setup_FDRE_C_R)       -0.118     3.209    u/f32_reg[0]
  -------------------------------------------------------------------
                         required time                          3.209    
                         arrival time                          -2.461    
  -------------------------------------------------------------------
                         slack                                  0.748    

Slack (MET) :             0.748ns  (required time - arrival time)
  Source:                 u/emin2_reg[1]/C
                            (rising edge-triggered cell FDRE clocked by clk  {rise@0.000ns fall@1.666ns period=3.333ns})
  Destination:            u/f32_reg[10]/R
                            (rising edge-triggered cell FDRE clocked by clk  {rise@0.000ns fall@1.666ns period=3.333ns})
  Path Group:             clk
  Path Type:              Setup (Max at Slow Process Corner)
  Requirement:            3.333ns  (clk rise@3.333ns - clk rise@0.000ns)
  Data Path Delay:        2.420ns  (logic 0.881ns (36.405%)  route 1.539ns (63.595%))
  Logic Levels:           7  (CARRY8=1 LUT3=1 LUT5=3 LUT6=2)
  Clock Path Skew:        -0.012ns (DCD - SCD + CPR)
    Destination Clock Delay (DCD):    0.029ns = ( 3.362 - 3.333 ) 
    Source Clock Delay      (SCD):    0.041ns
    Clock Pessimism Removal (CPR):    0.000ns
  Clock Uncertainty:      0.035ns  ((TSJ^2 + TIJ^2)^1/2 + DJ) / 2 + PE
    Total System Jitter     (TSJ):    0.071ns
    Total Input Jitter      (TIJ):    0.000ns
    Discrete Jitter          (DJ):    0.000ns
    Phase Error              (PE):    0.000ns

    Location             Delay type                Incr(ns)  Path(ns)    Netlist Resource(s)
  -------------------------------------------------------------------    -------------------
                         (clock clk rise edge)        0.000     0.000 r  
                                                      0.000     0.000 r  clk (IN)
                         net (fo=314, unset)          0.041     0.041    u/clk
                         FDRE                                         r  u/emin2_reg[1]/C
  -------------------------------------------------------------------    -------------------
                         FDRE (Prop_FDRE_C_Q)         0.114     0.155 f  u/emin2_reg[1]/Q
                         net (fo=7, unplaced)         0.199     0.354    u/emin2[1]
                         LUT6 (Prop_LUT6_I0_O)        0.225     0.579 f  u/f32[26]_i_2/O
                         net (fo=3, unplaced)         0.217     0.796    u/f32[26]_i_2_n_0
                         LUT6 (Prop_LUT6_I5_O)        0.058     0.854 r  u/f32[28]_i_2/O
                         net (fo=5, unplaced)         0.229     1.083    u/f32[28]_i_2_n_0
                         LUT5 (Prop_LUT5_I4_O)        0.058     1.141 r  u/f32[29]_i_3/O
                         net (fo=1, unplaced)         0.211     1.352    u/f32[29]_i_3_n_0
                         LUT5 (Prop_LUT5_I0_O)        0.058     1.410 f  u/f32[29]_i_2/O
                         net (fo=3, unplaced)         0.217     1.627    u/f32[29]_i_2_n_0
                         LUT5 (Prop_LUT5_I4_O)        0.056     1.683 r  u/underflow_carry_i_7/O
                         net (fo=1, unplaced)         0.037     1.720    u/underflow_carry_i_7_n_0
                         CARRY8 (Prop_CARRY8_S[2]_CO[6])
                                                      0.254     1.974 r  u/underflow_carry/CO[6]
                         net (fo=2, unplaced)         0.151     2.125    u/underflow__6
                         LUT3 (Prop_LUT3_I0_O)        0.058     2.183 r  u/f32[30]_i_1/O
                         net (fo=30, unplaced)        0.278     2.461    u/f32[30]_i_1_n_0
                         FDRE                                         r  u/f32_reg[10]/R
  -------------------------------------------------------------------    -------------------

                         (clock clk rise edge)        3.333     3.333 r  
                                                      0.000     3.333 r  clk (IN)
                         net (fo=314, unset)          0.029     3.362    u/clk
                         FDRE                                         r  u/f32_reg[10]/C
                         clock pessimism              0.000     3.362    
                         clock uncertainty           -0.035     3.327    
                         FDRE (Setup_FDRE_C_R)       -0.118     3.209    u/f32_reg[10]
  -------------------------------------------------------------------
                         required time                          3.209    
                         arrival time                          -2.461    
  -------------------------------------------------------------------
                         slack                                  0.748    

Slack (MET) :             0.748ns  (required time - arrival time)
  Source:                 u/emin2_reg[1]/C
                            (rising edge-triggered cell FDRE clocked by clk  {rise@0.000ns fall@1.666ns period=3.333ns})
  Destination:            u/f32_reg[11]/R
                            (rising edge-triggered cell FDRE clocked by clk  {rise@0.000ns fall@1.666ns period=3.333ns})
  Path Group:             clk
  Path Type:              Setup (Max at Slow Process Corner)
  Requirement:            3.333ns  (clk rise@3.333ns - clk rise@0.000ns)
  Data Path Delay:        2.420ns  (logic 0.881ns (36.405%)  route 1.539ns (63.595%))
  Logic Levels:           7  (CARRY8=1 LUT3=1 LUT5=3 LUT6=2)
  Clock Path Skew:        -0.012ns (DCD - SCD + CPR)
    Destination Clock Delay (DCD):    0.029ns = ( 3.362 - 3.333 ) 
    Source Clock Delay      (SCD):    0.041ns
    Clock Pessimism Removal (CPR):    0.000ns
  Clock Uncertainty:      0.035ns  ((TSJ^2 + TIJ^2)^1/2 + DJ) / 2 + PE
    Total System Jitter     (TSJ):    0.071ns
    Total Input Jitter      (TIJ):    0.000ns
    Discrete Jitter          (DJ):    0.000ns
    Phase Error              (PE):    0.000ns

    Location             Delay type                Incr(ns)  Path(ns)    Netlist Resource(s)
  -------------------------------------------------------------------    -------------------
                         (clock clk rise edge)        0.000     0.000 r  
                                                      0.000     0.000 r  clk (IN)
                         net (fo=314, unset)          0.041     0.041    u/clk
                         FDRE                                         r  u/emin2_reg[1]/C
  -------------------------------------------------------------------    -------------------
                         FDRE (Prop_FDRE_C_Q)         0.114     0.155 f  u/emin2_reg[1]/Q
                         net (fo=7, unplaced)         0.199     0.354    u/emin2[1]
                         LUT6 (Prop_LUT6_I0_O)        0.225     0.579 f  u/f32[26]_i_2/O
                         net (fo=3, unplaced)         0.217     0.796    u/f32[26]_i_2_n_0
                         LUT6 (Prop_LUT6_I5_O)        0.058     0.854 r  u/f32[28]_i_2/O
                         net (fo=5, unplaced)         0.229     1.083    u/f32[28]_i_2_n_0
                         LUT5 (Prop_LUT5_I4_O)        0.058     1.141 r  u/f32[29]_i_3/O
                         net (fo=1, unplaced)         0.211     1.352    u/f32[29]_i_3_n_0
                         LUT5 (Prop_LUT5_I0_O)        0.058     1.410 f  u/f32[29]_i_2/O
                         net (fo=3, unplaced)         0.217     1.627    u/f32[29]_i_2_n_0
                         LUT5 (Prop_LUT5_I4_O)        0.056     1.683 r  u/underflow_carry_i_7/O
                         net (fo=1, unplaced)         0.037     1.720    u/underflow_carry_i_7_n_0
                         CARRY8 (Prop_CARRY8_S[2]_CO[6])
                                                      0.254     1.974 r  u/underflow_carry/CO[6]
                         net (fo=2, unplaced)         0.151     2.125    u/underflow__6
                         LUT3 (Prop_LUT3_I0_O)        0.058     2.183 r  u/f32[30]_i_1/O
                         net (fo=30, unplaced)        0.278     2.461    u/f32[30]_i_1_n_0
                         FDRE                                         r  u/f32_reg[11]/R
  -------------------------------------------------------------------    -------------------

                         (clock clk rise edge)        3.333     3.333 r  
                                                      0.000     3.333 r  clk (IN)
                         net (fo=314, unset)          0.029     3.362    u/clk
                         FDRE                                         r  u/f32_reg[11]/C
                         clock pessimism              0.000     3.362    
                         clock uncertainty           -0.035     3.327    
                         FDRE (Setup_FDRE_C_R)       -0.118     3.209    u/f32_reg[11]
  -------------------------------------------------------------------
                         required time                          3.209    
                         arrival time                          -2.461    
  -------------------------------------------------------------------
                         slack                                  0.748    

Slack (MET) :             0.748ns  (required time - arrival time)
  Source:                 u/emin2_reg[1]/C
                            (rising edge-triggered cell FDRE clocked by clk  {rise@0.000ns fall@1.666ns period=3.333ns})
  Destination:            u/f32_reg[12]/R
                            (rising edge-triggered cell FDRE clocked by clk  {rise@0.000ns fall@1.666ns period=3.333ns})
  Path Group:             clk
  Path Type:              Setup (Max at Slow Process Corner)
  Requirement:            3.333ns  (clk rise@3.333ns - clk rise@0.000ns)
  Data Path Delay:        2.420ns  (logic 0.881ns (36.405%)  route 1.539ns (63.595%))
  Logic Levels:           7  (CARRY8=1 LUT3=1 LUT5=3 LUT6=2)
  Clock Path Skew:        -0.012ns (DCD - SCD + CPR)
    Destination Clock Delay (DCD):    0.029ns = ( 3.362 - 3.333 ) 
    Source Clock Delay      (SCD):    0.041ns
    Clock Pessimism Removal (CPR):    0.000ns
  Clock Uncertainty:      0.035ns  ((TSJ^2 + TIJ^2)^1/2 + DJ) / 2 + PE
    Total System Jitter     (TSJ):    0.071ns
    Total Input Jitter      (TIJ):    0.000ns
    Discrete Jitter          (DJ):    0.000ns
    Phase Error              (PE):    0.000ns

    Location             Delay type                Incr(ns)  Path(ns)    Netlist Resource(s)
  -------------------------------------------------------------------    -------------------
                         (clock clk rise edge)        0.000     0.000 r  
                                                      0.000     0.000 r  clk (IN)
                         net (fo=314, unset)          0.041     0.041    u/clk
                         FDRE                                         r  u/emin2_reg[1]/C
  -------------------------------------------------------------------    -------------------
                         FDRE (Prop_FDRE_C_Q)         0.114     0.155 f  u/emin2_reg[1]/Q
                         net (fo=7, unplaced)         0.199     0.354    u/emin2[1]
                         LUT6 (Prop_LUT6_I0_O)        0.225     0.579 f  u/f32[26]_i_2/O
                         net (fo=3, unplaced)         0.217     0.796    u/f32[26]_i_2_n_0
                         LUT6 (Prop_LUT6_I5_O)        0.058     0.854 r  u/f32[28]_i_2/O
                         net (fo=5, unplaced)         0.229     1.083    u/f32[28]_i_2_n_0
                         LUT5 (Prop_LUT5_I4_O)        0.058     1.141 r  u/f32[29]_i_3/O
                         net (fo=1, unplaced)         0.211     1.352    u/f32[29]_i_3_n_0
                         LUT5 (Prop_LUT5_I0_O)        0.058     1.410 f  u/f32[29]_i_2/O
                         net (fo=3, unplaced)         0.217     1.627    u/f32[29]_i_2_n_0
                         LUT5 (Prop_LUT5_I4_O)        0.056     1.683 r  u/underflow_carry_i_7/O
                         net (fo=1, unplaced)         0.037     1.720    u/underflow_carry_i_7_n_0
                         CARRY8 (Prop_CARRY8_S[2]_CO[6])
                                                      0.254     1.974 r  u/underflow_carry/CO[6]
                         net (fo=2, unplaced)         0.151     2.125    u/underflow__6
                         LUT3 (Prop_LUT3_I0_O)        0.058     2.183 r  u/f32[30]_i_1/O
                         net (fo=30, unplaced)        0.278     2.461    u/f32[30]_i_1_n_0
                         FDRE                                         r  u/f32_reg[12]/R
  -------------------------------------------------------------------    -------------------

                         (clock clk rise edge)        3.333     3.333 r  
                                                      0.000     3.333 r  clk (IN)
                         net (fo=314, unset)          0.029     3.362    u/clk
                         FDRE                                         r  u/f32_reg[12]/C
                         clock pessimism              0.000     3.362    
                         clock uncertainty           -0.035     3.327    
                         FDRE (Setup_FDRE_C_R)       -0.118     3.209    u/f32_reg[12]
  -------------------------------------------------------------------
                         required time                          3.209    
                         arrival time                          -2.461    
  -------------------------------------------------------------------
                         slack                                  0.748    

Slack (MET) :             0.748ns  (required time - arrival time)
  Source:                 u/emin2_reg[1]/C
                            (rising edge-triggered cell FDRE clocked by clk  {rise@0.000ns fall@1.666ns period=3.333ns})
  Destination:            u/f32_reg[13]/R
                            (rising edge-triggered cell FDRE clocked by clk  {rise@0.000ns fall@1.666ns period=3.333ns})
  Path Group:             clk
  Path Type:              Setup (Max at Slow Process Corner)
  Requirement:            3.333ns  (clk rise@3.333ns - clk rise@0.000ns)
  Data Path Delay:        2.420ns  (logic 0.881ns (36.405%)  route 1.539ns (63.595%))
  Logic Levels:           7  (CARRY8=1 LUT3=1 LUT5=3 LUT6=2)
  Clock Path Skew:        -0.012ns (DCD - SCD + CPR)
    Destination Clock Delay (DCD):    0.029ns = ( 3.362 - 3.333 ) 
    Source Clock Delay      (SCD):    0.041ns
    Clock Pessimism Removal (CPR):    0.000ns
  Clock Uncertainty:      0.035ns  ((TSJ^2 + TIJ^2)^1/2 + DJ) / 2 + PE
    Total System Jitter     (TSJ):    0.071ns
    Total Input Jitter      (TIJ):    0.000ns
    Discrete Jitter          (DJ):    0.000ns
    Phase Error              (PE):    0.000ns

    Location             Delay type                Incr(ns)  Path(ns)    Netlist Resource(s)
  -------------------------------------------------------------------    -------------------
                         (clock clk rise edge)        0.000     0.000 r  
                                                      0.000     0.000 r  clk (IN)
                         net (fo=314, unset)          0.041     0.041    u/clk
                         FDRE                                         r  u/emin2_reg[1]/C
  -------------------------------------------------------------------    -------------------
                         FDRE (Prop_FDRE_C_Q)         0.114     0.155 f  u/emin2_reg[1]/Q
                         net (fo=7, unplaced)         0.199     0.354    u/emin2[1]
                         LUT6 (Prop_LUT6_I0_O)        0.225     0.579 f  u/f32[26]_i_2/O
                         net (fo=3, unplaced)         0.217     0.796    u/f32[26]_i_2_n_0
                         LUT6 (Prop_LUT6_I5_O)        0.058     0.854 r  u/f32[28]_i_2/O
                         net (fo=5, unplaced)         0.229     1.083    u/f32[28]_i_2_n_0
                         LUT5 (Prop_LUT5_I4_O)        0.058     1.141 r  u/f32[29]_i_3/O
                         net (fo=1, unplaced)         0.211     1.352    u/f32[29]_i_3_n_0
                         LUT5 (Prop_LUT5_I0_O)        0.058     1.410 f  u/f32[29]_i_2/O
                         net (fo=3, unplaced)         0.217     1.627    u/f32[29]_i_2_n_0
                         LUT5 (Prop_LUT5_I4_O)        0.056     1.683 r  u/underflow_carry_i_7/O
                         net (fo=1, unplaced)         0.037     1.720    u/underflow_carry_i_7_n_0
                         CARRY8 (Prop_CARRY8_S[2]_CO[6])
                                                      0.254     1.974 r  u/underflow_carry/CO[6]
                         net (fo=2, unplaced)         0.151     2.125    u/underflow__6
                         LUT3 (Prop_LUT3_I0_O)        0.058     2.183 r  u/f32[30]_i_1/O
                         net (fo=30, unplaced)        0.278     2.461    u/f32[30]_i_1_n_0
                         FDRE                                         r  u/f32_reg[13]/R
  -------------------------------------------------------------------    -------------------

                         (clock clk rise edge)        3.333     3.333 r  
                                                      0.000     3.333 r  clk (IN)
                         net (fo=314, unset)          0.029     3.362    u/clk
                         FDRE                                         r  u/f32_reg[13]/C
                         clock pessimism              0.000     3.362    
                         clock uncertainty           -0.035     3.327    
                         FDRE (Setup_FDRE_C_R)       -0.118     3.209    u/f32_reg[13]
  -------------------------------------------------------------------
                         required time                          3.209    
                         arrival time                          -2.461    
  -------------------------------------------------------------------
                         slack                                  0.748    





Min Delay Paths
--------------------------------------------------------------------------------------
Slack (MET) :             0.108ns  (arrival time - required time)
  Source:                 u/zero1_reg/C
                            (rising edge-triggered cell FDRE clocked by clk  {rise@0.000ns fall@1.666ns period=3.333ns})
  Destination:            u/zero2_reg/D
                            (rising edge-triggered cell FDRE clocked by clk  {rise@0.000ns fall@1.666ns period=3.333ns})
  Path Group:             clk
  Path Type:              Hold (Min at Fast Process Corner)
  Requirement:            0.000ns  (clk rise@0.000ns - clk rise@0.000ns)
  Data Path Delay:        0.157ns  (logic 0.083ns (52.866%)  route 0.074ns (47.134%))
  Logic Levels:           0  
  Clock Path Skew:        0.005ns (DCD - SCD - CPR)
    Destination Clock Delay (DCD):    0.019ns
    Source Clock Delay      (SCD):    0.014ns
    Clock Pessimism Removal (CPR):    -0.000ns

    Location             Delay type                Incr(ns)  Path(ns)    Netlist Resource(s)
  -------------------------------------------------------------------    -------------------
                         (clock clk rise edge)        0.000     0.000 r  
                                                      0.000     0.000 r  clk (IN)
                         net (fo=314, unset)          0.014     0.014    u/clk
                         FDRE                                         r  u/zero1_reg/C
  -------------------------------------------------------------------    -------------------
                         FDRE (Prop_FDRE_C_Q)         0.083     0.097 r  u/zero1_reg/Q
                         net (fo=1, unplaced)         0.074     0.171    u/zero1
                         FDRE                                         r  u/zero2_reg/D
  -------------------------------------------------------------------    -------------------

                         (clock clk rise edge)        0.000     0.000 r  
                                                      0.000     0.000 r  clk (IN)
                         net (fo=314, unset)          0.019     0.019    u/clk
                         FDRE                                         r  u/zero2_reg/C
                         clock pessimism              0.000     0.019    
                         FDRE (Hold_FDRE_C_D)         0.044     0.063    u/zero2_reg
  -------------------------------------------------------------------
                         required time                         -0.063    
                         arrival time                           0.171    
  -------------------------------------------------------------------
                         slack                                  0.108    

Slack (MET) :             0.109ns  (arrival time - required time)
  Source:                 u/f32_reg[0]/C
                            (rising edge-triggered cell FDRE clocked by clk  {rise@0.000ns fall@1.666ns period=3.333ns})
  Destination:            f32_q_reg[0]/D
                            (rising edge-triggered cell FDRE clocked by clk  {rise@0.000ns fall@1.666ns period=3.333ns})
  Path Group:             clk
  Path Type:              Hold (Min at Fast Process Corner)
  Requirement:            0.000ns  (clk rise@0.000ns - clk rise@0.000ns)
  Data Path Delay:        0.158ns  (logic 0.084ns (53.165%)  route 0.074ns (46.835%))
  Logic Levels:           0  
  Clock Path Skew:        0.005ns (DCD - SCD - CPR)
    Destination Clock Delay (DCD):    0.019ns
    Source Clock Delay      (SCD):    0.014ns
    Clock Pessimism Removal (CPR):    -0.000ns

    Location             Delay type                Incr(ns)  Path(ns)    Netlist Resource(s)
  -------------------------------------------------------------------    -------------------
                         (clock clk rise edge)        0.000     0.000 r  
                                                      0.000     0.000 r  clk (IN)
                         net (fo=314, unset)          0.014     0.014    u/clk
                         FDRE                                         r  u/f32_reg[0]/C
  -------------------------------------------------------------------    -------------------
                         FDRE (Prop_FDRE_C_Q)         0.084     0.098 r  u/f32_reg[0]/Q
                         net (fo=1, unplaced)         0.074     0.172    f32[0]
                         FDRE                                         r  f32_q_reg[0]/D
  -------------------------------------------------------------------    -------------------

                         (clock clk rise edge)        0.000     0.000 r  
                                                      0.000     0.000 r  clk (IN)
                         net (fo=314, unset)          0.019     0.019    clk
                         FDRE                                         r  f32_q_reg[0]/C
                         clock pessimism              0.000     0.019    
                         FDRE (Hold_FDRE_C_D)         0.044     0.063    f32_q_reg[0]
  -------------------------------------------------------------------
                         required time                         -0.063    
                         arrival time                           0.172    
  -------------------------------------------------------------------
                         slack                                  0.109    

Slack (MET) :             0.109ns  (arrival time - required time)
  Source:                 u/f32_reg[10]/C
                            (rising edge-triggered cell FDRE clocked by clk  {rise@0.000ns fall@1.666ns period=3.333ns})
  Destination:            f32_q_reg[10]/D
                            (rising edge-triggered cell FDRE clocked by clk  {rise@0.000ns fall@1.666ns period=3.333ns})
  Path Group:             clk
  Path Type:              Hold (Min at Fast Process Corner)
  Requirement:            0.000ns  (clk rise@0.000ns - clk rise@0.000ns)
  Data Path Delay:        0.158ns  (logic 0.084ns (53.165%)  route 0.074ns (46.835%))
  Logic Levels:           0  
  Clock Path Skew:        0.005ns (DCD - SCD - CPR)
    Destination Clock Delay (DCD):    0.019ns
    Source Clock Delay      (SCD):    0.014ns
    Clock Pessimism Removal (CPR):    -0.000ns

    Location             Delay type                Incr(ns)  Path(ns)    Netlist Resource(s)
  -------------------------------------------------------------------    -------------------
                         (clock clk rise edge)        0.000     0.000 r  
                                                      0.000     0.000 r  clk (IN)
                         net (fo=314, unset)          0.014     0.014    u/clk
                         FDRE                                         r  u/f32_reg[10]/C
  -------------------------------------------------------------------    -------------------
                         FDRE (Prop_FDRE_C_Q)         0.084     0.098 r  u/f32_reg[10]/Q
                         net (fo=1, unplaced)         0.074     0.172    f32[10]
                         FDRE                                         r  f32_q_reg[10]/D
  -------------------------------------------------------------------    -------------------

                         (clock clk rise edge)        0.000     0.000 r  
                                                      0.000     0.000 r  clk (IN)
                         net (fo=314, unset)          0.019     0.019    clk
                         FDRE                                         r  f32_q_reg[10]/C
                         clock pessimism              0.000     0.019    
                         FDRE (Hold_FDRE_C_D)         0.044     0.063    f32_q_reg[10]
  -------------------------------------------------------------------
                         required time                         -0.063    
                         arrival time                           0.172    
  -------------------------------------------------------------------
                         slack                                  0.109    

Slack (MET) :             0.109ns  (arrival time - required time)
  Source:                 u/f32_reg[11]/C
                            (rising edge-triggered cell FDRE clocked by clk  {rise@0.000ns fall@1.666ns period=3.333ns})
  Destination:            f32_q_reg[11]/D
                            (rising edge-triggered cell FDRE clocked by clk  {rise@0.000ns fall@1.666ns period=3.333ns})
  Path Group:             clk
  Path Type:              Hold (Min at Fast Process Corner)
  Requirement:            0.000ns  (clk rise@0.000ns - clk rise@0.000ns)
  Data Path Delay:        0.158ns  (logic 0.084ns (53.165%)  route 0.074ns (46.835%))
  Logic Levels:           0  
  Clock Path Skew:        0.005ns (DCD - SCD - CPR)
    Destination Clock Delay (DCD):    0.019ns
    Source Clock Delay      (SCD):    0.014ns
    Clock Pessimism Removal (CPR):    -0.000ns

    Location             Delay type                Incr(ns)  Path(ns)    Netlist Resource(s)
  -------------------------------------------------------------------    -------------------
                         (clock clk rise edge)        0.000     0.000 r  
                                                      0.000     0.000 r  clk (IN)
                         net (fo=314, unset)          0.014     0.014    u/clk
                         FDRE                                         r  u/f32_reg[11]/C
  -------------------------------------------------------------------    -------------------
                         FDRE (Prop_FDRE_C_Q)         0.084     0.098 r  u/f32_reg[11]/Q
                         net (fo=1, unplaced)         0.074     0.172    f32[11]
                         FDRE                                         r  f32_q_reg[11]/D
  -------------------------------------------------------------------    -------------------

                         (clock clk rise edge)        0.000     0.000 r  
                                                      0.000     0.000 r  clk (IN)
                         net (fo=314, unset)          0.019     0.019    clk
                         FDRE                                         r  f32_q_reg[11]/C
                         clock pessimism              0.000     0.019    
                         FDRE (Hold_FDRE_C_D)         0.044     0.063    f32_q_reg[11]
  -------------------------------------------------------------------
                         required time                         -0.063    
                         arrival time                           0.172    
  -------------------------------------------------------------------
                         slack                                  0.109    

Slack (MET) :             0.109ns  (arrival time - required time)
  Source:                 u/f32_reg[12]/C
                            (rising edge-triggered cell FDRE clocked by clk  {rise@0.000ns fall@1.666ns period=3.333ns})
  Destination:            f32_q_reg[12]/D
                            (rising edge-triggered cell FDRE clocked by clk  {rise@0.000ns fall@1.666ns period=3.333ns})
  Path Group:             clk
  Path Type:              Hold (Min at Fast Process Corner)
  Requirement:            0.000ns  (clk rise@0.000ns - clk rise@0.000ns)
  Data Path Delay:        0.158ns  (logic 0.084ns (53.165%)  route 0.074ns (46.835%))
  Logic Levels:           0  
  Clock Path Skew:        0.005ns (DCD - SCD - CPR)
    Destination Clock Delay (DCD):    0.019ns
    Source Clock Delay      (SCD):    0.014ns
    Clock Pessimism Removal (CPR):    -0.000ns

    Location             Delay type                Incr(ns)  Path(ns)    Netlist Resource(s)
  -------------------------------------------------------------------    -------------------
                         (clock clk rise edge)        0.000     0.000 r  
                                                      0.000     0.000 r  clk (IN)
                         net (fo=314, unset)          0.014     0.014    u/clk
                         FDRE                                         r  u/f32_reg[12]/C
  -------------------------------------------------------------------    -------------------
                         FDRE (Prop_FDRE_C_Q)         0.084     0.098 r  u/f32_reg[12]/Q
                         net (fo=1, unplaced)         0.074     0.172    f32[12]
                         FDRE                                         r  f32_q_reg[12]/D
  -------------------------------------------------------------------    -------------------

                         (clock clk rise edge)        0.000     0.000 r  
                                                      0.000     0.000 r  clk (IN)
                         net (fo=314, unset)          0.019     0.019    clk
                         FDRE                                         r  f32_q_reg[12]/C
                         clock pessimism              0.000     0.019    
                         FDRE (Hold_FDRE_C_D)         0.044     0.063    f32_q_reg[12]
  -------------------------------------------------------------------
                         required time                         -0.063    
                         arrival time                           0.172    
  -------------------------------------------------------------------
                         slack                                  0.109    





Pulse Width Checks
--------------------------------------------------------------------------------------
Clock Name:         clk
Waveform(ns):       { 0.000 1.666 }
Period(ns):         3.333
Sources:            { clk }

Check Type        Corner  Lib Pin  Reference Pin  Required(ns)  Actual(ns)  Slack(ns)  Location  Pin
Min Period        n/a     FDRE/C   n/a            0.550         3.333       2.783                acc_q_reg[0]/C
Min Period        n/a     FDRE/C   n/a            0.550         3.333       2.783                acc_q_reg[10]/C
Min Period        n/a     FDRE/C   n/a            0.550         3.333       2.783                acc_q_reg[11]/C
Min Period        n/a     FDRE/C   n/a            0.550         3.333       2.783                acc_q_reg[12]/C
Min Period        n/a     FDRE/C   n/a            0.550         3.333       2.783                acc_q_reg[13]/C
Low Pulse Width   Slow    FDRE/C   n/a            0.275         1.666       1.391                acc_q_reg[0]/C
Low Pulse Width   Fast    FDRE/C   n/a            0.275         1.666       1.391                acc_q_reg[0]/C
Low Pulse Width   Slow    FDRE/C   n/a            0.275         1.666       1.391                acc_q_reg[10]/C
Low Pulse Width   Fast    FDRE/C   n/a            0.275         1.666       1.391                acc_q_reg[10]/C
Low Pulse Width   Slow    FDRE/C   n/a            0.275         1.666       1.391                acc_q_reg[11]/C
High Pulse Width  Slow    FDRE/C   n/a            0.275         1.666       1.391                acc_q_reg[0]/C
High Pulse Width  Fast    FDRE/C   n/a            0.275         1.666       1.391                acc_q_reg[0]/C
High Pulse Width  Slow    FDRE/C   n/a            0.275         1.666       1.391                acc_q_reg[10]/C
High Pulse Width  Fast    FDRE/C   n/a            0.275         1.666       1.391                acc_q_reg[10]/C
High Pulse Width  Slow    FDRE/C   n/a            0.275         1.666       1.391                acc_q_reg[11]/C



