Copyright 1986-2022 Xilinx, Inc. All Rights Reserved. Copyright 2022-2026 Advanced Micro Devices, Inc. All Rights Reserved.
--------------------------------------------------------------------------------------------------------------------------------------------------
| Tool Version      : Vivado v.2025.2.1 (win64) Build 6403652 Thu Mar 19 19:48:24 GMT 2026
| Date              : Mon Jun 22 03:57:40 2026
| Host              : ANGELVIERA7B7F running 64-bit major release  (build 9200)
| Command           : report_timing_summary -max_paths 5 -file gemmemit_timing.rpt
| Design            : gemm_emit_ooc
| Device            : xck26-sfvc784
| Speed File        : -2LV  PRODUCTION 1.31 12-08-2025
| Design State      : Synthesized
| Temperature Grade : C
--------------------------------------------------------------------------------------------------------------------------------------------------

Timing Summary Report

------------------------------------------------------------------------------------------------
| Timer Settings
| --------------
------------------------------------------------------------------------------------------------

  Enable Multi Corner Analysis               :  Yes
  Enable Pessimism Removal                   :  Yes
  Pessimism Removal Resolution               :  Nearest Common Node
  Enable Input Delay Default Clock           :  No
  Enable Preset / Clear Arcs                 :  No
  Disable Flight Delays                      :  No
  Ignore I/O Paths                           :  No
  Timing Early Launch at Borrowing Latches   :  No
  Borrow Time for Max Delay Exceptions       :  Yes
  Merge Timing Exceptions                    :  Yes
  Inter-SLR Compensation                     :  Conservative

  Corner  Analyze    Analyze    
  Name    Max Paths  Min Paths  
  ------  ---------  ---------  
  Slow    Yes        Yes        
  Fast    Yes        Yes        


------------------------------------------------------------------------------------------------
| Report Methodology
| ------------------
------------------------------------------------------------------------------------------------

No report available as report_methodology has not been run prior. Run report_methodology on the current design for the summary of methodology violations.



check_timing report

Table of Contents
-----------------
1. checking no_clock (0)
2. checking constant_clock (0)
3. checking pulse_width_clock (0)
4. checking unconstrained_internal_endpoints (0)
5. checking no_input_delay (80)
6. checking no_output_delay (32)
7. checking multiple_clock (0)
8. checking generated_clocks (0)
9. checking loops (0)
10. checking partial_input_delay (0)
11. checking partial_output_delay (0)
12. checking latch_loops (0)

1. checking no_clock (0)
------------------------
 There are 0 register/latch pins with no clock.


2. checking constant_clock (0)
------------------------------
 There are 0 register/latch pins with constant_clock.


3. checking pulse_width_clock (0)
---------------------------------
 There are 0 register/latch pins which need pulse_width check


4. checking unconstrained_internal_endpoints (0)
------------------------------------------------
 There are 0 pins that are not constrained for maximum delay.

 There are 0 pins that are not constrained for maximum delay due to constant clock.


5. checking no_input_delay (80)
-------------------------------
 There are 0 input ports with no input delay specified.

 There are 80 input ports with no input delay but user has a false path constraint. (MEDIUM)


6. checking no_output_delay (32)
--------------------------------
 There are 0 ports with no output delay specified.

 There are 32 ports with no output delay but user has a false path constraint (MEDIUM)

 There are 0 ports with no output delay but with a timing clock defined on it or propagating through it


7. checking multiple_clock (0)
------------------------------
 There are 0 register/latch pins with multiple clocks.


8. checking generated_clocks (0)
--------------------------------
 There are 0 generated clocks that are not connected to a clock source.


9. checking loops (0)
---------------------
 There are 0 combinational loops in the design.


10. checking partial_input_delay (0)
------------------------------------
 There are 0 input ports with partial input delay specified.


11. checking partial_output_delay (0)
-------------------------------------
 There are 0 ports with partial output delay specified.


12. checking latch_loops (0)
----------------------------
 There are 0 combinational latch loops in the design through latch input



------------------------------------------------------------------------------------------------
| Design Timing Summary
| ---------------------
------------------------------------------------------------------------------------------------

    WNS(ns)      TNS(ns)  TNS Failing Endpoints  TNS Total Endpoints      WHS(ns)      THS(ns)  THS Failing Endpoints  THS Total Endpoints     WPWS(ns)     TPWS(ns)  TPWS Failing Endpoints  TPWS Total Endpoints  
    -------      -------  ---------------------  -------------------      -------      -------  ---------------------  -------------------     --------     --------  ----------------------  --------------------  
     -1.709      -97.855                     61                   62        0.147        0.000                      0                   62        1.391        0.000                       0                   114  


Timing constraints are not met.


------------------------------------------------------------------------------------------------
| Clock Summary
| -------------
------------------------------------------------------------------------------------------------

Clock  Waveform(ns)         Period(ns)      Frequency(MHz)
-----  ------------         ----------      --------------
clk    {0.000 1.666}        3.333           300.030         


------------------------------------------------------------------------------------------------
| Intra Clock Table
| -----------------
------------------------------------------------------------------------------------------------

Clock             WNS(ns)      TNS(ns)  TNS Failing Endpoints  TNS Total Endpoints      WHS(ns)      THS(ns)  THS Failing Endpoints  THS Total Endpoints     WPWS(ns)     TPWS(ns)  TPWS Failing Endpoints  TPWS Total Endpoints  
-----             -------      -------  ---------------------  -------------------      -------      -------  ---------------------  -------------------     --------     --------  ----------------------  --------------------  
clk                -1.709      -97.855                     61                   62        0.147        0.000                      0                   62        1.391        0.000                       0                   114  


------------------------------------------------------------------------------------------------
| Inter Clock Table
| -----------------
------------------------------------------------------------------------------------------------

From Clock    To Clock          WNS(ns)      TNS(ns)  TNS Failing Endpoints  TNS Total Endpoints      WHS(ns)      THS(ns)  THS Failing Endpoints  THS Total Endpoints  
----------    --------          -------      -------  ---------------------  -------------------      -------      -------  ---------------------  -------------------  


------------------------------------------------------------------------------------------------
| Other Path Groups Table
| -----------------------
------------------------------------------------------------------------------------------------

Path Group    From Clock    To Clock          WNS(ns)      TNS(ns)  TNS Failing Endpoints  TNS Total Endpoints      WHS(ns)      THS(ns)  THS Failing Endpoints  THS Total Endpoints  
----------    ----------    --------          -------      -------  ---------------------  -------------------      -------      -------  ---------------------  -------------------  


------------------------------------------------------------------------------------------------
| Timing Details
| --------------
------------------------------------------------------------------------------------------------


---------------------------------------------------------------------------------------------------
From Clock:  clk
  To Clock:  clk

Setup :           61  Failing Endpoints,  Worst Slack       -1.709ns,  Total Violation      -97.855ns
Hold  :            0  Failing Endpoints,  Worst Slack        0.147ns,  Total Violation        0.000ns
PW    :            0  Failing Endpoints,  Worst Slack        1.391ns,  Total Violation        0.000ns
---------------------------------------------------------------------------------------------------


Max Delay Paths
--------------------------------------------------------------------------------------
Slack (VIOLATED) :        -1.709ns  (required time - arrival time)
  Source:                 acc_q_reg[1]/C
                            (rising edge-triggered cell FDRE clocked by clk  {rise@0.000ns fall@1.666ns period=3.333ns})
  Destination:            f32_q_reg[13]/D
                            (rising edge-triggered cell FDRE clocked by clk  {rise@0.000ns fall@1.666ns period=3.333ns})
  Path Group:             clk
  Path Type:              Setup (Max at Slow Process Corner)
  Requirement:            3.333ns  (clk rise@3.333ns - clk rise@0.000ns)
  Data Path Delay:        5.039ns  (logic 2.344ns (46.517%)  route 2.695ns (53.483%))
  Logic Levels:           21  (CARRY8=10 LUT1=1 LUT2=2 LUT3=1 LUT5=4 LUT6=3)
  Clock Path Skew:        -0.012ns (DCD - SCD + CPR)
    Destination Clock Delay (DCD):    0.029ns = ( 3.362 - 3.333 ) 
    Source Clock Delay      (SCD):    0.041ns
    Clock Pessimism Removal (CPR):    0.000ns
  Clock Uncertainty:      0.035ns  ((TSJ^2 + TIJ^2)^1/2 + DJ) / 2 + PE
    Total System Jitter     (TSJ):    0.071ns
    Total Input Jitter      (TIJ):    0.000ns
    Discrete Jitter          (DJ):    0.000ns
    Phase Error              (PE):    0.000ns

    Location             Delay type                Incr(ns)  Path(ns)    Netlist Resource(s)
  -------------------------------------------------------------------    -------------------
                         (clock clk rise edge)        0.000     0.000 r  
                                                      0.000     0.000 r  clk (IN)
                         net (fo=113, unset)          0.041     0.041    clk
                         FDRE                                         r  acc_q_reg[1]/C
  -------------------------------------------------------------------    -------------------
                         FDRE (Prop_FDRE_C_Q)         0.114     0.155 f  acc_q_reg[1]/Q
                         net (fo=5, unplaced)         0.172     0.327    u/Q[1]
                         LUT1 (Prop_LUT1_I0_O)        0.058     0.385 r  u/is_zero_carry_i_43__0/O
                         net (fo=1, unplaced)         0.025     0.410    u/p_0_in[1]
                         CARRY8 (Prop_CARRY8_S[0]_CO[7])
                                                      0.289     0.699 r  u/is_zero_carry_i_16__0/CO[7]
                         net (fo=1, unplaced)         0.006     0.705    u/is_zero_carry_i_16__0_n_0
                         CARRY8 (Prop_CARRY8_CI_CO[7])
                                                      0.073     0.778 r  u/is_zero_carry_i_12__1/CO[7]
                         net (fo=1, unplaced)         0.006     0.784    u/is_zero_carry_i_12__1_n_0
                         CARRY8 (Prop_CARRY8_CI_CO[7])
                                                      0.073     0.857 r  u/is_zero_carry_i_9/CO[7]
                         net (fo=1, unplaced)         0.006     0.863    u/is_zero_carry_i_9_n_0
                         CARRY8 (Prop_CARRY8_CI_CO[7])
                                                      0.073     0.936 r  u/is_zero_carry_i_16__1/CO[7]
                         net (fo=1, unplaced)         0.006     0.942    u/is_zero_carry_i_16__1_n_0
                         CARRY8 (Prop_CARRY8_CI_CO[7])
                                                      0.073     1.015 r  u/is_zero_carry_i_13__1/CO[7]
                         net (fo=1, unplaced)         0.006     1.021    u/is_zero_carry_i_13__1_n_0
                         CARRY8 (Prop_CARRY8_CI_CO[7])
                                                      0.073     1.094 r  u/is_zero_carry_i_9__0/CO[7]
                         net (fo=1, unplaced)         0.006     1.100    u/is_zero_carry_i_9__0_n_0
                         CARRY8 (Prop_CARRY8_CI_CO[7])
                                                      0.073     1.173 r  u/is_zero_carry_i_15__1/CO[7]
                         net (fo=1, unplaced)         0.006     1.179    u/is_zero_carry_i_15__1_n_0
                         CARRY8 (Prop_CARRY8_CI_CO[7])
                                                      0.073     1.252 r  u/is_zero_carry_i_11__1/CO[7]
                         net (fo=1, unplaced)         0.006     1.258    u/is_zero_carry_i_11__1_n_0
                         CARRY8 (Prop_CARRY8_CI_O[4])
                                                      0.119     1.377 r  u/is_zero_carry_i_9__1/O[4]
                         net (fo=4, unplaced)         0.221     1.598    u/mag0[69]
                         LUT3 (Prop_LUT3_I0_O)        0.095     1.693 r  u/f32_q[30]_i_9/O
                         net (fo=4, unplaced)         0.166     1.859    u/f32_q[30]_i_9_n_0
                         LUT5 (Prop_LUT5_I1_O)        0.152     2.011 f  u/f32_q[30]_i_5/O
                         net (fo=39, unplaced)        0.275     2.286    u/f32_q[30]_i_5_n_0
                         LUT2 (Prop_LUT2_I1_O)        0.058     2.344 r  u/f32_q[23]_i_6/O
                         net (fo=58, unplaced)        0.284     2.628    u/f32_q[23]_i_6_n_0
                         LUT6 (Prop_LUT6_I1_O)        0.058     2.686 r  u/f32_q[26]_i_5/O
                         net (fo=6, unplaced)         0.233     2.919    u/f32_q[26]_i_5_n_0
                         LUT2 (Prop_LUT2_I0_O)        0.095     3.014 r  u/f32_q[26]_i_4/O
                         net (fo=4, unplaced)         0.129     3.143    u/f32_q[26]_i_4_n_0
                         LUT6 (Prop_LUT6_I0_O)        0.225     3.368 f  u/f32_q[28]_i_4/O
                         net (fo=5, unplaced)         0.229     3.597    u/f32_q[28]_i_4_n_0
                         LUT5 (Prop_LUT5_I3_O)        0.095     3.692 r  u/f32_q[30]_i_3/O
                         net (fo=16, unplaced)        0.255     3.947    u/f32_q[30]_i_3_n_0
                         LUT5 (Prop_LUT5_I0_O)        0.091     4.038 r  u/overflow_carry_i_4/O
                         net (fo=1, unplaced)         0.170     4.208    u/overflow_carry_i_4_n_0
                         CARRY8 (Prop_CARRY8_DI[3]_CO[6])
                                                      0.231     4.439 r  u/overflow_carry/CO[6]
                         net (fo=31, unplaced)        0.210     4.649    u/overflow__6
                         LUT5 (Prop_LUT5_I0_O)        0.095     4.744 r  u/f32_q[13]_i_2/O
                         net (fo=1, unplaced)         0.211     4.955    u/f32_q[13]_i_2_n_0
                         LUT6 (Prop_LUT6_I0_O)        0.058     5.013 r  u/f32_q[13]_i_1/O
                         net (fo=1, unplaced)         0.067     5.080    u_n_15
                         FDRE                                         r  f32_q_reg[13]/D
  -------------------------------------------------------------------    -------------------

                         (clock clk rise edge)        3.333     3.333 r  
                                                      0.000     3.333 r  clk (IN)
                         net (fo=113, unset)          0.029     3.362    clk
                         FDRE                                         r  f32_q_reg[13]/C
                         clock pessimism              0.000     3.362    
                         clock uncertainty           -0.035     3.327    
                         FDRE (Setup_FDRE_C_D)        0.044     3.371    f32_q_reg[13]
  -------------------------------------------------------------------
                         required time                          3.371    
                         arrival time                          -5.080    
  -------------------------------------------------------------------
                         slack                                 -1.709    

Slack (VIOLATED) :        -1.709ns  (required time - arrival time)
  Source:                 acc_q_reg[1]/C
                            (rising edge-triggered cell FDRE clocked by clk  {rise@0.000ns fall@1.666ns period=3.333ns})
  Destination:            f32_q_reg[14]/D
                            (rising edge-triggered cell FDRE clocked by clk  {rise@0.000ns fall@1.666ns period=3.333ns})
  Path Group:             clk
  Path Type:              Setup (Max at Slow Process Corner)
  Requirement:            3.333ns  (clk rise@3.333ns - clk rise@0.000ns)
  Data Path Delay:        5.039ns  (logic 2.344ns (46.517%)  route 2.695ns (53.483%))
  Logic Levels:           21  (CARRY8=10 LUT1=1 LUT2=2 LUT3=1 LUT5=4 LUT6=3)
  Clock Path Skew:        -0.012ns (DCD - SCD + CPR)
    Destination Clock Delay (DCD):    0.029ns = ( 3.362 - 3.333 ) 
    Source Clock Delay      (SCD):    0.041ns
    Clock Pessimism Removal (CPR):    0.000ns
  Clock Uncertainty:      0.035ns  ((TSJ^2 + TIJ^2)^1/2 + DJ) / 2 + PE
    Total System Jitter     (TSJ):    0.071ns
    Total Input Jitter      (TIJ):    0.000ns
    Discrete Jitter          (DJ):    0.000ns
    Phase Error              (PE):    0.000ns

    Location             Delay type                Incr(ns)  Path(ns)    Netlist Resource(s)
  -------------------------------------------------------------------    -------------------
                         (clock clk rise edge)        0.000     0.000 r  
                                                      0.000     0.000 r  clk (IN)
                         net (fo=113, unset)          0.041     0.041    clk
                         FDRE                                         r  acc_q_reg[1]/C
  -------------------------------------------------------------------    -------------------
                         FDRE (Prop_FDRE_C_Q)         0.114     0.155 f  acc_q_reg[1]/Q
                         net (fo=5, unplaced)         0.172     0.327    u/Q[1]
                         LUT1 (Prop_LUT1_I0_O)        0.058     0.385 r  u/is_zero_carry_i_43__0/O
                         net (fo=1, unplaced)         0.025     0.410    u/p_0_in[1]
                         CARRY8 (Prop_CARRY8_S[0]_CO[7])
                                                      0.289     0.699 r  u/is_zero_carry_i_16__0/CO[7]
                         net (fo=1, unplaced)         0.006     0.705    u/is_zero_carry_i_16__0_n_0
                         CARRY8 (Prop_CARRY8_CI_CO[7])
                                                      0.073     0.778 r  u/is_zero_carry_i_12__1/CO[7]
                         net (fo=1, unplaced)         0.006     0.784    u/is_zero_carry_i_12__1_n_0
                         CARRY8 (Prop_CARRY8_CI_CO[7])
                                                      0.073     0.857 r  u/is_zero_carry_i_9/CO[7]
                         net (fo=1, unplaced)         0.006     0.863    u/is_zero_carry_i_9_n_0
                         CARRY8 (Prop_CARRY8_CI_CO[7])
                                                      0.073     0.936 r  u/is_zero_carry_i_16__1/CO[7]
                         net (fo=1, unplaced)         0.006     0.942    u/is_zero_carry_i_16__1_n_0
                         CARRY8 (Prop_CARRY8_CI_CO[7])
                                                      0.073     1.015 r  u/is_zero_carry_i_13__1/CO[7]
                         net (fo=1, unplaced)         0.006     1.021    u/is_zero_carry_i_13__1_n_0
                         CARRY8 (Prop_CARRY8_CI_CO[7])
                                                      0.073     1.094 r  u/is_zero_carry_i_9__0/CO[7]
                         net (fo=1, unplaced)         0.006     1.100    u/is_zero_carry_i_9__0_n_0
                         CARRY8 (Prop_CARRY8_CI_CO[7])
                                                      0.073     1.173 r  u/is_zero_carry_i_15__1/CO[7]
                         net (fo=1, unplaced)         0.006     1.179    u/is_zero_carry_i_15__1_n_0
                         CARRY8 (Prop_CARRY8_CI_CO[7])
                                                      0.073     1.252 r  u/is_zero_carry_i_11__1/CO[7]
                         net (fo=1, unplaced)         0.006     1.258    u/is_zero_carry_i_11__1_n_0
                         CARRY8 (Prop_CARRY8_CI_O[4])
                                                      0.119     1.377 r  u/is_zero_carry_i_9__1/O[4]
                         net (fo=4, unplaced)         0.221     1.598    u/mag0[69]
                         LUT3 (Prop_LUT3_I0_O)        0.095     1.693 r  u/f32_q[30]_i_9/O
                         net (fo=4, unplaced)         0.166     1.859    u/f32_q[30]_i_9_n_0
                         LUT5 (Prop_LUT5_I1_O)        0.152     2.011 f  u/f32_q[30]_i_5/O
                         net (fo=39, unplaced)        0.275     2.286    u/f32_q[30]_i_5_n_0
                         LUT2 (Prop_LUT2_I1_O)        0.058     2.344 r  u/f32_q[23]_i_6/O
                         net (fo=58, unplaced)        0.284     2.628    u/f32_q[23]_i_6_n_0
                         LUT6 (Prop_LUT6_I1_O)        0.058     2.686 r  u/f32_q[26]_i_5/O
                         net (fo=6, unplaced)         0.233     2.919    u/f32_q[26]_i_5_n_0
                         LUT2 (Prop_LUT2_I0_O)        0.095     3.014 r  u/f32_q[26]_i_4/O
                         net (fo=4, unplaced)         0.129     3.143    u/f32_q[26]_i_4_n_0
                         LUT6 (Prop_LUT6_I0_O)        0.225     3.368 f  u/f32_q[28]_i_4/O
                         net (fo=5, unplaced)         0.229     3.597    u/f32_q[28]_i_4_n_0
                         LUT5 (Prop_LUT5_I3_O)        0.095     3.692 r  u/f32_q[30]_i_3/O
                         net (fo=16, unplaced)        0.255     3.947    u/f32_q[30]_i_3_n_0
                         LUT5 (Prop_LUT5_I0_O)        0.091     4.038 r  u/overflow_carry_i_4/O
                         net (fo=1, unplaced)         0.170     4.208    u/overflow_carry_i_4_n_0
                         CARRY8 (Prop_CARRY8_DI[3]_CO[6])
                                                      0.231     4.439 r  u/overflow_carry/CO[6]
                         net (fo=31, unplaced)        0.210     4.649    u/overflow__6
                         LUT5 (Prop_LUT5_I0_O)        0.095     4.744 r  u/f32_q[14]_i_2/O
                         net (fo=1, unplaced)         0.211     4.955    u/f32_q[14]_i_2_n_0
                         LUT6 (Prop_LUT6_I0_O)        0.058     5.013 r  u/f32_q[14]_i_1/O
                         net (fo=1, unplaced)         0.067     5.080    u_n_14
                         FDRE                                         r  f32_q_reg[14]/D
  -------------------------------------------------------------------    -------------------

                         (clock clk rise edge)        3.333     3.333 r  
                                                      0.000     3.333 r  clk (IN)
                         net (fo=113, unset)          0.029     3.362    clk
                         FDRE                                         r  f32_q_reg[14]/C
                         clock pessimism              0.000     3.362    
                         clock uncertainty           -0.035     3.327    
                         FDRE (Setup_FDRE_C_D)        0.044     3.371    f32_q_reg[14]
  -------------------------------------------------------------------
                         required time                          3.371    
                         arrival time                          -5.080    
  -------------------------------------------------------------------
                         slack                                 -1.709    

Slack (VIOLATED) :        -1.709ns  (required time - arrival time)
  Source:                 acc_q_reg[1]/C
                            (rising edge-triggered cell FDRE clocked by clk  {rise@0.000ns fall@1.666ns period=3.333ns})
  Destination:            f32_q_reg[15]/D
                            (rising edge-triggered cell FDRE clocked by clk  {rise@0.000ns fall@1.666ns period=3.333ns})
  Path Group:             clk
  Path Type:              Setup (Max at Slow Process Corner)
  Requirement:            3.333ns  (clk rise@3.333ns - clk rise@0.000ns)
  Data Path Delay:        5.039ns  (logic 2.344ns (46.517%)  route 2.695ns (53.483%))
  Logic Levels:           21  (CARRY8=10 LUT1=1 LUT2=2 LUT3=1 LUT5=4 LUT6=3)
  Clock Path Skew:        -0.012ns (DCD - SCD + CPR)
    Destination Clock Delay (DCD):    0.029ns = ( 3.362 - 3.333 ) 
    Source Clock Delay      (SCD):    0.041ns
    Clock Pessimism Removal (CPR):    0.000ns
  Clock Uncertainty:      0.035ns  ((TSJ^2 + TIJ^2)^1/2 + DJ) / 2 + PE
    Total System Jitter     (TSJ):    0.071ns
    Total Input Jitter      (TIJ):    0.000ns
    Discrete Jitter          (DJ):    0.000ns
    Phase Error              (PE):    0.000ns

    Location             Delay type                Incr(ns)  Path(ns)    Netlist Resource(s)
  -------------------------------------------------------------------    -------------------
                         (clock clk rise edge)        0.000     0.000 r  
                                                      0.000     0.000 r  clk (IN)
                         net (fo=113, unset)          0.041     0.041    clk
                         FDRE                                         r  acc_q_reg[1]/C
  -------------------------------------------------------------------    -------------------
                         FDRE (Prop_FDRE_C_Q)         0.114     0.155 f  acc_q_reg[1]/Q
                         net (fo=5, unplaced)         0.172     0.327    u/Q[1]
                         LUT1 (Prop_LUT1_I0_O)        0.058     0.385 r  u/is_zero_carry_i_43__0/O
                         net (fo=1, unplaced)         0.025     0.410    u/p_0_in[1]
                         CARRY8 (Prop_CARRY8_S[0]_CO[7])
                                                      0.289     0.699 r  u/is_zero_carry_i_16__0/CO[7]
                         net (fo=1, unplaced)         0.006     0.705    u/is_zero_carry_i_16__0_n_0
                         CARRY8 (Prop_CARRY8_CI_CO[7])
                                                      0.073     0.778 r  u/is_zero_carry_i_12__1/CO[7]
                         net (fo=1, unplaced)         0.006     0.784    u/is_zero_carry_i_12__1_n_0
                         CARRY8 (Prop_CARRY8_CI_CO[7])
                                                      0.073     0.857 r  u/is_zero_carry_i_9/CO[7]
                         net (fo=1, unplaced)         0.006     0.863    u/is_zero_carry_i_9_n_0
                         CARRY8 (Prop_CARRY8_CI_CO[7])
                                                      0.073     0.936 r  u/is_zero_carry_i_16__1/CO[7]
                         net (fo=1, unplaced)         0.006     0.942    u/is_zero_carry_i_16__1_n_0
                         CARRY8 (Prop_CARRY8_CI_CO[7])
                                                      0.073     1.015 r  u/is_zero_carry_i_13__1/CO[7]
                         net (fo=1, unplaced)         0.006     1.021    u/is_zero_carry_i_13__1_n_0
                         CARRY8 (Prop_CARRY8_CI_CO[7])
                                                      0.073     1.094 r  u/is_zero_carry_i_9__0/CO[7]
                         net (fo=1, unplaced)         0.006     1.100    u/is_zero_carry_i_9__0_n_0
                         CARRY8 (Prop_CARRY8_CI_CO[7])
                                                      0.073     1.173 r  u/is_zero_carry_i_15__1/CO[7]
                         net (fo=1, unplaced)         0.006     1.179    u/is_zero_carry_i_15__1_n_0
                         CARRY8 (Prop_CARRY8_CI_CO[7])
                                                      0.073     1.252 r  u/is_zero_carry_i_11__1/CO[7]
                         net (fo=1, unplaced)         0.006     1.258    u/is_zero_carry_i_11__1_n_0
                         CARRY8 (Prop_CARRY8_CI_O[4])
                                                      0.119     1.377 r  u/is_zero_carry_i_9__1/O[4]
                         net (fo=4, unplaced)         0.221     1.598    u/mag0[69]
                         LUT3 (Prop_LUT3_I0_O)        0.095     1.693 r  u/f32_q[30]_i_9/O
                         net (fo=4, unplaced)         0.166     1.859    u/f32_q[30]_i_9_n_0
                         LUT5 (Prop_LUT5_I1_O)        0.152     2.011 f  u/f32_q[30]_i_5/O
                         net (fo=39, unplaced)        0.275     2.286    u/f32_q[30]_i_5_n_0
                         LUT2 (Prop_LUT2_I1_O)        0.058     2.344 r  u/f32_q[23]_i_6/O
                         net (fo=58, unplaced)        0.284     2.628    u/f32_q[23]_i_6_n_0
                         LUT6 (Prop_LUT6_I1_O)        0.058     2.686 r  u/f32_q[26]_i_5/O
                         net (fo=6, unplaced)         0.233     2.919    u/f32_q[26]_i_5_n_0
                         LUT2 (Prop_LUT2_I0_O)        0.095     3.014 r  u/f32_q[26]_i_4/O
                         net (fo=4, unplaced)         0.129     3.143    u/f32_q[26]_i_4_n_0
                         LUT6 (Prop_LUT6_I0_O)        0.225     3.368 f  u/f32_q[28]_i_4/O
                         net (fo=5, unplaced)         0.229     3.597    u/f32_q[28]_i_4_n_0
                         LUT5 (Prop_LUT5_I3_O)        0.095     3.692 r  u/f32_q[30]_i_3/O
                         net (fo=16, unplaced)        0.255     3.947    u/f32_q[30]_i_3_n_0
                         LUT5 (Prop_LUT5_I0_O)        0.091     4.038 r  u/overflow_carry_i_4/O
                         net (fo=1, unplaced)         0.170     4.208    u/overflow_carry_i_4_n_0
                         CARRY8 (Prop_CARRY8_DI[3]_CO[6])
                                                      0.231     4.439 r  u/overflow_carry/CO[6]
                         net (fo=31, unplaced)        0.210     4.649    u/overflow__6
                         LUT5 (Prop_LUT5_I0_O)        0.095     4.744 r  u/f32_q[15]_i_2/O
                         net (fo=1, unplaced)         0.211     4.955    u/f32_q[15]_i_2_n_0
                         LUT6 (Prop_LUT6_I0_O)        0.058     5.013 r  u/f32_q[15]_i_1/O
                         net (fo=1, unplaced)         0.067     5.080    u_n_13
                         FDRE                                         r  f32_q_reg[15]/D
  -------------------------------------------------------------------    -------------------

                         (clock clk rise edge)        3.333     3.333 r  
                                                      0.000     3.333 r  clk (IN)
                         net (fo=113, unset)          0.029     3.362    clk
                         FDRE                                         r  f32_q_reg[15]/C
                         clock pessimism              0.000     3.362    
                         clock uncertainty           -0.035     3.327    
                         FDRE (Setup_FDRE_C_D)        0.044     3.371    f32_q_reg[15]
  -------------------------------------------------------------------
                         required time                          3.371    
                         arrival time                          -5.080    
  -------------------------------------------------------------------
                         slack                                 -1.709    

Slack (VIOLATED) :        -1.709ns  (required time - arrival time)
  Source:                 acc_q_reg[1]/C
                            (rising edge-triggered cell FDRE clocked by clk  {rise@0.000ns fall@1.666ns period=3.333ns})
  Destination:            f32_q_reg[4]/D
                            (rising edge-triggered cell FDRE clocked by clk  {rise@0.000ns fall@1.666ns period=3.333ns})
  Path Group:             clk
  Path Type:              Setup (Max at Slow Process Corner)
  Requirement:            3.333ns  (clk rise@3.333ns - clk rise@0.000ns)
  Data Path Delay:        5.039ns  (logic 2.344ns (46.517%)  route 2.695ns (53.483%))
  Logic Levels:           21  (CARRY8=10 LUT1=1 LUT2=2 LUT3=2 LUT5=3 LUT6=3)
  Clock Path Skew:        -0.012ns (DCD - SCD + CPR)
    Destination Clock Delay (DCD):    0.029ns = ( 3.362 - 3.333 ) 
    Source Clock Delay      (SCD):    0.041ns
    Clock Pessimism Removal (CPR):    0.000ns
  Clock Uncertainty:      0.035ns  ((TSJ^2 + TIJ^2)^1/2 + DJ) / 2 + PE
    Total System Jitter     (TSJ):    0.071ns
    Total Input Jitter      (TIJ):    0.000ns
    Discrete Jitter          (DJ):    0.000ns
    Phase Error              (PE):    0.000ns

    Location             Delay type                Incr(ns)  Path(ns)    Netlist Resource(s)
  -------------------------------------------------------------------    -------------------
                         (clock clk rise edge)        0.000     0.000 r  
                                                      0.000     0.000 r  clk (IN)
                         net (fo=113, unset)          0.041     0.041    clk
                         FDRE                                         r  acc_q_reg[1]/C
  -------------------------------------------------------------------    -------------------
                         FDRE (Prop_FDRE_C_Q)         0.114     0.155 f  acc_q_reg[1]/Q
                         net (fo=5, unplaced)         0.172     0.327    u/Q[1]
                         LUT1 (Prop_LUT1_I0_O)        0.058     0.385 r  u/is_zero_carry_i_43__0/O
                         net (fo=1, unplaced)         0.025     0.410    u/p_0_in[1]
                         CARRY8 (Prop_CARRY8_S[0]_CO[7])
                                                      0.289     0.699 r  u/is_zero_carry_i_16__0/CO[7]
                         net (fo=1, unplaced)         0.006     0.705    u/is_zero_carry_i_16__0_n_0
                         CARRY8 (Prop_CARRY8_CI_CO[7])
                                                      0.073     0.778 r  u/is_zero_carry_i_12__1/CO[7]
                         net (fo=1, unplaced)         0.006     0.784    u/is_zero_carry_i_12__1_n_0
                         CARRY8 (Prop_CARRY8_CI_CO[7])
                                                      0.073     0.857 r  u/is_zero_carry_i_9/CO[7]
                         net (fo=1, unplaced)         0.006     0.863    u/is_zero_carry_i_9_n_0
                         CARRY8 (Prop_CARRY8_CI_CO[7])
                                                      0.073     0.936 r  u/is_zero_carry_i_16__1/CO[7]
                         net (fo=1, unplaced)         0.006     0.942    u/is_zero_carry_i_16__1_n_0
                         CARRY8 (Prop_CARRY8_CI_CO[7])
                                                      0.073     1.015 r  u/is_zero_carry_i_13__1/CO[7]
                         net (fo=1, unplaced)         0.006     1.021    u/is_zero_carry_i_13__1_n_0
                         CARRY8 (Prop_CARRY8_CI_CO[7])
                                                      0.073     1.094 r  u/is_zero_carry_i_9__0/CO[7]
                         net (fo=1, unplaced)         0.006     1.100    u/is_zero_carry_i_9__0_n_0
                         CARRY8 (Prop_CARRY8_CI_CO[7])
                                                      0.073     1.173 r  u/is_zero_carry_i_15__1/CO[7]
                         net (fo=1, unplaced)         0.006     1.179    u/is_zero_carry_i_15__1_n_0
                         CARRY8 (Prop_CARRY8_CI_CO[7])
                                                      0.073     1.252 r  u/is_zero_carry_i_11__1/CO[7]
                         net (fo=1, unplaced)         0.006     1.258    u/is_zero_carry_i_11__1_n_0
                         CARRY8 (Prop_CARRY8_CI_O[4])
                                                      0.119     1.377 r  u/is_zero_carry_i_9__1/O[4]
                         net (fo=4, unplaced)         0.221     1.598    u/mag0[69]
                         LUT3 (Prop_LUT3_I0_O)        0.095     1.693 r  u/f32_q[30]_i_9/O
                         net (fo=4, unplaced)         0.166     1.859    u/f32_q[30]_i_9_n_0
                         LUT5 (Prop_LUT5_I1_O)        0.152     2.011 f  u/f32_q[30]_i_5/O
                         net (fo=39, unplaced)        0.275     2.286    u/f32_q[30]_i_5_n_0
                         LUT2 (Prop_LUT2_I1_O)        0.058     2.344 r  u/f32_q[23]_i_6/O
                         net (fo=58, unplaced)        0.284     2.628    u/f32_q[23]_i_6_n_0
                         LUT6 (Prop_LUT6_I1_O)        0.058     2.686 r  u/f32_q[26]_i_5/O
                         net (fo=6, unplaced)         0.233     2.919    u/f32_q[26]_i_5_n_0
                         LUT2 (Prop_LUT2_I0_O)        0.095     3.014 r  u/f32_q[26]_i_4/O
                         net (fo=4, unplaced)         0.129     3.143    u/f32_q[26]_i_4_n_0
                         LUT6 (Prop_LUT6_I0_O)        0.225     3.368 f  u/f32_q[28]_i_4/O
                         net (fo=5, unplaced)         0.229     3.597    u/f32_q[28]_i_4_n_0
                         LUT5 (Prop_LUT5_I3_O)        0.095     3.692 r  u/f32_q[30]_i_3/O
                         net (fo=16, unplaced)        0.255     3.947    u/f32_q[30]_i_3_n_0
                         LUT5 (Prop_LUT5_I0_O)        0.091     4.038 r  u/overflow_carry_i_4/O
                         net (fo=1, unplaced)         0.170     4.208    u/overflow_carry_i_4_n_0
                         CARRY8 (Prop_CARRY8_DI[3]_CO[6])
                                                      0.231     4.439 r  u/overflow_carry/CO[6]
                         net (fo=31, unplaced)        0.210     4.649    u/overflow__6
                         LUT3 (Prop_LUT3_I0_O)        0.095     4.744 r  u/f32_q[4]_i_3/O
                         net (fo=1, unplaced)         0.211     4.955    u/f32_q[4]_i_3_n_0
                         LUT6 (Prop_LUT6_I1_O)        0.058     5.013 r  u/f32_q[4]_i_1/O
                         net (fo=1, unplaced)         0.067     5.080    u_n_7
                         FDRE                                         r  f32_q_reg[4]/D
  -------------------------------------------------------------------    -------------------

                         (clock clk rise edge)        3.333     3.333 r  
                                                      0.000     3.333 r  clk (IN)
                         net (fo=113, unset)          0.029     3.362    clk
                         FDRE                                         r  f32_q_reg[4]/C
                         clock pessimism              0.000     3.362    
                         clock uncertainty           -0.035     3.327    
                         FDRE (Setup_FDRE_C_D)        0.044     3.371    f32_q_reg[4]
  -------------------------------------------------------------------
                         required time                          3.371    
                         arrival time                          -5.080    
  -------------------------------------------------------------------
                         slack                                 -1.709    

Slack (VIOLATED) :        -1.672ns  (required time - arrival time)
  Source:                 acc_q_reg[1]/C
                            (rising edge-triggered cell FDRE clocked by clk  {rise@0.000ns fall@1.666ns period=3.333ns})
  Destination:            f32_q_reg[10]/D
                            (rising edge-triggered cell FDRE clocked by clk  {rise@0.000ns fall@1.666ns period=3.333ns})
  Path Group:             clk
  Path Type:              Setup (Max at Slow Process Corner)
  Requirement:            3.333ns  (clk rise@3.333ns - clk rise@0.000ns)
  Data Path Delay:        5.002ns  (logic 2.307ns (46.122%)  route 2.695ns (53.878%))
  Logic Levels:           21  (CARRY8=10 LUT1=1 LUT2=2 LUT3=1 LUT5=4 LUT6=3)
  Clock Path Skew:        -0.012ns (DCD - SCD + CPR)
    Destination Clock Delay (DCD):    0.029ns = ( 3.362 - 3.333 ) 
    Source Clock Delay      (SCD):    0.041ns
    Clock Pessimism Removal (CPR):    0.000ns
  Clock Uncertainty:      0.035ns  ((TSJ^2 + TIJ^2)^1/2 + DJ) / 2 + PE
    Total System Jitter     (TSJ):    0.071ns
    Total Input Jitter      (TIJ):    0.000ns
    Discrete Jitter          (DJ):    0.000ns
    Phase Error              (PE):    0.000ns

    Location             Delay type                Incr(ns)  Path(ns)    Netlist Resource(s)
  -------------------------------------------------------------------    -------------------
                         (clock clk rise edge)        0.000     0.000 r  
                                                      0.000     0.000 r  clk (IN)
                         net (fo=113, unset)          0.041     0.041    clk
                         FDRE                                         r  acc_q_reg[1]/C
  -------------------------------------------------------------------    -------------------
                         FDRE (Prop_FDRE_C_Q)         0.114     0.155 f  acc_q_reg[1]/Q
                         net (fo=5, unplaced)         0.172     0.327    u/Q[1]
                         LUT1 (Prop_LUT1_I0_O)        0.058     0.385 r  u/is_zero_carry_i_43__0/O
                         net (fo=1, unplaced)         0.025     0.410    u/p_0_in[1]
                         CARRY8 (Prop_CARRY8_S[0]_CO[7])
                                                      0.289     0.699 r  u/is_zero_carry_i_16__0/CO[7]
                         net (fo=1, unplaced)         0.006     0.705    u/is_zero_carry_i_16__0_n_0
                         CARRY8 (Prop_CARRY8_CI_CO[7])
                                                      0.073     0.778 r  u/is_zero_carry_i_12__1/CO[7]
                         net (fo=1, unplaced)         0.006     0.784    u/is_zero_carry_i_12__1_n_0
                         CARRY8 (Prop_CARRY8_CI_CO[7])
                                                      0.073     0.857 r  u/is_zero_carry_i_9/CO[7]
                         net (fo=1, unplaced)         0.006     0.863    u/is_zero_carry_i_9_n_0
                         CARRY8 (Prop_CARRY8_CI_CO[7])
                                                      0.073     0.936 r  u/is_zero_carry_i_16__1/CO[7]
                         net (fo=1, unplaced)         0.006     0.942    u/is_zero_carry_i_16__1_n_0
                         CARRY8 (Prop_CARRY8_CI_CO[7])
                                                      0.073     1.015 r  u/is_zero_carry_i_13__1/CO[7]
                         net (fo=1, unplaced)         0.006     1.021    u/is_zero_carry_i_13__1_n_0
                         CARRY8 (Prop_CARRY8_CI_CO[7])
                                                      0.073     1.094 r  u/is_zero_carry_i_9__0/CO[7]
                         net (fo=1, unplaced)         0.006     1.100    u/is_zero_carry_i_9__0_n_0
                         CARRY8 (Prop_CARRY8_CI_CO[7])
                                                      0.073     1.173 r  u/is_zero_carry_i_15__1/CO[7]
                         net (fo=1, unplaced)         0.006     1.179    u/is_zero_carry_i_15__1_n_0
                         CARRY8 (Prop_CARRY8_CI_CO[7])
                                                      0.073     1.252 r  u/is_zero_carry_i_11__1/CO[7]
                         net (fo=1, unplaced)         0.006     1.258    u/is_zero_carry_i_11__1_n_0
                         CARRY8 (Prop_CARRY8_CI_O[4])
                                                      0.119     1.377 r  u/is_zero_carry_i_9__1/O[4]
                         net (fo=4, unplaced)         0.221     1.598    u/mag0[69]
                         LUT3 (Prop_LUT3_I0_O)        0.095     1.693 r  u/f32_q[30]_i_9/O
                         net (fo=4, unplaced)         0.166     1.859    u/f32_q[30]_i_9_n_0
                         LUT5 (Prop_LUT5_I1_O)        0.152     2.011 f  u/f32_q[30]_i_5/O
                         net (fo=39, unplaced)        0.275     2.286    u/f32_q[30]_i_5_n_0
                         LUT2 (Prop_LUT2_I1_O)        0.058     2.344 r  u/f32_q[23]_i_6/O
                         net (fo=58, unplaced)        0.284     2.628    u/f32_q[23]_i_6_n_0
                         LUT6 (Prop_LUT6_I1_O)        0.058     2.686 r  u/f32_q[26]_i_5/O
                         net (fo=6, unplaced)         0.233     2.919    u/f32_q[26]_i_5_n_0
                         LUT2 (Prop_LUT2_I0_O)        0.095     3.014 r  u/f32_q[26]_i_4/O
                         net (fo=4, unplaced)         0.129     3.143    u/f32_q[26]_i_4_n_0
                         LUT6 (Prop_LUT6_I0_O)        0.225     3.368 f  u/f32_q[28]_i_4/O
                         net (fo=5, unplaced)         0.229     3.597    u/f32_q[28]_i_4_n_0
                         LUT5 (Prop_LUT5_I3_O)        0.095     3.692 r  u/f32_q[30]_i_3/O
                         net (fo=16, unplaced)        0.255     3.947    u/f32_q[30]_i_3_n_0
                         LUT5 (Prop_LUT5_I0_O)        0.091     4.038 r  u/overflow_carry_i_4/O
                         net (fo=1, unplaced)         0.170     4.208    u/overflow_carry_i_4_n_0
                         CARRY8 (Prop_CARRY8_DI[3]_CO[6])
                                                      0.231     4.439 r  u/overflow_carry/CO[6]
                         net (fo=31, unplaced)        0.210     4.649    u/overflow__6
                         LUT5 (Prop_LUT5_I0_O)        0.058     4.707 r  u/f32_q[10]_i_2/O
                         net (fo=1, unplaced)         0.211     4.918    u/f32_q[10]_i_2_n_0
                         LUT6 (Prop_LUT6_I0_O)        0.058     4.976 r  u/f32_q[10]_i_1/O
                         net (fo=1, unplaced)         0.067     5.043    u_n_10
                         FDRE                                         r  f32_q_reg[10]/D
  -------------------------------------------------------------------    -------------------

                         (clock clk rise edge)        3.333     3.333 r  
                                                      0.000     3.333 r  clk (IN)
                         net (fo=113, unset)          0.029     3.362    clk
                         FDRE                                         r  f32_q_reg[10]/C
                         clock pessimism              0.000     3.362    
                         clock uncertainty           -0.035     3.327    
                         FDRE (Setup_FDRE_C_D)        0.044     3.371    f32_q_reg[10]
  -------------------------------------------------------------------
                         required time                          3.371    
                         arrival time                          -5.043    
  -------------------------------------------------------------------
                         slack                                 -1.672    





Min Delay Paths
--------------------------------------------------------------------------------------
Slack (MET) :             0.147ns  (arrival time - required time)
  Source:                 acc_q_reg[71]/C
                            (rising edge-triggered cell FDRE clocked by clk  {rise@0.000ns fall@1.666ns period=3.333ns})
  Destination:            f32_q_reg[31]/D
                            (rising edge-triggered cell FDRE clocked by clk  {rise@0.000ns fall@1.666ns period=3.333ns})
  Path Group:             clk
  Path Type:              Hold (Min at Fast Process Corner)
  Requirement:            0.000ns  (clk rise@0.000ns - clk rise@0.000ns)
  Data Path Delay:        0.196ns  (logic 0.122ns (62.245%)  route 0.074ns (37.755%))
  Logic Levels:           1  (LUT2=1)
  Clock Path Skew:        0.005ns (DCD - SCD - CPR)
    Destination Clock Delay (DCD):    0.019ns
    Source Clock Delay      (SCD):    0.014ns
    Clock Pessimism Removal (CPR):    -0.000ns

    Location             Delay type                Incr(ns)  Path(ns)    Netlist Resource(s)
  -------------------------------------------------------------------    -------------------
                         (clock clk rise edge)        0.000     0.000 r  
                                                      0.000     0.000 r  clk (IN)
                         net (fo=113, unset)          0.014     0.014    clk
                         FDRE                                         r  acc_q_reg[71]/C
  -------------------------------------------------------------------    -------------------
                         FDRE (Prop_FDRE_C_Q)         0.084     0.098 r  acc_q_reg[71]/Q
                         net (fo=8, unplaced)         0.056     0.154    u/Q[71]
                         LUT2 (Prop_LUT2_I0_O)        0.038     0.192 r  u/f32_q[31]_i_1/O
                         net (fo=1, unplaced)         0.018     0.210    f32[31]
                         FDRE                                         r  f32_q_reg[31]/D
  -------------------------------------------------------------------    -------------------

                         (clock clk rise edge)        0.000     0.000 r  
                                                      0.000     0.000 r  clk (IN)
                         net (fo=113, unset)          0.019     0.019    clk
                         FDRE                                         r  f32_q_reg[31]/C
                         clock pessimism              0.000     0.019    
                         FDRE (Hold_FDRE_C_D)         0.044     0.063    f32_q_reg[31]
  -------------------------------------------------------------------
                         required time                         -0.063    
                         arrival time                           0.210    
  -------------------------------------------------------------------
                         slack                                  0.147    

Slack (MET) :             0.197ns  (arrival time - required time)
  Source:                 emin_q_reg[0]/C
                            (rising edge-triggered cell FDRE clocked by clk  {rise@0.000ns fall@1.666ns period=3.333ns})
  Destination:            f32_q_reg[23]/D
                            (rising edge-triggered cell FDRE clocked by clk  {rise@0.000ns fall@1.666ns period=3.333ns})
  Path Group:             clk
  Path Type:              Hold (Min at Fast Process Corner)
  Requirement:            0.000ns  (clk rise@0.000ns - clk rise@0.000ns)
  Data Path Delay:        0.246ns  (logic 0.175ns (71.138%)  route 0.071ns (28.862%))
  Logic Levels:           1  (LUT5=1)
  Clock Path Skew:        0.005ns (DCD - SCD - CPR)
    Destination Clock Delay (DCD):    0.019ns
    Source Clock Delay      (SCD):    0.014ns
    Clock Pessimism Removal (CPR):    -0.000ns

    Location             Delay type                Incr(ns)  Path(ns)    Netlist Resource(s)
  -------------------------------------------------------------------    -------------------
                         (clock clk rise edge)        0.000     0.000 r  
                                                      0.000     0.000 r  clk (IN)
                         net (fo=113, unset)          0.014     0.014    clk
                         FDRE                                         r  emin_q_reg[0]/C
  -------------------------------------------------------------------    -------------------
                         FDRE (Prop_FDRE_C_Q)         0.084     0.098 r  emin_q_reg[0]/Q
                         net (fo=4, unplaced)         0.053     0.151    u/f32_q_reg[30][0]
                         LUT5 (Prop_LUT5_I0_O)        0.091     0.242 r  u/f32_q[23]_i_1/O
                         net (fo=1, unplaced)         0.018     0.260    f32[23]
                         FDRE                                         r  f32_q_reg[23]/D
  -------------------------------------------------------------------    -------------------

                         (clock clk rise edge)        0.000     0.000 r  
                                                      0.000     0.000 r  clk (IN)
                         net (fo=113, unset)          0.019     0.019    clk
                         FDRE                                         r  f32_q_reg[23]/C
                         clock pessimism              0.000     0.019    
                         FDRE (Hold_FDRE_C_D)         0.044     0.063    f32_q_reg[23]
  -------------------------------------------------------------------
                         required time                         -0.063    
                         arrival time                           0.260    
  -------------------------------------------------------------------
                         slack                                  0.197    

Slack (MET) :             0.211ns  (arrival time - required time)
  Source:                 emin_q_reg[7]/C
                            (rising edge-triggered cell FDRE clocked by clk  {rise@0.000ns fall@1.666ns period=3.333ns})
  Destination:            f32_q_reg[30]/D
                            (rising edge-triggered cell FDRE clocked by clk  {rise@0.000ns fall@1.666ns period=3.333ns})
  Path Group:             clk
  Path Type:              Hold (Min at Fast Process Corner)
  Requirement:            0.000ns  (clk rise@0.000ns - clk rise@0.000ns)
  Data Path Delay:        0.260ns  (logic 0.174ns (66.923%)  route 0.086ns (33.077%))
  Logic Levels:           1  (LUT6=1)
  Clock Path Skew:        0.005ns (DCD - SCD - CPR)
    Destination Clock Delay (DCD):    0.019ns
    Source Clock Delay      (SCD):    0.014ns
    Clock Pessimism Removal (CPR):    -0.000ns

    Location             Delay type                Incr(ns)  Path(ns)    Netlist Resource(s)
  -------------------------------------------------------------------    -------------------
                         (clock clk rise edge)        0.000     0.000 r  
                                                      0.000     0.000 r  clk (IN)
                         net (fo=113, unset)          0.014     0.014    clk
                         FDRE                                         r  emin_q_reg[7]/C
  -------------------------------------------------------------------    -------------------
                         FDRE (Prop_FDRE_C_Q)         0.084     0.098 r  emin_q_reg[7]/Q
                         net (fo=15, unplaced)        0.068     0.166    u/f32_q_reg[30][7]
                         LUT6 (Prop_LUT6_I5_O)        0.090     0.256 r  u/f32_q[30]_i_2/O
                         net (fo=1, unplaced)         0.018     0.274    u_n_24
                         FDRE                                         r  f32_q_reg[30]/D
  -------------------------------------------------------------------    -------------------

                         (clock clk rise edge)        0.000     0.000 r  
                                                      0.000     0.000 r  clk (IN)
                         net (fo=113, unset)          0.019     0.019    clk
                         FDRE                                         r  f32_q_reg[30]/C
                         clock pessimism              0.000     0.019    
                         FDRE (Hold_FDRE_C_D)         0.044     0.063    f32_q_reg[30]
  -------------------------------------------------------------------
                         required time                         -0.063    
                         arrival time                           0.274    
  -------------------------------------------------------------------
                         slack                                  0.211    

Slack (MET) :             0.212ns  (arrival time - required time)
  Source:                 emin_q_reg[6]/C
                            (rising edge-triggered cell FDRE clocked by clk  {rise@0.000ns fall@1.666ns period=3.333ns})
  Destination:            f32_q_reg[29]/D
                            (rising edge-triggered cell FDRE clocked by clk  {rise@0.000ns fall@1.666ns period=3.333ns})
  Path Group:             clk
  Path Type:              Hold (Min at Fast Process Corner)
  Requirement:            0.000ns  (clk rise@0.000ns - clk rise@0.000ns)
  Data Path Delay:        0.261ns  (logic 0.174ns (66.667%)  route 0.087ns (33.333%))
  Logic Levels:           1  (LUT5=1)
  Clock Path Skew:        0.005ns (DCD - SCD - CPR)
    Destination Clock Delay (DCD):    0.019ns
    Source Clock Delay      (SCD):    0.014ns
    Clock Pessimism Removal (CPR):    -0.000ns

    Location             Delay type                Incr(ns)  Path(ns)    Netlist Resource(s)
  -------------------------------------------------------------------    -------------------
                         (clock clk rise edge)        0.000     0.000 r  
                                                      0.000     0.000 r  clk (IN)
                         net (fo=113, unset)          0.014     0.014    clk
                         FDRE                                         r  emin_q_reg[6]/C
  -------------------------------------------------------------------    -------------------
                         FDRE (Prop_FDRE_C_Q)         0.084     0.098 r  emin_q_reg[6]/Q
                         net (fo=16, unplaced)        0.069     0.167    u/f32_q_reg[30][6]
                         LUT5 (Prop_LUT5_I4_O)        0.090     0.257 r  u/f32_q[29]_i_1/O
                         net (fo=1, unplaced)         0.018     0.275    u_n_25
                         FDRE                                         r  f32_q_reg[29]/D
  -------------------------------------------------------------------    -------------------

                         (clock clk rise edge)        0.000     0.000 r  
                                                      0.000     0.000 r  clk (IN)
                         net (fo=113, unset)          0.019     0.019    clk
                         FDRE                                         r  f32_q_reg[29]/C
                         clock pessimism              0.000     0.019    
                         FDRE (Hold_FDRE_C_D)         0.044     0.063    f32_q_reg[29]
  -------------------------------------------------------------------
                         required time                         -0.063    
                         arrival time                           0.275    
  -------------------------------------------------------------------
                         slack                                  0.212    

Slack (MET) :             0.246ns  (arrival time - required time)
  Source:                 emin_q_reg[1]/C
                            (rising edge-triggered cell FDRE clocked by clk  {rise@0.000ns fall@1.666ns period=3.333ns})
  Destination:            f32_q_reg[24]/D
                            (rising edge-triggered cell FDRE clocked by clk  {rise@0.000ns fall@1.666ns period=3.333ns})
  Path Group:             clk
  Path Type:              Hold (Min at Fast Process Corner)
  Requirement:            0.000ns  (clk rise@0.000ns - clk rise@0.000ns)
  Data Path Delay:        0.295ns  (logic 0.159ns (53.898%)  route 0.136ns (46.102%))
  Logic Levels:           2  (LUT2=1 LUT3=1)
  Clock Path Skew:        0.005ns (DCD - SCD - CPR)
    Destination Clock Delay (DCD):    0.019ns
    Source Clock Delay      (SCD):    0.014ns
    Clock Pessimism Removal (CPR):    -0.000ns

    Location             Delay type                Incr(ns)  Path(ns)    Netlist Resource(s)
  -------------------------------------------------------------------    -------------------
                         (clock clk rise edge)        0.000     0.000 r  
                                                      0.000     0.000 r  clk (IN)
                         net (fo=113, unset)          0.014     0.014    clk
                         FDRE                                         r  emin_q_reg[1]/C
  -------------------------------------------------------------------    -------------------
                         FDRE (Prop_FDRE_C_Q)         0.084     0.098 r  emin_q_reg[1]/Q
                         net (fo=2, unplaced)         0.043     0.141    u/f32_q_reg[30][1]
                         LUT2 (Prop_LUT2_I0_O)        0.038     0.179 r  u/f32_q[24]_i_3/O
                         net (fo=6, unplaced)         0.075     0.254    u/f32_q[24]_i_3_n_0
                         LUT3 (Prop_LUT3_I1_O)        0.037     0.291 r  u/f32_q[24]_i_1/O
                         net (fo=1, unplaced)         0.018     0.309    u_n_30
                         FDRE                                         r  f32_q_reg[24]/D
  -------------------------------------------------------------------    -------------------

                         (clock clk rise edge)        0.000     0.000 r  
                                                      0.000     0.000 r  clk (IN)
                         net (fo=113, unset)          0.019     0.019    clk
                         FDRE                                         r  f32_q_reg[24]/C
                         clock pessimism              0.000     0.019    
                         FDRE (Hold_FDRE_C_D)         0.044     0.063    f32_q_reg[24]
  -------------------------------------------------------------------
                         required time                         -0.063    
                         arrival time                           0.309    
  -------------------------------------------------------------------
                         slack                                  0.246    





Pulse Width Checks
--------------------------------------------------------------------------------------
Clock Name:         clk
Waveform(ns):       { 0.000 1.666 }
Period(ns):         3.333
Sources:            { clk }

Check Type        Corner  Lib Pin  Reference Pin  Required(ns)  Actual(ns)  Slack(ns)  Location  Pin
Min Period        n/a     FDRE/C   n/a            0.550         3.333       2.783                acc_q_reg[0]/C
Min Period        n/a     FDRE/C   n/a            0.550         3.333       2.783                acc_q_reg[10]/C
Min Period        n/a     FDRE/C   n/a            0.550         3.333       2.783                acc_q_reg[11]/C
Min Period        n/a     FDRE/C   n/a            0.550         3.333       2.783                acc_q_reg[12]/C
Min Period        n/a     FDRE/C   n/a            0.550         3.333       2.783                acc_q_reg[13]/C
Low Pulse Width   Slow    FDRE/C   n/a            0.275         1.666       1.391                acc_q_reg[0]/C
Low Pulse Width   Fast    FDRE/C   n/a            0.275         1.666       1.391                acc_q_reg[0]/C
Low Pulse Width   Slow    FDRE/C   n/a            0.275         1.666       1.391                acc_q_reg[10]/C
Low Pulse Width   Fast    FDRE/C   n/a            0.275         1.666       1.391                acc_q_reg[10]/C
Low Pulse Width   Slow    FDRE/C   n/a            0.275         1.666       1.391                acc_q_reg[11]/C
High Pulse Width  Slow    FDRE/C   n/a            0.275         1.666       1.391                acc_q_reg[0]/C
High Pulse Width  Fast    FDRE/C   n/a            0.275         1.666       1.391                acc_q_reg[0]/C
High Pulse Width  Slow    FDRE/C   n/a            0.275         1.666       1.391                acc_q_reg[10]/C
High Pulse Width  Fast    FDRE/C   n/a            0.275         1.666       1.391                acc_q_reg[10]/C
High Pulse Width  Slow    FDRE/C   n/a            0.275         1.666       1.391                acc_q_reg[11]/C



