Copyright 1986-2022 Xilinx, Inc. All Rights Reserved. Copyright 2022-2026 Advanced Micro Devices, Inc. All Rights Reserved.
--------------------------------------------------------------------------------------------------------------------------------------------------
| Tool Version      : Vivado v.2025.2.1 (win64) Build 6403652 Thu Mar 19 19:48:24 GMT 2026
| Date              : Mon Jun 22 17:31:16 2026
| Host              : ANGELVIERA7B7F running 64-bit major release  (build 9200)
| Command           : report_timing_summary -max_paths 5 -file gemmk256_timing.rpt
| Design            : gemm_kernel_ooc
| Device            : xck26-sfvc784
| Speed File        : -2LV  PRODUCTION 1.31 12-08-2025
| Design State      : Synthesized
| Temperature Grade : C
--------------------------------------------------------------------------------------------------------------------------------------------------

Timing Summary Report

------------------------------------------------------------------------------------------------
| Timer Settings
| --------------
------------------------------------------------------------------------------------------------

  Enable Multi Corner Analysis               :  Yes
  Enable Pessimism Removal                   :  Yes
  Pessimism Removal Resolution               :  Nearest Common Node
  Enable Input Delay Default Clock           :  No
  Enable Preset / Clear Arcs                 :  No
  Disable Flight Delays                      :  No
  Ignore I/O Paths                           :  No
  Timing Early Launch at Borrowing Latches   :  No
  Borrow Time for Max Delay Exceptions       :  Yes
  Merge Timing Exceptions                    :  Yes
  Inter-SLR Compensation                     :  Conservative

  Corner  Analyze    Analyze    
  Name    Max Paths  Min Paths  
  ------  ---------  ---------  
  Slow    Yes        Yes        
  Fast    Yes        Yes        


------------------------------------------------------------------------------------------------
| Report Methodology
| ------------------
------------------------------------------------------------------------------------------------

No report available as report_methodology has not been run prior. Run report_methodology on the current design for the summary of methodology violations.



check_timing report

Table of Contents
-----------------
1. checking no_clock (0)
2. checking constant_clock (0)
3. checking pulse_width_clock (0)
4. checking unconstrained_internal_endpoints (0)
5. checking no_input_delay (637)
6. checking no_output_delay (70)
7. checking multiple_clock (0)
8. checking generated_clocks (0)
9. checking loops (0)
10. checking partial_input_delay (0)
11. checking partial_output_delay (0)
12. checking latch_loops (0)

1. checking no_clock (0)
------------------------
 There are 0 register/latch pins with no clock.


2. checking constant_clock (0)
------------------------------
 There are 0 register/latch pins with constant_clock.


3. checking pulse_width_clock (0)
---------------------------------
 There are 0 register/latch pins which need pulse_width check


4. checking unconstrained_internal_endpoints (0)
------------------------------------------------
 There are 0 pins that are not constrained for maximum delay.

 There are 0 pins that are not constrained for maximum delay due to constant clock.


5. checking no_input_delay (637)
--------------------------------
 There are 0 input ports with no input delay specified.

 There are 637 input ports with no input delay but user has a false path constraint. (MEDIUM)


6. checking no_output_delay (70)
--------------------------------
 There are 0 ports with no output delay specified.

 There are 70 ports with no output delay but user has a false path constraint (MEDIUM)

 There are 0 ports with no output delay but with a timing clock defined on it or propagating through it


7. checking multiple_clock (0)
------------------------------
 There are 0 register/latch pins with multiple clocks.


8. checking generated_clocks (0)
--------------------------------
 There are 0 generated clocks that are not connected to a clock source.


9. checking loops (0)
---------------------
 There are 0 combinational loops in the design.


10. checking partial_input_delay (0)
------------------------------------
 There are 0 input ports with partial input delay specified.


11. checking partial_output_delay (0)
-------------------------------------
 There are 0 ports with partial output delay specified.


12. checking latch_loops (0)
----------------------------
 There are 0 combinational latch loops in the design through latch input



------------------------------------------------------------------------------------------------
| Design Timing Summary
| ---------------------
------------------------------------------------------------------------------------------------

    WNS(ns)      TNS(ns)  TNS Failing Endpoints  TNS Total Endpoints      WHS(ns)      THS(ns)  THS Failing Endpoints  THS Total Endpoints     WPWS(ns)     TPWS(ns)  TPWS Failing Endpoints  TPWS Total Endpoints  
    -------      -------  ---------------------  -------------------      -------      -------  ---------------------  -------------------     --------     --------  ----------------------  --------------------  
      0.149        0.000                      0                29861        0.037        0.000                      0                29861        0.862        0.000                       0                 16898  


All user specified timing constraints are met.


------------------------------------------------------------------------------------------------
| Clock Summary
| -------------
------------------------------------------------------------------------------------------------

Clock  Waveform(ns)         Period(ns)      Frequency(MHz)
-----  ------------         ----------      --------------
clk    {0.000 1.666}        3.333           300.030         


------------------------------------------------------------------------------------------------
| Intra Clock Table
| -----------------
------------------------------------------------------------------------------------------------

Clock             WNS(ns)      TNS(ns)  TNS Failing Endpoints  TNS Total Endpoints      WHS(ns)      THS(ns)  THS Failing Endpoints  THS Total Endpoints     WPWS(ns)     TPWS(ns)  TPWS Failing Endpoints  TPWS Total Endpoints  
-----             -------      -------  ---------------------  -------------------      -------      -------  ---------------------  -------------------     --------     --------  ----------------------  --------------------  
clk                 0.149        0.000                      0                29861        0.037        0.000                      0                29861        0.862        0.000                       0                 16898  


------------------------------------------------------------------------------------------------
| Inter Clock Table
| -----------------
------------------------------------------------------------------------------------------------

From Clock    To Clock          WNS(ns)      TNS(ns)  TNS Failing Endpoints  TNS Total Endpoints      WHS(ns)      THS(ns)  THS Failing Endpoints  THS Total Endpoints  
----------    --------          -------      -------  ---------------------  -------------------      -------      -------  ---------------------  -------------------  


------------------------------------------------------------------------------------------------
| Other Path Groups Table
| -----------------------
------------------------------------------------------------------------------------------------

Path Group    From Clock    To Clock          WNS(ns)      TNS(ns)  TNS Failing Endpoints  TNS Total Endpoints      WHS(ns)      THS(ns)  THS Failing Endpoints  THS Total Endpoints  
----------    ----------    --------          -------      -------  ---------------------  -------------------      -------      -------  ---------------------  -------------------  


------------------------------------------------------------------------------------------------
| Timing Details
| --------------
------------------------------------------------------------------------------------------------


---------------------------------------------------------------------------------------------------
From Clock:  clk
  To Clock:  clk

Setup :            0  Failing Endpoints,  Worst Slack        0.149ns,  Total Violation        0.000ns
Hold  :            0  Failing Endpoints,  Worst Slack        0.037ns,  Total Violation        0.000ns
PW    :            0  Failing Endpoints,  Worst Slack        0.862ns,  Total Violation        0.000ns
---------------------------------------------------------------------------------------------------


Max Delay Paths
--------------------------------------------------------------------------------------
Slack (MET) :             0.149ns  (required time - arrival time)
  Source:                 u/u_rowblock/gen_lane[7].gen_acc[3].acc_reg[3][1]/C
                            (rising edge-triggered cell FDRE clocked by clk  {rise@0.000ns fall@1.666ns period=3.333ns})
  Destination:            u/u_emit_hi/zero1_reg/D
                            (rising edge-triggered cell FDRE clocked by clk  {rise@0.000ns fall@1.666ns period=3.333ns})
  Path Group:             clk
  Path Type:              Setup (Max at Slow Process Corner)
  Requirement:            3.333ns  (clk rise@3.333ns - clk rise@0.000ns)
  Data Path Delay:        3.182ns  (logic 1.991ns (62.571%)  route 1.191ns (37.429%))
  Logic Levels:           17  (CARRY8=10 LUT1=1 LUT3=1 LUT6=3 MUXF7=2)
  Clock Path Skew:        -0.011ns (DCD - SCD + CPR)
    Destination Clock Delay (DCD):    0.030ns = ( 3.363 - 3.333 ) 
    Source Clock Delay      (SCD):    0.041ns
    Clock Pessimism Removal (CPR):    0.000ns
  Clock Uncertainty:      0.035ns  ((TSJ^2 + TIJ^2)^1/2 + DJ) / 2 + PE
    Total System Jitter     (TSJ):    0.071ns
    Total Input Jitter      (TIJ):    0.000ns
    Discrete Jitter          (DJ):    0.000ns
    Phase Error              (PE):    0.000ns

    Location             Delay type                Incr(ns)  Path(ns)    Netlist Resource(s)
  -------------------------------------------------------------------    -------------------
                         (clock clk rise edge)        0.000     0.000 r  
                                                      0.000     0.000 r  clk (IN)
                         net (fo=17041, unset)        0.041     0.041    u/u_rowblock/clk
                         FDRE                                         r  u/u_rowblock/gen_lane[7].gen_acc[3].acc_reg[3][1]/C
  -------------------------------------------------------------------    -------------------
                         FDRE (Prop_FDRE_C_Q)         0.114     0.155 f  u/u_rowblock/gen_lane[7].gen_acc[3].acc_reg[3][1]/Q
                         net (fo=2, unplaced)         0.174     0.329    u/u_rowblock/gen_lane[7].gen_acc[3].acc_reg[3]_51[1]
                         LUT6 (Prop_LUT6_I0_O)        0.225     0.554 f  u/u_rowblock/mag1[1]_i_13__0/O
                         net (fo=1, unplaced)         0.030     0.584    u/u_rowblock/mag1[1]_i_13__0_n_0
                         MUXF7 (Prop_MUXF7_I0_O)      0.102     0.686 f  u/u_rowblock/mag1_reg[1]_i_5__0/O
                         net (fo=1, unplaced)         0.152     0.838    u/u_rowblock/rowblock_acc[505]
                         LUT6 (Prop_LUT6_I0_O)        0.152     0.990 f  u/u_rowblock/mag1[1]_i_3/O
                         net (fo=1, unplaced)         0.030     1.020    u/u_rowblock/mag1[1]_i_3_n_0
                         MUXF7 (Prop_MUXF7_I0_O)      0.102     1.122 f  u/u_rowblock/mag1_reg[1]_i_2/O
                         net (fo=3, unplaced)         0.215     1.337    u/u_rowblock/mag1_reg[1]_i_2_n_0
                         LUT1 (Prop_LUT1_I0_O)        0.058     1.395 r  u/u_rowblock/mag1[8]_i_12__0/O
                         net (fo=1, unplaced)         0.025     1.420    u/u_rowblock/mag1[8]_i_12__0_n_0
                         CARRY8 (Prop_CARRY8_S[0]_CO[7])
                                                      0.289     1.709 r  u/u_rowblock/mag1_reg[8]_i_2__0/CO[7]
                         net (fo=1, unplaced)         0.006     1.715    u/u_rowblock/mag1_reg[8]_i_2__0_n_0
                         CARRY8 (Prop_CARRY8_CI_CO[7])
                                                      0.073     1.788 r  u/u_rowblock/mag1_reg[16]_i_2__0/CO[7]
                         net (fo=1, unplaced)         0.006     1.794    u/u_rowblock/mag1_reg[16]_i_2__0_n_0
                         CARRY8 (Prop_CARRY8_CI_CO[7])
                                                      0.073     1.867 r  u/u_rowblock/mag1_reg[24]_i_2__0/CO[7]
                         net (fo=1, unplaced)         0.006     1.873    u/u_rowblock/mag1_reg[24]_i_2__0_n_0
                         CARRY8 (Prop_CARRY8_CI_CO[7])
                                                      0.073     1.946 r  u/u_rowblock/mag1_reg[32]_i_2__0/CO[7]
                         net (fo=1, unplaced)         0.006     1.952    u/u_rowblock/mag1_reg[32]_i_2__0_n_0
                         CARRY8 (Prop_CARRY8_CI_CO[7])
                                                      0.073     2.025 r  u/u_rowblock/mag1_reg[40]_i_2__0/CO[7]
                         net (fo=1, unplaced)         0.006     2.031    u/u_rowblock/mag1_reg[40]_i_2__0_n_0
                         CARRY8 (Prop_CARRY8_CI_CO[7])
                                                      0.073     2.104 r  u/u_rowblock/mag1_reg[48]_i_2__0/CO[7]
                         net (fo=1, unplaced)         0.006     2.110    u/u_rowblock/mag1_reg[48]_i_2__0_n_0
                         CARRY8 (Prop_CARRY8_CI_CO[7])
                                                      0.073     2.183 r  u/u_rowblock/mag1_reg[56]_i_2__0/CO[7]
                         net (fo=1, unplaced)         0.006     2.189    u/u_rowblock/mag1_reg[56]_i_2__0_n_0
                         CARRY8 (Prop_CARRY8_CI_CO[7])
                                                      0.073     2.262 r  u/u_rowblock/mag1_reg[64]_i_2__0/CO[7]
                         net (fo=1, unplaced)         0.006     2.268    u/u_rowblock/mag1_reg[64]_i_2__0_n_0
                         CARRY8 (Prop_CARRY8_CI_O[0])
                                                      0.078     2.346 f  u/u_rowblock/mag1_reg[71]_i_2__0/O[0]
                         net (fo=1, unplaced)         0.211     2.557    u/u_rowblock/u_emit_hi/mag00[65]
                         LUT3 (Prop_LUT3_I0_O)        0.058     2.615 f  u/u_rowblock/mag1[65]_i_1__0/O
                         net (fo=2, unplaced)         0.211     2.826    u/u_rowblock/D[65]
                         LUT6 (Prop_LUT6_I5_O)        0.056     2.882 r  u/u_rowblock/zero1_i_5__0/O
                         net (fo=1, unplaced)         0.037     2.919    u/u_rowblock/zero1_i_5__0_n_0
                         CARRY8 (Prop_CARRY8_S[5]_CO[7])
                                                      0.246     3.165 r  u/u_rowblock/zero1_reg_i_1__0/CO[7]
                         net (fo=1, unplaced)         0.058     3.223    u/u_emit_hi/p_1_in
                         FDRE                                         r  u/u_emit_hi/zero1_reg/D
  -------------------------------------------------------------------    -------------------

                         (clock clk rise edge)        3.333     3.333 r  
                                                      0.000     3.333 r  clk (IN)
                         net (fo=17041, unset)        0.030     3.363    u/u_emit_hi/clk
                         FDRE                                         r  u/u_emit_hi/zero1_reg/C
                         clock pessimism              0.000     3.363    
                         clock uncertainty           -0.035     3.328    
                         FDRE (Setup_FDRE_C_D)        0.044     3.372    u/u_emit_hi/zero1_reg
  -------------------------------------------------------------------
                         required time                          3.372    
                         arrival time                          -3.223    
  -------------------------------------------------------------------
                         slack                                  0.149    

Slack (MET) :             0.149ns  (required time - arrival time)
  Source:                 u/u_rowblock/gen_lane[6].gen_acc[3].acc_reg[3][1]/C
                            (rising edge-triggered cell FDRE clocked by clk  {rise@0.000ns fall@1.666ns period=3.333ns})
  Destination:            u/u_emit_lo/zero1_reg/D
                            (rising edge-triggered cell FDRE clocked by clk  {rise@0.000ns fall@1.666ns period=3.333ns})
  Path Group:             clk
  Path Type:              Setup (Max at Slow Process Corner)
  Requirement:            3.333ns  (clk rise@3.333ns - clk rise@0.000ns)
  Data Path Delay:        3.182ns  (logic 1.991ns (62.571%)  route 1.191ns (37.429%))
  Logic Levels:           17  (CARRY8=10 LUT1=1 LUT3=1 LUT6=3 MUXF7=2)
  Clock Path Skew:        -0.011ns (DCD - SCD + CPR)
    Destination Clock Delay (DCD):    0.030ns = ( 3.363 - 3.333 ) 
    Source Clock Delay      (SCD):    0.041ns
    Clock Pessimism Removal (CPR):    0.000ns
  Clock Uncertainty:      0.035ns  ((TSJ^2 + TIJ^2)^1/2 + DJ) / 2 + PE
    Total System Jitter     (TSJ):    0.071ns
    Total Input Jitter      (TIJ):    0.000ns
    Discrete Jitter          (DJ):    0.000ns
    Phase Error              (PE):    0.000ns

    Location             Delay type                Incr(ns)  Path(ns)    Netlist Resource(s)
  -------------------------------------------------------------------    -------------------
                         (clock clk rise edge)        0.000     0.000 r  
                                                      0.000     0.000 r  clk (IN)
                         net (fo=17041, unset)        0.041     0.041    u/u_rowblock/clk
                         FDRE                                         r  u/u_rowblock/gen_lane[6].gen_acc[3].acc_reg[3][1]/C
  -------------------------------------------------------------------    -------------------
                         FDRE (Prop_FDRE_C_Q)         0.114     0.155 f  u/u_rowblock/gen_lane[6].gen_acc[3].acc_reg[3][1]/Q
                         net (fo=2, unplaced)         0.174     0.329    u/u_rowblock/gen_lane[6].gen_acc[3].acc_reg[3]_43[1]
                         LUT6 (Prop_LUT6_I0_O)        0.225     0.554 f  u/u_rowblock/mag1[1]_i_13/O
                         net (fo=1, unplaced)         0.030     0.584    u/u_rowblock/mag1[1]_i_13_n_0
                         MUXF7 (Prop_MUXF7_I0_O)      0.102     0.686 f  u/u_rowblock/mag1_reg[1]_i_5/O
                         net (fo=1, unplaced)         0.152     0.838    u/u_rowblock/rowblock_acc[433]
                         LUT6 (Prop_LUT6_I0_O)        0.152     0.990 f  u/u_rowblock/mag1[1]_i_3__0/O
                         net (fo=1, unplaced)         0.030     1.020    u/u_rowblock/mag1[1]_i_3__0_n_0
                         MUXF7 (Prop_MUXF7_I0_O)      0.102     1.122 f  u/u_rowblock/mag1_reg[1]_i_2__0/O
                         net (fo=3, unplaced)         0.215     1.337    u/u_rowblock/mag1_reg[1]_i_2__0_n_0
                         LUT1 (Prop_LUT1_I0_O)        0.058     1.395 r  u/u_rowblock/mag1[8]_i_12/O
                         net (fo=1, unplaced)         0.025     1.420    u/u_rowblock/mag1[8]_i_12_n_0
                         CARRY8 (Prop_CARRY8_S[0]_CO[7])
                                                      0.289     1.709 r  u/u_rowblock/mag1_reg[8]_i_2/CO[7]
                         net (fo=1, unplaced)         0.006     1.715    u/u_rowblock/mag1_reg[8]_i_2_n_0
                         CARRY8 (Prop_CARRY8_CI_CO[7])
                                                      0.073     1.788 r  u/u_rowblock/mag1_reg[16]_i_2/CO[7]
                         net (fo=1, unplaced)         0.006     1.794    u/u_rowblock/mag1_reg[16]_i_2_n_0
                         CARRY8 (Prop_CARRY8_CI_CO[7])
                                                      0.073     1.867 r  u/u_rowblock/mag1_reg[24]_i_2/CO[7]
                         net (fo=1, unplaced)         0.006     1.873    u/u_rowblock/mag1_reg[24]_i_2_n_0
                         CARRY8 (Prop_CARRY8_CI_CO[7])
                                                      0.073     1.946 r  u/u_rowblock/mag1_reg[32]_i_2/CO[7]
                         net (fo=1, unplaced)         0.006     1.952    u/u_rowblock/mag1_reg[32]_i_2_n_0
                         CARRY8 (Prop_CARRY8_CI_CO[7])
                                                      0.073     2.025 r  u/u_rowblock/mag1_reg[40]_i_2/CO[7]
                         net (fo=1, unplaced)         0.006     2.031    u/u_rowblock/mag1_reg[40]_i_2_n_0
                         CARRY8 (Prop_CARRY8_CI_CO[7])
                                                      0.073     2.104 r  u/u_rowblock/mag1_reg[48]_i_2/CO[7]
                         net (fo=1, unplaced)         0.006     2.110    u/u_rowblock/mag1_reg[48]_i_2_n_0
                         CARRY8 (Prop_CARRY8_CI_CO[7])
                                                      0.073     2.183 r  u/u_rowblock/mag1_reg[56]_i_2/CO[7]
                         net (fo=1, unplaced)         0.006     2.189    u/u_rowblock/mag1_reg[56]_i_2_n_0
                         CARRY8 (Prop_CARRY8_CI_CO[7])
                                                      0.073     2.262 r  u/u_rowblock/mag1_reg[64]_i_2/CO[7]
                         net (fo=1, unplaced)         0.006     2.268    u/u_rowblock/mag1_reg[64]_i_2_n_0
                         CARRY8 (Prop_CARRY8_CI_O[0])
                                                      0.078     2.346 f  u/u_rowblock/mag1_reg[71]_i_2/O[0]
                         net (fo=1, unplaced)         0.211     2.557    u/u_rowblock/u_emit_lo/mag00[65]
                         LUT3 (Prop_LUT3_I0_O)        0.058     2.615 f  u/u_rowblock/mag1[65]_i_1/O
                         net (fo=2, unplaced)         0.211     2.826    u/u_rowblock/pc_beat_reg[2]_1[65]
                         LUT6 (Prop_LUT6_I5_O)        0.056     2.882 r  u/u_rowblock/zero1_i_5/O
                         net (fo=1, unplaced)         0.037     2.919    u/u_rowblock/zero1_i_5_n_0
                         CARRY8 (Prop_CARRY8_S[5]_CO[7])
                                                      0.246     3.165 r  u/u_rowblock/zero1_reg_i_1/CO[7]
                         net (fo=1, unplaced)         0.058     3.223    u/u_emit_lo/p_1_in
                         FDRE                                         r  u/u_emit_lo/zero1_reg/D
  -------------------------------------------------------------------    -------------------

                         (clock clk rise edge)        3.333     3.333 r  
                                                      0.000     3.333 r  clk (IN)
                         net (fo=17041, unset)        0.030     3.363    u/u_emit_lo/clk
                         FDRE                                         r  u/u_emit_lo/zero1_reg/C
                         clock pessimism              0.000     3.363    
                         clock uncertainty           -0.035     3.328    
                         FDRE (Setup_FDRE_C_D)        0.044     3.372    u/u_emit_lo/zero1_reg
  -------------------------------------------------------------------
                         required time                          3.372    
                         arrival time                          -3.223    
  -------------------------------------------------------------------
                         slack                                  0.149    

Slack (MET) :             0.626ns  (required time - arrival time)
  Source:                 u/u_rowblock/gen_lane[7].gen_acc[3].acc_reg[3][1]/C
                            (rising edge-triggered cell FDRE clocked by clk  {rise@0.000ns fall@1.666ns period=3.333ns})
  Destination:            u/u_emit_hi/mag1_reg[66]/D
                            (rising edge-triggered cell FDRE clocked by clk  {rise@0.000ns fall@1.666ns period=3.333ns})
  Path Group:             clk
  Path Type:              Setup (Max at Slow Process Corner)
  Requirement:            3.333ns  (clk rise@3.333ns - clk rise@0.000ns)
  Data Path Delay:        2.704ns  (logic 1.754ns (64.867%)  route 0.950ns (35.133%))
  Logic Levels:           15  (CARRY8=9 LUT1=1 LUT3=1 LUT6=2 MUXF7=2)
  Clock Path Skew:        -0.012ns (DCD - SCD + CPR)
    Destination Clock Delay (DCD):    0.029ns = ( 3.362 - 3.333 ) 
    Source Clock Delay      (SCD):    0.041ns
    Clock Pessimism Removal (CPR):    0.000ns
  Clock Uncertainty:      0.035ns  ((TSJ^2 + TIJ^2)^1/2 + DJ) / 2 + PE
    Total System Jitter     (TSJ):    0.071ns
    Total Input Jitter      (TIJ):    0.000ns
    Discrete Jitter          (DJ):    0.000ns
    Phase Error              (PE):    0.000ns

    Location             Delay type                Incr(ns)  Path(ns)    Netlist Resource(s)
  -------------------------------------------------------------------    -------------------
                         (clock clk rise edge)        0.000     0.000 r  
                                                      0.000     0.000 r  clk (IN)
                         net (fo=17041, unset)        0.041     0.041    u/u_rowblock/clk
                         FDRE                                         r  u/u_rowblock/gen_lane[7].gen_acc[3].acc_reg[3][1]/C
  -------------------------------------------------------------------    -------------------
                         FDRE (Prop_FDRE_C_Q)         0.114     0.155 f  u/u_rowblock/gen_lane[7].gen_acc[3].acc_reg[3][1]/Q
                         net (fo=2, unplaced)         0.174     0.329    u/u_rowblock/gen_lane[7].gen_acc[3].acc_reg[3]_51[1]
                         LUT6 (Prop_LUT6_I0_O)        0.225     0.554 f  u/u_rowblock/mag1[1]_i_13__0/O
                         net (fo=1, unplaced)         0.030     0.584    u/u_rowblock/mag1[1]_i_13__0_n_0
                         MUXF7 (Prop_MUXF7_I0_O)      0.102     0.686 f  u/u_rowblock/mag1_reg[1]_i_5__0/O
                         net (fo=1, unplaced)         0.152     0.838    u/u_rowblock/rowblock_acc[505]
                         LUT6 (Prop_LUT6_I0_O)        0.152     0.990 f  u/u_rowblock/mag1[1]_i_3/O
                         net (fo=1, unplaced)         0.030     1.020    u/u_rowblock/mag1[1]_i_3_n_0
                         MUXF7 (Prop_MUXF7_I0_O)      0.102     1.122 f  u/u_rowblock/mag1_reg[1]_i_2/O
                         net (fo=3, unplaced)         0.215     1.337    u/u_rowblock/mag1_reg[1]_i_2_n_0
                         LUT1 (Prop_LUT1_I0_O)        0.058     1.395 r  u/u_rowblock/mag1[8]_i_12__0/O
                         net (fo=1, unplaced)         0.025     1.420    u/u_rowblock/mag1[8]_i_12__0_n_0
                         CARRY8 (Prop_CARRY8_S[0]_CO[7])
                                                      0.289     1.709 r  u/u_rowblock/mag1_reg[8]_i_2__0/CO[7]
                         net (fo=1, unplaced)         0.006     1.715    u/u_rowblock/mag1_reg[8]_i_2__0_n_0
                         CARRY8 (Prop_CARRY8_CI_CO[7])
                                                      0.073     1.788 r  u/u_rowblock/mag1_reg[16]_i_2__0/CO[7]
                         net (fo=1, unplaced)         0.006     1.794    u/u_rowblock/mag1_reg[16]_i_2__0_n_0
                         CARRY8 (Prop_CARRY8_CI_CO[7])
                                                      0.073     1.867 r  u/u_rowblock/mag1_reg[24]_i_2__0/CO[7]
                         net (fo=1, unplaced)         0.006     1.873    u/u_rowblock/mag1_reg[24]_i_2__0_n_0
                         CARRY8 (Prop_CARRY8_CI_CO[7])
                                                      0.073     1.946 r  u/u_rowblock/mag1_reg[32]_i_2__0/CO[7]
                         net (fo=1, unplaced)         0.006     1.952    u/u_rowblock/mag1_reg[32]_i_2__0_n_0
                         CARRY8 (Prop_CARRY8_CI_CO[7])
                                                      0.073     2.025 r  u/u_rowblock/mag1_reg[40]_i_2__0/CO[7]
                         net (fo=1, unplaced)         0.006     2.031    u/u_rowblock/mag1_reg[40]_i_2__0_n_0
                         CARRY8 (Prop_CARRY8_CI_CO[7])
                                                      0.073     2.104 r  u/u_rowblock/mag1_reg[48]_i_2__0/CO[7]
                         net (fo=1, unplaced)         0.006     2.110    u/u_rowblock/mag1_reg[48]_i_2__0_n_0
                         CARRY8 (Prop_CARRY8_CI_CO[7])
                                                      0.073     2.183 r  u/u_rowblock/mag1_reg[56]_i_2__0/CO[7]
                         net (fo=1, unplaced)         0.006     2.189    u/u_rowblock/mag1_reg[56]_i_2__0_n_0
                         CARRY8 (Prop_CARRY8_CI_CO[7])
                                                      0.073     2.262 r  u/u_rowblock/mag1_reg[64]_i_2__0/CO[7]
                         net (fo=1, unplaced)         0.006     2.268    u/u_rowblock/mag1_reg[64]_i_2__0_n_0
                         CARRY8 (Prop_CARRY8_CI_O[1])
                                                      0.106     2.374 r  u/u_rowblock/mag1_reg[71]_i_2__0/O[1]
                         net (fo=2, unplaced)         0.209     2.583    u/u_rowblock/u_emit_hi/mag00[66]
                         LUT3 (Prop_LUT3_I0_O)        0.095     2.678 r  u/u_rowblock/mag1[66]_i_1__0/O
                         net (fo=1, unplaced)         0.067     2.745    u/u_emit_hi/D[66]
                         FDRE                                         r  u/u_emit_hi/mag1_reg[66]/D
  -------------------------------------------------------------------    -------------------

                         (clock clk rise edge)        3.333     3.333 r  
                                                      0.000     3.333 r  clk (IN)
                         net (fo=17041, unset)        0.029     3.362    u/u_emit_hi/clk
                         FDRE                                         r  u/u_emit_hi/mag1_reg[66]/C
                         clock pessimism              0.000     3.362    
                         clock uncertainty           -0.035     3.327    
                         FDRE (Setup_FDRE_C_D)        0.044     3.371    u/u_emit_hi/mag1_reg[66]
  -------------------------------------------------------------------
                         required time                          3.371    
                         arrival time                          -2.745    
  -------------------------------------------------------------------
                         slack                                  0.626    

Slack (MET) :             0.626ns  (required time - arrival time)
  Source:                 u/u_rowblock/gen_lane[6].gen_acc[3].acc_reg[3][1]/C
                            (rising edge-triggered cell FDRE clocked by clk  {rise@0.000ns fall@1.666ns period=3.333ns})
  Destination:            u/u_emit_lo/mag1_reg[66]/D
                            (rising edge-triggered cell FDRE clocked by clk  {rise@0.000ns fall@1.666ns period=3.333ns})
  Path Group:             clk
  Path Type:              Setup (Max at Slow Process Corner)
  Requirement:            3.333ns  (clk rise@3.333ns - clk rise@0.000ns)
  Data Path Delay:        2.704ns  (logic 1.754ns (64.867%)  route 0.950ns (35.133%))
  Logic Levels:           15  (CARRY8=9 LUT1=1 LUT3=1 LUT6=2 MUXF7=2)
  Clock Path Skew:        -0.012ns (DCD - SCD + CPR)
    Destination Clock Delay (DCD):    0.029ns = ( 3.362 - 3.333 ) 
    Source Clock Delay      (SCD):    0.041ns
    Clock Pessimism Removal (CPR):    0.000ns
  Clock Uncertainty:      0.035ns  ((TSJ^2 + TIJ^2)^1/2 + DJ) / 2 + PE
    Total System Jitter     (TSJ):    0.071ns
    Total Input Jitter      (TIJ):    0.000ns
    Discrete Jitter          (DJ):    0.000ns
    Phase Error              (PE):    0.000ns

    Location             Delay type                Incr(ns)  Path(ns)    Netlist Resource(s)
  -------------------------------------------------------------------    -------------------
                         (clock clk rise edge)        0.000     0.000 r  
                                                      0.000     0.000 r  clk (IN)
                         net (fo=17041, unset)        0.041     0.041    u/u_rowblock/clk
                         FDRE                                         r  u/u_rowblock/gen_lane[6].gen_acc[3].acc_reg[3][1]/C
  -------------------------------------------------------------------    -------------------
                         FDRE (Prop_FDRE_C_Q)         0.114     0.155 f  u/u_rowblock/gen_lane[6].gen_acc[3].acc_reg[3][1]/Q
                         net (fo=2, unplaced)         0.174     0.329    u/u_rowblock/gen_lane[6].gen_acc[3].acc_reg[3]_43[1]
                         LUT6 (Prop_LUT6_I0_O)        0.225     0.554 f  u/u_rowblock/mag1[1]_i_13/O
                         net (fo=1, unplaced)         0.030     0.584    u/u_rowblock/mag1[1]_i_13_n_0
                         MUXF7 (Prop_MUXF7_I0_O)      0.102     0.686 f  u/u_rowblock/mag1_reg[1]_i_5/O
                         net (fo=1, unplaced)         0.152     0.838    u/u_rowblock/rowblock_acc[433]
                         LUT6 (Prop_LUT6_I0_O)        0.152     0.990 f  u/u_rowblock/mag1[1]_i_3__0/O
                         net (fo=1, unplaced)         0.030     1.020    u/u_rowblock/mag1[1]_i_3__0_n_0
                         MUXF7 (Prop_MUXF7_I0_O)      0.102     1.122 f  u/u_rowblock/mag1_reg[1]_i_2__0/O
                         net (fo=3, unplaced)         0.215     1.337    u/u_rowblock/mag1_reg[1]_i_2__0_n_0
                         LUT1 (Prop_LUT1_I0_O)        0.058     1.395 r  u/u_rowblock/mag1[8]_i_12/O
                         net (fo=1, unplaced)         0.025     1.420    u/u_rowblock/mag1[8]_i_12_n_0
                         CARRY8 (Prop_CARRY8_S[0]_CO[7])
                                                      0.289     1.709 r  u/u_rowblock/mag1_reg[8]_i_2/CO[7]
                         net (fo=1, unplaced)         0.006     1.715    u/u_rowblock/mag1_reg[8]_i_2_n_0
                         CARRY8 (Prop_CARRY8_CI_CO[7])
                                                      0.073     1.788 r  u/u_rowblock/mag1_reg[16]_i_2/CO[7]
                         net (fo=1, unplaced)         0.006     1.794    u/u_rowblock/mag1_reg[16]_i_2_n_0
                         CARRY8 (Prop_CARRY8_CI_CO[7])
                                                      0.073     1.867 r  u/u_rowblock/mag1_reg[24]_i_2/CO[7]
                         net (fo=1, unplaced)         0.006     1.873    u/u_rowblock/mag1_reg[24]_i_2_n_0
                         CARRY8 (Prop_CARRY8_CI_CO[7])
                                                      0.073     1.946 r  u/u_rowblock/mag1_reg[32]_i_2/CO[7]
                         net (fo=1, unplaced)         0.006     1.952    u/u_rowblock/mag1_reg[32]_i_2_n_0
                         CARRY8 (Prop_CARRY8_CI_CO[7])
                                                      0.073     2.025 r  u/u_rowblock/mag1_reg[40]_i_2/CO[7]
                         net (fo=1, unplaced)         0.006     2.031    u/u_rowblock/mag1_reg[40]_i_2_n_0
                         CARRY8 (Prop_CARRY8_CI_CO[7])
                                                      0.073     2.104 r  u/u_rowblock/mag1_reg[48]_i_2/CO[7]
                         net (fo=1, unplaced)         0.006     2.110    u/u_rowblock/mag1_reg[48]_i_2_n_0
                         CARRY8 (Prop_CARRY8_CI_CO[7])
                                                      0.073     2.183 r  u/u_rowblock/mag1_reg[56]_i_2/CO[7]
                         net (fo=1, unplaced)         0.006     2.189    u/u_rowblock/mag1_reg[56]_i_2_n_0
                         CARRY8 (Prop_CARRY8_CI_CO[7])
                                                      0.073     2.262 r  u/u_rowblock/mag1_reg[64]_i_2/CO[7]
                         net (fo=1, unplaced)         0.006     2.268    u/u_rowblock/mag1_reg[64]_i_2_n_0
                         CARRY8 (Prop_CARRY8_CI_O[1])
                                                      0.106     2.374 r  u/u_rowblock/mag1_reg[71]_i_2/O[1]
                         net (fo=2, unplaced)         0.209     2.583    u/u_rowblock/u_emit_lo/mag00[66]
                         LUT3 (Prop_LUT3_I0_O)        0.095     2.678 r  u/u_rowblock/mag1[66]_i_1/O
                         net (fo=1, unplaced)         0.067     2.745    u/u_emit_lo/D[66]
                         FDRE                                         r  u/u_emit_lo/mag1_reg[66]/D
  -------------------------------------------------------------------    -------------------

                         (clock clk rise edge)        3.333     3.333 r  
                                                      0.000     3.333 r  clk (IN)
                         net (fo=17041, unset)        0.029     3.362    u/u_emit_lo/clk
                         FDRE                                         r  u/u_emit_lo/mag1_reg[66]/C
                         clock pessimism              0.000     3.362    
                         clock uncertainty           -0.035     3.327    
                         FDRE (Setup_FDRE_C_D)        0.044     3.371    u/u_emit_lo/mag1_reg[66]
  -------------------------------------------------------------------
                         required time                          3.371    
                         arrival time                          -2.745    
  -------------------------------------------------------------------
                         slack                                  0.626    

Slack (MET) :             0.650ns  (required time - arrival time)
  Source:                 u/u_rowblock/gen_lane[7].gen_acc[3].acc_reg[3][1]/C
                            (rising edge-triggered cell FDRE clocked by clk  {rise@0.000ns fall@1.666ns period=3.333ns})
  Destination:            u/u_emit_hi/mag1_reg[69]/D
                            (rising edge-triggered cell FDRE clocked by clk  {rise@0.000ns fall@1.666ns period=3.333ns})
  Path Group:             clk
  Path Type:              Setup (Max at Slow Process Corner)
  Requirement:            3.333ns  (clk rise@3.333ns - clk rise@0.000ns)
  Data Path Delay:        2.680ns  (logic 1.730ns (64.552%)  route 0.950ns (35.448%))
  Logic Levels:           15  (CARRY8=9 LUT1=1 LUT3=1 LUT6=2 MUXF7=2)
  Clock Path Skew:        -0.012ns (DCD - SCD + CPR)
    Destination Clock Delay (DCD):    0.029ns = ( 3.362 - 3.333 ) 
    Source Clock Delay      (SCD):    0.041ns
    Clock Pessimism Removal (CPR):    0.000ns
  Clock Uncertainty:      0.035ns  ((TSJ^2 + TIJ^2)^1/2 + DJ) / 2 + PE
    Total System Jitter     (TSJ):    0.071ns
    Total Input Jitter      (TIJ):    0.000ns
    Discrete Jitter          (DJ):    0.000ns
    Phase Error              (PE):    0.000ns

    Location             Delay type                Incr(ns)  Path(ns)    Netlist Resource(s)
  -------------------------------------------------------------------    -------------------
                         (clock clk rise edge)        0.000     0.000 r  
                                                      0.000     0.000 r  clk (IN)
                         net (fo=17041, unset)        0.041     0.041    u/u_rowblock/clk
                         FDRE                                         r  u/u_rowblock/gen_lane[7].gen_acc[3].acc_reg[3][1]/C
  -------------------------------------------------------------------    -------------------
                         FDRE (Prop_FDRE_C_Q)         0.114     0.155 f  u/u_rowblock/gen_lane[7].gen_acc[3].acc_reg[3][1]/Q
                         net (fo=2, unplaced)         0.174     0.329    u/u_rowblock/gen_lane[7].gen_acc[3].acc_reg[3]_51[1]
                         LUT6 (Prop_LUT6_I0_O)        0.225     0.554 f  u/u_rowblock/mag1[1]_i_13__0/O
                         net (fo=1, unplaced)         0.030     0.584    u/u_rowblock/mag1[1]_i_13__0_n_0
                         MUXF7 (Prop_MUXF7_I0_O)      0.102     0.686 f  u/u_rowblock/mag1_reg[1]_i_5__0/O
                         net (fo=1, unplaced)         0.152     0.838    u/u_rowblock/rowblock_acc[505]
                         LUT6 (Prop_LUT6_I0_O)        0.152     0.990 f  u/u_rowblock/mag1[1]_i_3/O
                         net (fo=1, unplaced)         0.030     1.020    u/u_rowblock/mag1[1]_i_3_n_0
                         MUXF7 (Prop_MUXF7_I0_O)      0.102     1.122 f  u/u_rowblock/mag1_reg[1]_i_2/O
                         net (fo=3, unplaced)         0.215     1.337    u/u_rowblock/mag1_reg[1]_i_2_n_0
                         LUT1 (Prop_LUT1_I0_O)        0.058     1.395 r  u/u_rowblock/mag1[8]_i_12__0/O
                         net (fo=1, unplaced)         0.025     1.420    u/u_rowblock/mag1[8]_i_12__0_n_0
                         CARRY8 (Prop_CARRY8_S[0]_CO[7])
                                                      0.289     1.709 r  u/u_rowblock/mag1_reg[8]_i_2__0/CO[7]
                         net (fo=1, unplaced)         0.006     1.715    u/u_rowblock/mag1_reg[8]_i_2__0_n_0
                         CARRY8 (Prop_CARRY8_CI_CO[7])
                                                      0.073     1.788 r  u/u_rowblock/mag1_reg[16]_i_2__0/CO[7]
                         net (fo=1, unplaced)         0.006     1.794    u/u_rowblock/mag1_reg[16]_i_2__0_n_0
                         CARRY8 (Prop_CARRY8_CI_CO[7])
                                                      0.073     1.867 r  u/u_rowblock/mag1_reg[24]_i_2__0/CO[7]
                         net (fo=1, unplaced)         0.006     1.873    u/u_rowblock/mag1_reg[24]_i_2__0_n_0
                         CARRY8 (Prop_CARRY8_CI_CO[7])
                                                      0.073     1.946 r  u/u_rowblock/mag1_reg[32]_i_2__0/CO[7]
                         net (fo=1, unplaced)         0.006     1.952    u/u_rowblock/mag1_reg[32]_i_2__0_n_0
                         CARRY8 (Prop_CARRY8_CI_CO[7])
                                                      0.073     2.025 r  u/u_rowblock/mag1_reg[40]_i_2__0/CO[7]
                         net (fo=1, unplaced)         0.006     2.031    u/u_rowblock/mag1_reg[40]_i_2__0_n_0
                         CARRY8 (Prop_CARRY8_CI_CO[7])
                                                      0.073     2.104 r  u/u_rowblock/mag1_reg[48]_i_2__0/CO[7]
                         net (fo=1, unplaced)         0.006     2.110    u/u_rowblock/mag1_reg[48]_i_2__0_n_0
                         CARRY8 (Prop_CARRY8_CI_CO[7])
                                                      0.073     2.183 r  u/u_rowblock/mag1_reg[56]_i_2__0/CO[7]
                         net (fo=1, unplaced)         0.006     2.189    u/u_rowblock/mag1_reg[56]_i_2__0_n_0
                         CARRY8 (Prop_CARRY8_CI_CO[7])
                                                      0.073     2.262 r  u/u_rowblock/mag1_reg[64]_i_2__0/CO[7]
                         net (fo=1, unplaced)         0.006     2.268    u/u_rowblock/mag1_reg[64]_i_2__0_n_0
                         CARRY8 (Prop_CARRY8_CI_O[4])
                                                      0.119     2.387 r  u/u_rowblock/mag1_reg[71]_i_2__0/O[4]
                         net (fo=2, unplaced)         0.209     2.596    u/u_rowblock/u_emit_hi/mag00[69]
                         LUT3 (Prop_LUT3_I0_O)        0.058     2.654 r  u/u_rowblock/mag1[69]_i_1__0/O
                         net (fo=1, unplaced)         0.067     2.721    u/u_emit_hi/D[69]
                         FDRE                                         r  u/u_emit_hi/mag1_reg[69]/D
  -------------------------------------------------------------------    -------------------

                         (clock clk rise edge)        3.333     3.333 r  
                                                      0.000     3.333 r  clk (IN)
                         net (fo=17041, unset)        0.029     3.362    u/u_emit_hi/clk
                         FDRE                                         r  u/u_emit_hi/mag1_reg[69]/C
                         clock pessimism              0.000     3.362    
                         clock uncertainty           -0.035     3.327    
                         FDRE (Setup_FDRE_C_D)        0.044     3.371    u/u_emit_hi/mag1_reg[69]
  -------------------------------------------------------------------
                         required time                          3.371    
                         arrival time                          -2.721    
  -------------------------------------------------------------------
                         slack                                  0.650    





Min Delay Paths
--------------------------------------------------------------------------------------
Slack (MET) :             0.037ns  (arrival time - required time)
  Source:                 u/wr_idx_reg[3]/C
                            (rising edge-triggered cell FDRE clocked by clk  {rise@0.000ns fall@1.666ns period=3.333ns})
  Destination:            u/result_buf_reg_0_63_0_6/RAMA/WADR3
                            (rising edge-triggered cell RAMD64E clocked by clk  {rise@0.000ns fall@1.666ns period=3.333ns})
  Path Group:             clk
  Path Type:              Hold (Min at Fast Process Corner)
  Requirement:            0.000ns  (clk rise@0.000ns - clk rise@0.000ns)
  Data Path Delay:        0.170ns  (logic 0.084ns (49.412%)  route 0.086ns (50.588%))
  Logic Levels:           0  
  Clock Path Skew:        0.043ns (DCD - SCD - CPR)
    Destination Clock Delay (DCD):    0.057ns
    Source Clock Delay      (SCD):    0.014ns
    Clock Pessimism Removal (CPR):    -0.000ns

    Location             Delay type                Incr(ns)  Path(ns)    Netlist Resource(s)
  -------------------------------------------------------------------    -------------------
                         (clock clk rise edge)        0.000     0.000 r  
                                                      0.000     0.000 r  clk (IN)
                         net (fo=17041, unset)        0.014     0.014    u/clk
                         FDRE                                         r  u/wr_idx_reg[3]/C
  -------------------------------------------------------------------    -------------------
                         FDRE (Prop_FDRE_C_Q)         0.084     0.098 r  u/wr_idx_reg[3]/Q
                         net (fo=89, unplaced)        0.086     0.184    u/result_buf_reg_0_63_0_6/ADDRH3
                         RAMD64E                                      r  u/result_buf_reg_0_63_0_6/RAMA/WADR3
  -------------------------------------------------------------------    -------------------

                         (clock clk rise edge)        0.000     0.000 r  
                                                      0.000     0.000 r  clk (IN)
                         net (fo=17041, unset)        0.057     0.057    u/result_buf_reg_0_63_0_6/WCLK
                         RAMD64E                                      r  u/result_buf_reg_0_63_0_6/RAMA/CLK
                         clock pessimism              0.000     0.057    
                         RAMD64E (Hold_RAMD64E_CLK_WADR3)
                                                      0.090     0.147    u/result_buf_reg_0_63_0_6/RAMA
  -------------------------------------------------------------------
                         required time                         -0.147    
                         arrival time                           0.184    
  -------------------------------------------------------------------
                         slack                                  0.037    

Slack (MET) :             0.037ns  (arrival time - required time)
  Source:                 u/wr_idx_reg[3]/C
                            (rising edge-triggered cell FDRE clocked by clk  {rise@0.000ns fall@1.666ns period=3.333ns})
  Destination:            u/result_buf_reg_0_63_0_6/RAMB/WADR3
                            (rising edge-triggered cell RAMD64E clocked by clk  {rise@0.000ns fall@1.666ns period=3.333ns})
  Path Group:             clk
  Path Type:              Hold (Min at Fast Process Corner)
  Requirement:            0.000ns  (clk rise@0.000ns - clk rise@0.000ns)
  Data Path Delay:        0.170ns  (logic 0.084ns (49.412%)  route 0.086ns (50.588%))
  Logic Levels:           0  
  Clock Path Skew:        0.043ns (DCD - SCD - CPR)
    Destination Clock Delay (DCD):    0.057ns
    Source Clock Delay      (SCD):    0.014ns
    Clock Pessimism Removal (CPR):    -0.000ns

    Location             Delay type                Incr(ns)  Path(ns)    Netlist Resource(s)
  -------------------------------------------------------------------    -------------------
                         (clock clk rise edge)        0.000     0.000 r  
                                                      0.000     0.000 r  clk (IN)
                         net (fo=17041, unset)        0.014     0.014    u/clk
                         FDRE                                         r  u/wr_idx_reg[3]/C
  -------------------------------------------------------------------    -------------------
                         FDRE (Prop_FDRE_C_Q)         0.084     0.098 r  u/wr_idx_reg[3]/Q
                         net (fo=89, unplaced)        0.086     0.184    u/result_buf_reg_0_63_0_6/ADDRH3
                         RAMD64E                                      r  u/result_buf_reg_0_63_0_6/RAMB/WADR3
  -------------------------------------------------------------------    -------------------

                         (clock clk rise edge)        0.000     0.000 r  
                                                      0.000     0.000 r  clk (IN)
                         net (fo=17041, unset)        0.057     0.057    u/result_buf_reg_0_63_0_6/WCLK
                         RAMD64E                                      r  u/result_buf_reg_0_63_0_6/RAMB/CLK
                         clock pessimism              0.000     0.057    
                         RAMD64E (Hold_RAMD64E_CLK_WADR3)
                                                      0.090     0.147    u/result_buf_reg_0_63_0_6/RAMB
  -------------------------------------------------------------------
                         required time                         -0.147    
                         arrival time                           0.184    
  -------------------------------------------------------------------
                         slack                                  0.037    

Slack (MET) :             0.037ns  (arrival time - required time)
  Source:                 u/wr_idx_reg[3]/C
                            (rising edge-triggered cell FDRE clocked by clk  {rise@0.000ns fall@1.666ns period=3.333ns})
  Destination:            u/result_buf_reg_0_63_0_6/RAMC/WADR3
                            (rising edge-triggered cell RAMD64E clocked by clk  {rise@0.000ns fall@1.666ns period=3.333ns})
  Path Group:             clk
  Path Type:              Hold (Min at Fast Process Corner)
  Requirement:            0.000ns  (clk rise@0.000ns - clk rise@0.000ns)
  Data Path Delay:        0.170ns  (logic 0.084ns (49.412%)  route 0.086ns (50.588%))
  Logic Levels:           0  
  Clock Path Skew:        0.043ns (DCD - SCD - CPR)
    Destination Clock Delay (DCD):    0.057ns
    Source Clock Delay      (SCD):    0.014ns
    Clock Pessimism Removal (CPR):    -0.000ns

    Location             Delay type                Incr(ns)  Path(ns)    Netlist Resource(s)
  -------------------------------------------------------------------    -------------------
                         (clock clk rise edge)        0.000     0.000 r  
                                                      0.000     0.000 r  clk (IN)
                         net (fo=17041, unset)        0.014     0.014    u/clk
                         FDRE                                         r  u/wr_idx_reg[3]/C
  -------------------------------------------------------------------    -------------------
                         FDRE (Prop_FDRE_C_Q)         0.084     0.098 r  u/wr_idx_reg[3]/Q
                         net (fo=89, unplaced)        0.086     0.184    u/result_buf_reg_0_63_0_6/ADDRH3
                         RAMD64E                                      r  u/result_buf_reg_0_63_0_6/RAMC/WADR3
  -------------------------------------------------------------------    -------------------

                         (clock clk rise edge)        0.000     0.000 r  
                                                      0.000     0.000 r  clk (IN)
                         net (fo=17041, unset)        0.057     0.057    u/result_buf_reg_0_63_0_6/WCLK
                         RAMD64E                                      r  u/result_buf_reg_0_63_0_6/RAMC/CLK
                         clock pessimism              0.000     0.057    
                         RAMD64E (Hold_RAMD64E_CLK_WADR3)
                                                      0.090     0.147    u/result_buf_reg_0_63_0_6/RAMC
  -------------------------------------------------------------------
                         required time                         -0.147    
                         arrival time                           0.184    
  -------------------------------------------------------------------
                         slack                                  0.037    

Slack (MET) :             0.037ns  (arrival time - required time)
  Source:                 u/wr_idx_reg[3]/C
                            (rising edge-triggered cell FDRE clocked by clk  {rise@0.000ns fall@1.666ns period=3.333ns})
  Destination:            u/result_buf_reg_0_63_0_6/RAMD/WADR3
                            (rising edge-triggered cell RAMD64E clocked by clk  {rise@0.000ns fall@1.666ns period=3.333ns})
  Path Group:             clk
  Path Type:              Hold (Min at Fast Process Corner)
  Requirement:            0.000ns  (clk rise@0.000ns - clk rise@0.000ns)
  Data Path Delay:        0.170ns  (logic 0.084ns (49.412%)  route 0.086ns (50.588%))
  Logic Levels:           0  
  Clock Path Skew:        0.043ns (DCD - SCD - CPR)
    Destination Clock Delay (DCD):    0.057ns
    Source Clock Delay      (SCD):    0.014ns
    Clock Pessimism Removal (CPR):    -0.000ns

    Location             Delay type                Incr(ns)  Path(ns)    Netlist Resource(s)
  -------------------------------------------------------------------    -------------------
                         (clock clk rise edge)        0.000     0.000 r  
                                                      0.000     0.000 r  clk (IN)
                         net (fo=17041, unset)        0.014     0.014    u/clk
                         FDRE                                         r  u/wr_idx_reg[3]/C
  -------------------------------------------------------------------    -------------------
                         FDRE (Prop_FDRE_C_Q)         0.084     0.098 r  u/wr_idx_reg[3]/Q
                         net (fo=89, unplaced)        0.086     0.184    u/result_buf_reg_0_63_0_6/ADDRH3
                         RAMD64E                                      r  u/result_buf_reg_0_63_0_6/RAMD/WADR3
  -------------------------------------------------------------------    -------------------

                         (clock clk rise edge)        0.000     0.000 r  
                                                      0.000     0.000 r  clk (IN)
                         net (fo=17041, unset)        0.057     0.057    u/result_buf_reg_0_63_0_6/WCLK
                         RAMD64E                                      r  u/result_buf_reg_0_63_0_6/RAMD/CLK
                         clock pessimism              0.000     0.057    
                         RAMD64E (Hold_RAMD64E_CLK_WADR3)
                                                      0.090     0.147    u/result_buf_reg_0_63_0_6/RAMD
  -------------------------------------------------------------------
                         required time                         -0.147    
                         arrival time                           0.184    
  -------------------------------------------------------------------
                         slack                                  0.037    

Slack (MET) :             0.037ns  (arrival time - required time)
  Source:                 u/wr_idx_reg[3]/C
                            (rising edge-triggered cell FDRE clocked by clk  {rise@0.000ns fall@1.666ns period=3.333ns})
  Destination:            u/result_buf_reg_0_63_0_6/RAME/WADR3
                            (rising edge-triggered cell RAMD64E clocked by clk  {rise@0.000ns fall@1.666ns period=3.333ns})
  Path Group:             clk
  Path Type:              Hold (Min at Fast Process Corner)
  Requirement:            0.000ns  (clk rise@0.000ns - clk rise@0.000ns)
  Data Path Delay:        0.170ns  (logic 0.084ns (49.412%)  route 0.086ns (50.588%))
  Logic Levels:           0  
  Clock Path Skew:        0.043ns (DCD - SCD - CPR)
    Destination Clock Delay (DCD):    0.057ns
    Source Clock Delay      (SCD):    0.014ns
    Clock Pessimism Removal (CPR):    -0.000ns

    Location             Delay type                Incr(ns)  Path(ns)    Netlist Resource(s)
  -------------------------------------------------------------------    -------------------
                         (clock clk rise edge)        0.000     0.000 r  
                                                      0.000     0.000 r  clk (IN)
                         net (fo=17041, unset)        0.014     0.014    u/clk
                         FDRE                                         r  u/wr_idx_reg[3]/C
  -------------------------------------------------------------------    -------------------
                         FDRE (Prop_FDRE_C_Q)         0.084     0.098 r  u/wr_idx_reg[3]/Q
                         net (fo=89, unplaced)        0.086     0.184    u/result_buf_reg_0_63_0_6/ADDRH3
                         RAMD64E                                      r  u/result_buf_reg_0_63_0_6/RAME/WADR3
  -------------------------------------------------------------------    -------------------

                         (clock clk rise edge)        0.000     0.000 r  
                                                      0.000     0.000 r  clk (IN)
                         net (fo=17041, unset)        0.057     0.057    u/result_buf_reg_0_63_0_6/WCLK
                         RAMD64E                                      r  u/result_buf_reg_0_63_0_6/RAME/CLK
                         clock pessimism              0.000     0.057    
                         RAMD64E (Hold_RAMD64E_CLK_WADR3)
                                                      0.090     0.147    u/result_buf_reg_0_63_0_6/RAME
  -------------------------------------------------------------------
                         required time                         -0.147    
                         arrival time                           0.184    
  -------------------------------------------------------------------
                         slack                                  0.037    





Pulse Width Checks
--------------------------------------------------------------------------------------
Clock Name:         clk
Waveform(ns):       { 0.000 1.666 }
Period(ns):         3.333
Sources:            { clk }

Check Type        Corner  Lib Pin             Reference Pin  Required(ns)  Actual(ns)  Slack(ns)  Location  Pin
Min Period        n/a     URAM288/CLK         n/a            2.471         3.333       0.862                u/acts_mem_reg_uram_0/CLK
Min Period        n/a     URAM288/CLK         n/a            2.471         3.333       0.862                u/acts_mem_reg_uram_1/CLK
Min Period        n/a     URAM288/CLK         n/a            2.471         3.333       0.862                u/acts_mem_reg_uram_2/CLK
Min Period        n/a     URAM288/CLK         n/a            2.471         3.333       0.862                u/acts_mem_reg_uram_3/CLK
Min Period        n/a     RAMB36E2/CLKARDCLK  n/a            1.960         3.333       1.373                u/act_scale_mem_reg_bram_0/CLKARDCLK
Low Pulse Width   Slow    URAM288/CLK         n/a            0.800         1.666       0.866                u/acts_mem_reg_uram_0/CLK
Low Pulse Width   Fast    URAM288/CLK         n/a            0.800         1.667       0.867                u/acts_mem_reg_uram_0/CLK
Low Pulse Width   Slow    URAM288/CLK         n/a            0.800         1.666       0.866                u/acts_mem_reg_uram_1/CLK
Low Pulse Width   Fast    URAM288/CLK         n/a            0.800         1.667       0.867                u/acts_mem_reg_uram_1/CLK
Low Pulse Width   Slow    URAM288/CLK         n/a            0.800         1.666       0.866                u/acts_mem_reg_uram_2/CLK
High Pulse Width  Slow    URAM288/CLK         n/a            0.800         1.666       0.866                u/acts_mem_reg_uram_0/CLK
High Pulse Width  Fast    URAM288/CLK         n/a            0.800         1.666       0.866                u/acts_mem_reg_uram_0/CLK
High Pulse Width  Slow    URAM288/CLK         n/a            0.800         1.666       0.866                u/acts_mem_reg_uram_1/CLK
High Pulse Width  Fast    URAM288/CLK         n/a            0.800         1.666       0.866                u/acts_mem_reg_uram_1/CLK
High Pulse Width  Slow    URAM288/CLK         n/a            0.800         1.666       0.866                u/acts_mem_reg_uram_2/CLK



