Copyright 1986-2022 Xilinx, Inc. All Rights Reserved. Copyright 2022-2026 Advanced Micro Devices, Inc. All Rights Reserved.
--------------------------------------------------------------------------------------------------------------------------------------------------
| Tool Version      : Vivado v.2025.2.1 (win64) Build 6403652 Thu Mar 19 19:48:24 GMT 2026
| Date              : Mon Jun 22 02:33:52 2026
| Host              : ANGELVIERA7B7F running 64-bit major release  (build 9200)
| Command           : report_timing_summary -max_paths 5 -file gemmrb_timing.rpt
| Design            : gemm_rb_ooc
| Device            : xck26-sfvc784
| Speed File        : -2LV  PRODUCTION 1.31 12-08-2025
| Design State      : Synthesized
| Temperature Grade : C
--------------------------------------------------------------------------------------------------------------------------------------------------

Timing Summary Report

------------------------------------------------------------------------------------------------
| Timer Settings
| --------------
------------------------------------------------------------------------------------------------

  Enable Multi Corner Analysis               :  Yes
  Enable Pessimism Removal                   :  Yes
  Pessimism Removal Resolution               :  Nearest Common Node
  Enable Input Delay Default Clock           :  No
  Enable Preset / Clear Arcs                 :  No
  Disable Flight Delays                      :  No
  Ignore I/O Paths                           :  No
  Timing Early Launch at Borrowing Latches   :  No
  Borrow Time for Max Delay Exceptions       :  Yes
  Merge Timing Exceptions                    :  Yes
  Inter-SLR Compensation                     :  Conservative

  Corner  Analyze    Analyze    
  Name    Max Paths  Min Paths  
  ------  ---------  ---------  
  Slow    Yes        Yes        
  Fast    Yes        Yes        


------------------------------------------------------------------------------------------------
| Report Methodology
| ------------------
------------------------------------------------------------------------------------------------

No report available as report_methodology has not been run prior. Run report_methodology on the current design for the summary of methodology violations.



check_timing report

Table of Contents
-----------------
1. checking no_clock (0)
2. checking constant_clock (0)
3. checking pulse_width_clock (0)
4. checking unconstrained_internal_endpoints (0)
5. checking no_input_delay (1051)
6. checking no_output_delay (1152)
7. checking multiple_clock (0)
8. checking generated_clocks (0)
9. checking loops (0)
10. checking partial_input_delay (0)
11. checking partial_output_delay (0)
12. checking latch_loops (0)

1. checking no_clock (0)
------------------------
 There are 0 register/latch pins with no clock.


2. checking constant_clock (0)
------------------------------
 There are 0 register/latch pins with constant_clock.


3. checking pulse_width_clock (0)
---------------------------------
 There are 0 register/latch pins which need pulse_width check


4. checking unconstrained_internal_endpoints (0)
------------------------------------------------
 There are 0 pins that are not constrained for maximum delay.

 There are 0 pins that are not constrained for maximum delay due to constant clock.


5. checking no_input_delay (1051)
---------------------------------
 There are 0 input ports with no input delay specified.

 There are 1051 input ports with no input delay but user has a false path constraint. (MEDIUM)


6. checking no_output_delay (1152)
----------------------------------
 There are 0 ports with no output delay specified.

 There are 1152 ports with no output delay but user has a false path constraint (MEDIUM)

 There are 0 ports with no output delay but with a timing clock defined on it or propagating through it


7. checking multiple_clock (0)
------------------------------
 There are 0 register/latch pins with multiple clocks.


8. checking generated_clocks (0)
--------------------------------
 There are 0 generated clocks that are not connected to a clock source.


9. checking loops (0)
---------------------
 There are 0 combinational loops in the design.


10. checking partial_input_delay (0)
------------------------------------
 There are 0 input ports with partial input delay specified.


11. checking partial_output_delay (0)
-------------------------------------
 There are 0 ports with partial output delay specified.


12. checking latch_loops (0)
----------------------------
 There are 0 combinational latch loops in the design through latch input



------------------------------------------------------------------------------------------------
| Design Timing Summary
| ---------------------
------------------------------------------------------------------------------------------------

    WNS(ns)      TNS(ns)  TNS Failing Endpoints  TNS Total Endpoints      WHS(ns)      THS(ns)  THS Failing Endpoints  THS Total Endpoints     WPWS(ns)     TPWS(ns)  TPWS Failing Endpoints  TPWS Total Endpoints  
    -------      -------  ---------------------  -------------------      -------      -------  ---------------------  -------------------     --------     --------  ----------------------  --------------------  
     -1.376     -215.380                    225                 8736        0.107        0.000                      0                 8736        0.904        0.000                       0                  4939  


Timing constraints are not met.


------------------------------------------------------------------------------------------------
| Clock Summary
| -------------
------------------------------------------------------------------------------------------------

Clock  Waveform(ns)         Period(ns)      Frequency(MHz)
-----  ------------         ----------      --------------
clk    {0.000 1.666}        3.333           300.030         


------------------------------------------------------------------------------------------------
| Intra Clock Table
| -----------------
------------------------------------------------------------------------------------------------

Clock             WNS(ns)      TNS(ns)  TNS Failing Endpoints  TNS Total Endpoints      WHS(ns)      THS(ns)  THS Failing Endpoints  THS Total Endpoints     WPWS(ns)     TPWS(ns)  TPWS Failing Endpoints  TPWS Total Endpoints  
-----             -------      -------  ---------------------  -------------------      -------      -------  ---------------------  -------------------     --------     --------  ----------------------  --------------------  
clk                -1.376     -215.380                    225                 8736        0.107        0.000                      0                 8736        0.904        0.000                       0                  4939  


------------------------------------------------------------------------------------------------
| Inter Clock Table
| -----------------
------------------------------------------------------------------------------------------------

From Clock    To Clock          WNS(ns)      TNS(ns)  TNS Failing Endpoints  TNS Total Endpoints      WHS(ns)      THS(ns)  THS Failing Endpoints  THS Total Endpoints  
----------    --------          -------      -------  ---------------------  -------------------      -------      -------  ---------------------  -------------------  


------------------------------------------------------------------------------------------------
| Other Path Groups Table
| -----------------------
------------------------------------------------------------------------------------------------

Path Group    From Clock    To Clock          WNS(ns)      TNS(ns)  TNS Failing Endpoints  TNS Total Endpoints      WHS(ns)      THS(ns)  THS Failing Endpoints  THS Total Endpoints  
----------    ----------    --------          -------      -------  ---------------------  -------------------      -------      -------  ---------------------  -------------------  


------------------------------------------------------------------------------------------------
| Timing Details
| --------------
------------------------------------------------------------------------------------------------


---------------------------------------------------------------------------------------------------
From Clock:  clk
  To Clock:  clk

Setup :          225  Failing Endpoints,  Worst Slack       -1.376ns,  Total Violation     -215.380ns
Hold  :            0  Failing Endpoints,  Worst Slack        0.107ns,  Total Violation        0.000ns
PW    :            0  Failing Endpoints,  Worst Slack        0.904ns,  Total Violation        0.000ns
---------------------------------------------------------------------------------------------------


Max Delay Paths
--------------------------------------------------------------------------------------
Slack (VIOLATED) :        -1.376ns  (required time - arrival time)
  Source:                 acts_q_reg[188]/C
                            (rising edge-triggered cell FDRE clocked by clk  {rise@0.000ns fall@1.666ns period=3.333ns})
  Destination:            u_rb/gen_lane[10].u_fma/prod2_reg/DSP_A_B_DATA_INST/B[15]
                            (rising edge-triggered cell DSP_A_B_DATA clocked by clk  {rise@0.000ns fall@1.666ns period=3.333ns})
  Path Group:             clk
  Path Type:              Setup (Max at Slow Process Corner)
  Requirement:            3.333ns  (clk rise@3.333ns - clk rise@0.000ns)
  Data Path Delay:        4.198ns  (logic 1.610ns (38.352%)  route 2.588ns (61.648%))
  Logic Levels:           13  (CARRY8=3 LUT3=4 LUT4=1 LUT5=1 LUT6=4)
  Clock Path Skew:        0.014ns (DCD - SCD + CPR)
    Destination Clock Delay (DCD):    0.055ns = ( 3.388 - 3.333 ) 
    Source Clock Delay      (SCD):    0.041ns
    Clock Pessimism Removal (CPR):    0.000ns
  Clock Uncertainty:      0.035ns  ((TSJ^2 + TIJ^2)^1/2 + DJ) / 2 + PE
    Total System Jitter     (TSJ):    0.071ns
    Total Input Jitter      (TIJ):    0.000ns
    Discrete Jitter          (DJ):    0.000ns
    Phase Error              (PE):    0.000ns

    Location             Delay type                Incr(ns)  Path(ns)    Netlist Resource(s)
  -------------------------------------------------------------------    -------------------
                         (clock clk rise edge)        0.000     0.000 r  
                                                      0.000     0.000 r  clk (IN)
                         net (fo=5082, unset)         0.041     0.041    clk
                         FDRE                                         r  acts_q_reg[188]/C
  -------------------------------------------------------------------    -------------------
                         FDRE (Prop_FDRE_C_Q)         0.114     0.155 f  acts_q_reg[188]/Q
                         net (fo=35, unplaced)        0.236     0.391    u_rb/gen_lane[14].u_fma/Q[188]
                         LUT6 (Prop_LUT6_I0_O)        0.225     0.616 r  u_rb/gen_lane[14].u_fma/prod2_reg_i_619__0/O
                         net (fo=34, unplaced)        0.272     0.888    u_rb/gen_lane[15].u_fma/prod2_reg_i_228__3_1
                         LUT3 (Prop_LUT3_I1_O)        0.095     0.983 r  u_rb/gen_lane[15].u_fma/prod2_reg_i_593__12/O
                         net (fo=32, unplaced)        0.271     1.254    u_rb/gen_lane[10].u_fma/prod2_reg_i_163__11_7
                         LUT3 (Prop_LUT3_I2_O)        0.095     1.349 r  u_rb/gen_lane[10].u_fma/prod2_reg_i_418__9/O
                         net (fo=1, unplaced)         0.211     1.560    u_rb/gen_lane[10].u_fma/subblock_sum9_return8[7]
                         LUT6 (Prop_LUT6_I5_O)        0.058     1.618 r  u_rb/gen_lane[10].u_fma/prod2_reg_i_201__12/O
                         net (fo=2, unplaced)         0.211     1.829    u_rb/gen_lane[10].u_fma/prod2_reg_i_201__12_n_0
                         LUT6 (Prop_LUT6_I0_O)        0.058     1.887 r  u_rb/gen_lane[10].u_fma/prod2_reg_i_207__9/O
                         net (fo=1, unplaced)         0.025     1.912    u_rb/gen_lane[10].u_fma/prod2_reg_i_207__9_n_0
                         CARRY8 (Prop_CARRY8_S[0]_O[0])
                                                      0.079     1.991 r  u_rb/gen_lane[10].u_fma/prod2_reg_i_160__9/O[0]
                         net (fo=2, unplaced)         0.153     2.144    u_rb/gen_lane[10].u_fma/prod2_reg_i_160__9_n_15
                         LUT3 (Prop_LUT3_I0_O)        0.137     2.281 r  u_rb/gen_lane[10].u_fma/prod2_reg_i_78__11/O
                         net (fo=2, unplaced)         0.211     2.492    u_rb/gen_lane[10].u_fma/prod2_reg_i_78__11_n_0
                         LUT4 (Prop_LUT4_I3_O)        0.057     2.549 r  u_rb/gen_lane[10].u_fma/prod2_reg_i_84__11/O
                         net (fo=1, unplaced)         0.030     2.579    u_rb/gen_lane[10].u_fma/prod2_reg_i_84__11_n_0
                         CARRY8 (Prop_CARRY8_S[1]_O[2])
                                                      0.179     2.758 r  u_rb/gen_lane[10].u_fma/prod2_reg_i_32__11/O[2]
                         net (fo=3, unplaced)         0.220     2.978    u_rb/gen_lane[10].u_fma/prod2_reg_i_32__11_n_13
                         LUT3 (Prop_LUT3_I0_O)        0.137     3.115 r  u_rb/gen_lane[10].u_fma/prod2_reg_i_35__11/O
                         net (fo=2, unplaced)         0.211     3.326    u_rb/gen_lane[10].u_fma/prod2_reg_i_35__11_n_0
                         LUT5 (Prop_LUT5_I1_O)        0.058     3.384 r  u_rb/gen_lane[10].u_fma/prod2_reg_i_4__11/O
                         net (fo=2, unplaced)         0.211     3.595    u_rb/gen_lane[10].u_fma/prod2_reg_i_4__11_n_0
                         LUT6 (Prop_LUT6_I0_O)        0.056     3.651 r  u_rb/gen_lane[10].u_fma/prod2_reg_i_10__11/O
                         net (fo=1, unplaced)         0.040     3.691    u_rb/gen_lane[10].u_fma/prod2_reg_i_10__11_n_0
                         CARRY8 (Prop_CARRY8_S[3]_O[5])
                                                      0.262     3.953 r  u_rb/gen_lane[10].u_fma/prod2_reg_i_1__11/O[5]
                         net (fo=5, unplaced)         0.286     4.239    u_rb/gen_lane[10].u_fma/prod2_reg/B[15]
                         DSP_A_B_DATA                                 r  u_rb/gen_lane[10].u_fma/prod2_reg/DSP_A_B_DATA_INST/B[15]
  -------------------------------------------------------------------    -------------------

                         (clock clk rise edge)        3.333     3.333 r  
                                                      0.000     3.333 r  clk (IN)
                         net (fo=5082, unset)         0.055     3.388    u_rb/gen_lane[10].u_fma/prod2_reg/CLK
                         DSP_A_B_DATA                                 r  u_rb/gen_lane[10].u_fma/prod2_reg/DSP_A_B_DATA_INST/CLK
                         clock pessimism              0.000     3.388    
                         clock uncertainty           -0.035     3.353    
                         DSP_A_B_DATA (Setup_DSP_A_B_DATA_CLK_B[15])
                                                     -0.490     2.863    u_rb/gen_lane[10].u_fma/prod2_reg/DSP_A_B_DATA_INST
  -------------------------------------------------------------------
                         required time                          2.863    
                         arrival time                          -4.239    
  -------------------------------------------------------------------
                         slack                                 -1.376    

Slack (VIOLATED) :        -1.376ns  (required time - arrival time)
  Source:                 acts_q_reg[188]/C
                            (rising edge-triggered cell FDRE clocked by clk  {rise@0.000ns fall@1.666ns period=3.333ns})
  Destination:            u_rb/gen_lane[11].u_fma/prod2_reg/DSP_A_B_DATA_INST/B[15]
                            (rising edge-triggered cell DSP_A_B_DATA clocked by clk  {rise@0.000ns fall@1.666ns period=3.333ns})
  Path Group:             clk
  Path Type:              Setup (Max at Slow Process Corner)
  Requirement:            3.333ns  (clk rise@3.333ns - clk rise@0.000ns)
  Data Path Delay:        4.198ns  (logic 1.610ns (38.352%)  route 2.588ns (61.648%))
  Logic Levels:           13  (CARRY8=3 LUT3=4 LUT4=1 LUT5=1 LUT6=4)
  Clock Path Skew:        0.014ns (DCD - SCD + CPR)
    Destination Clock Delay (DCD):    0.055ns = ( 3.388 - 3.333 ) 
    Source Clock Delay      (SCD):    0.041ns
    Clock Pessimism Removal (CPR):    0.000ns
  Clock Uncertainty:      0.035ns  ((TSJ^2 + TIJ^2)^1/2 + DJ) / 2 + PE
    Total System Jitter     (TSJ):    0.071ns
    Total Input Jitter      (TIJ):    0.000ns
    Discrete Jitter          (DJ):    0.000ns
    Phase Error              (PE):    0.000ns

    Location             Delay type                Incr(ns)  Path(ns)    Netlist Resource(s)
  -------------------------------------------------------------------    -------------------
                         (clock clk rise edge)        0.000     0.000 r  
                                                      0.000     0.000 r  clk (IN)
                         net (fo=5082, unset)         0.041     0.041    clk
                         FDRE                                         r  acts_q_reg[188]/C
  -------------------------------------------------------------------    -------------------
                         FDRE (Prop_FDRE_C_Q)         0.114     0.155 f  acts_q_reg[188]/Q
                         net (fo=35, unplaced)        0.236     0.391    u_rb/gen_lane[14].u_fma/Q[188]
                         LUT6 (Prop_LUT6_I0_O)        0.225     0.616 r  u_rb/gen_lane[14].u_fma/prod2_reg_i_619__0/O
                         net (fo=34, unplaced)        0.272     0.888    u_rb/gen_lane[15].u_fma/prod2_reg_i_228__3_1
                         LUT3 (Prop_LUT3_I1_O)        0.095     0.983 r  u_rb/gen_lane[15].u_fma/prod2_reg_i_593__12/O
                         net (fo=32, unplaced)        0.271     1.254    u_rb/gen_lane[11].u_fma/prod2_reg_i_163__4_8
                         LUT3 (Prop_LUT3_I2_O)        0.095     1.349 r  u_rb/gen_lane[11].u_fma/prod2_reg_i_418__2/O
                         net (fo=1, unplaced)         0.211     1.560    u_rb/gen_lane[11].u_fma/subblock_sum10_return8[7]
                         LUT6 (Prop_LUT6_I5_O)        0.058     1.618 r  u_rb/gen_lane[11].u_fma/prod2_reg_i_201__5/O
                         net (fo=2, unplaced)         0.211     1.829    u_rb/gen_lane[11].u_fma/prod2_reg_i_201__5_n_0
                         LUT6 (Prop_LUT6_I0_O)        0.058     1.887 r  u_rb/gen_lane[11].u_fma/prod2_reg_i_207__2/O
                         net (fo=1, unplaced)         0.025     1.912    u_rb/gen_lane[11].u_fma/prod2_reg_i_207__2_n_0
                         CARRY8 (Prop_CARRY8_S[0]_O[0])
                                                      0.079     1.991 r  u_rb/gen_lane[11].u_fma/prod2_reg_i_160__2/O[0]
                         net (fo=2, unplaced)         0.153     2.144    u_rb/gen_lane[11].u_fma/prod2_reg_i_160__2_n_15
                         LUT3 (Prop_LUT3_I0_O)        0.137     2.281 r  u_rb/gen_lane[11].u_fma/prod2_reg_i_78__4/O
                         net (fo=2, unplaced)         0.211     2.492    u_rb/gen_lane[11].u_fma/prod2_reg_i_78__4_n_0
                         LUT4 (Prop_LUT4_I3_O)        0.057     2.549 r  u_rb/gen_lane[11].u_fma/prod2_reg_i_84__4/O
                         net (fo=1, unplaced)         0.030     2.579    u_rb/gen_lane[11].u_fma/prod2_reg_i_84__4_n_0
                         CARRY8 (Prop_CARRY8_S[1]_O[2])
                                                      0.179     2.758 r  u_rb/gen_lane[11].u_fma/prod2_reg_i_32__4/O[2]
                         net (fo=3, unplaced)         0.220     2.978    u_rb/gen_lane[11].u_fma/prod2_reg_i_32__4_n_13
                         LUT3 (Prop_LUT3_I0_O)        0.137     3.115 r  u_rb/gen_lane[11].u_fma/prod2_reg_i_35__4/O
                         net (fo=2, unplaced)         0.211     3.326    u_rb/gen_lane[11].u_fma/prod2_reg_i_35__4_n_0
                         LUT5 (Prop_LUT5_I1_O)        0.058     3.384 r  u_rb/gen_lane[11].u_fma/prod2_reg_i_4__4/O
                         net (fo=2, unplaced)         0.211     3.595    u_rb/gen_lane[11].u_fma/prod2_reg_i_4__4_n_0
                         LUT6 (Prop_LUT6_I0_O)        0.056     3.651 r  u_rb/gen_lane[11].u_fma/prod2_reg_i_10__4/O
                         net (fo=1, unplaced)         0.040     3.691    u_rb/gen_lane[11].u_fma/prod2_reg_i_10__4_n_0
                         CARRY8 (Prop_CARRY8_S[3]_O[5])
                                                      0.262     3.953 r  u_rb/gen_lane[11].u_fma/prod2_reg_i_1__4/O[5]
                         net (fo=5, unplaced)         0.286     4.239    u_rb/gen_lane[11].u_fma/prod2_reg/B[15]
                         DSP_A_B_DATA                                 r  u_rb/gen_lane[11].u_fma/prod2_reg/DSP_A_B_DATA_INST/B[15]
  -------------------------------------------------------------------    -------------------

                         (clock clk rise edge)        3.333     3.333 r  
                                                      0.000     3.333 r  clk (IN)
                         net (fo=5082, unset)         0.055     3.388    u_rb/gen_lane[11].u_fma/prod2_reg/CLK
                         DSP_A_B_DATA                                 r  u_rb/gen_lane[11].u_fma/prod2_reg/DSP_A_B_DATA_INST/CLK
                         clock pessimism              0.000     3.388    
                         clock uncertainty           -0.035     3.353    
                         DSP_A_B_DATA (Setup_DSP_A_B_DATA_CLK_B[15])
                                                     -0.490     2.863    u_rb/gen_lane[11].u_fma/prod2_reg/DSP_A_B_DATA_INST
  -------------------------------------------------------------------
                         required time                          2.863    
                         arrival time                          -4.239    
  -------------------------------------------------------------------
                         slack                                 -1.376    

Slack (VIOLATED) :        -1.376ns  (required time - arrival time)
  Source:                 acts_q_reg[188]/C
                            (rising edge-triggered cell FDRE clocked by clk  {rise@0.000ns fall@1.666ns period=3.333ns})
  Destination:            u_rb/gen_lane[12].u_fma/prod2_reg/DSP_A_B_DATA_INST/B[15]
                            (rising edge-triggered cell DSP_A_B_DATA clocked by clk  {rise@0.000ns fall@1.666ns period=3.333ns})
  Path Group:             clk
  Path Type:              Setup (Max at Slow Process Corner)
  Requirement:            3.333ns  (clk rise@3.333ns - clk rise@0.000ns)
  Data Path Delay:        4.198ns  (logic 1.610ns (38.352%)  route 2.588ns (61.648%))
  Logic Levels:           13  (CARRY8=3 LUT3=4 LUT4=1 LUT5=1 LUT6=4)
  Clock Path Skew:        0.014ns (DCD - SCD + CPR)
    Destination Clock Delay (DCD):    0.055ns = ( 3.388 - 3.333 ) 
    Source Clock Delay      (SCD):    0.041ns
    Clock Pessimism Removal (CPR):    0.000ns
  Clock Uncertainty:      0.035ns  ((TSJ^2 + TIJ^2)^1/2 + DJ) / 2 + PE
    Total System Jitter     (TSJ):    0.071ns
    Total Input Jitter      (TIJ):    0.000ns
    Discrete Jitter          (DJ):    0.000ns
    Phase Error              (PE):    0.000ns

    Location             Delay type                Incr(ns)  Path(ns)    Netlist Resource(s)
  -------------------------------------------------------------------    -------------------
                         (clock clk rise edge)        0.000     0.000 r  
                                                      0.000     0.000 r  clk (IN)
                         net (fo=5082, unset)         0.041     0.041    clk
                         FDRE                                         r  acts_q_reg[188]/C
  -------------------------------------------------------------------    -------------------
                         FDRE (Prop_FDRE_C_Q)         0.114     0.155 f  acts_q_reg[188]/Q
                         net (fo=35, unplaced)        0.236     0.391    u_rb/gen_lane[14].u_fma/Q[188]
                         LUT6 (Prop_LUT6_I0_O)        0.225     0.616 r  u_rb/gen_lane[14].u_fma/prod2_reg_i_619__0/O
                         net (fo=34, unplaced)        0.272     0.888    u_rb/gen_lane[15].u_fma/prod2_reg_i_228__3_1
                         LUT3 (Prop_LUT3_I1_O)        0.095     0.983 r  u_rb/gen_lane[15].u_fma/prod2_reg_i_593__12/O
                         net (fo=32, unplaced)        0.271     1.254    u_rb/gen_lane[12].u_fma/prod2_reg_i_163__1_8
                         LUT3 (Prop_LUT3_I2_O)        0.095     1.349 r  u_rb/gen_lane[12].u_fma/prod2_reg_i_418/O
                         net (fo=1, unplaced)         0.211     1.560    u_rb/gen_lane[12].u_fma/subblock_sum11_return8[7]
                         LUT6 (Prop_LUT6_I5_O)        0.058     1.618 r  u_rb/gen_lane[12].u_fma/prod2_reg_i_201__2/O
                         net (fo=2, unplaced)         0.211     1.829    u_rb/gen_lane[12].u_fma/prod2_reg_i_201__2_n_0
                         LUT6 (Prop_LUT6_I0_O)        0.058     1.887 r  u_rb/gen_lane[12].u_fma/prod2_reg_i_207/O
                         net (fo=1, unplaced)         0.025     1.912    u_rb/gen_lane[12].u_fma/prod2_reg_i_207_n_0
                         CARRY8 (Prop_CARRY8_S[0]_O[0])
                                                      0.079     1.991 r  u_rb/gen_lane[12].u_fma/prod2_reg_i_160/O[0]
                         net (fo=2, unplaced)         0.153     2.144    u_rb/gen_lane[12].u_fma/prod2_reg_i_160_n_15
                         LUT3 (Prop_LUT3_I0_O)        0.137     2.281 r  u_rb/gen_lane[12].u_fma/prod2_reg_i_78__1/O
                         net (fo=2, unplaced)         0.211     2.492    u_rb/gen_lane[12].u_fma/prod2_reg_i_78__1_n_0
                         LUT4 (Prop_LUT4_I3_O)        0.057     2.549 r  u_rb/gen_lane[12].u_fma/prod2_reg_i_84__1/O
                         net (fo=1, unplaced)         0.030     2.579    u_rb/gen_lane[12].u_fma/prod2_reg_i_84__1_n_0
                         CARRY8 (Prop_CARRY8_S[1]_O[2])
                                                      0.179     2.758 r  u_rb/gen_lane[12].u_fma/prod2_reg_i_32__1/O[2]
                         net (fo=3, unplaced)         0.220     2.978    u_rb/gen_lane[12].u_fma/prod2_reg_i_32__1_n_13
                         LUT3 (Prop_LUT3_I0_O)        0.137     3.115 r  u_rb/gen_lane[12].u_fma/prod2_reg_i_35__1/O
                         net (fo=2, unplaced)         0.211     3.326    u_rb/gen_lane[12].u_fma/prod2_reg_i_35__1_n_0
                         LUT5 (Prop_LUT5_I1_O)        0.058     3.384 r  u_rb/gen_lane[12].u_fma/prod2_reg_i_4__1/O
                         net (fo=2, unplaced)         0.211     3.595    u_rb/gen_lane[12].u_fma/prod2_reg_i_4__1_n_0
                         LUT6 (Prop_LUT6_I0_O)        0.056     3.651 r  u_rb/gen_lane[12].u_fma/prod2_reg_i_10__1/O
                         net (fo=1, unplaced)         0.040     3.691    u_rb/gen_lane[12].u_fma/prod2_reg_i_10__1_n_0
                         CARRY8 (Prop_CARRY8_S[3]_O[5])
                                                      0.262     3.953 r  u_rb/gen_lane[12].u_fma/prod2_reg_i_1__1/O[5]
                         net (fo=5, unplaced)         0.286     4.239    u_rb/gen_lane[12].u_fma/prod2_reg/B[15]
                         DSP_A_B_DATA                                 r  u_rb/gen_lane[12].u_fma/prod2_reg/DSP_A_B_DATA_INST/B[15]
  -------------------------------------------------------------------    -------------------

                         (clock clk rise edge)        3.333     3.333 r  
                                                      0.000     3.333 r  clk (IN)
                         net (fo=5082, unset)         0.055     3.388    u_rb/gen_lane[12].u_fma/prod2_reg/CLK
                         DSP_A_B_DATA                                 r  u_rb/gen_lane[12].u_fma/prod2_reg/DSP_A_B_DATA_INST/CLK
                         clock pessimism              0.000     3.388    
                         clock uncertainty           -0.035     3.353    
                         DSP_A_B_DATA (Setup_DSP_A_B_DATA_CLK_B[15])
                                                     -0.490     2.863    u_rb/gen_lane[12].u_fma/prod2_reg/DSP_A_B_DATA_INST
  -------------------------------------------------------------------
                         required time                          2.863    
                         arrival time                          -4.239    
  -------------------------------------------------------------------
                         slack                                 -1.376    

Slack (VIOLATED) :        -1.376ns  (required time - arrival time)
  Source:                 acts_q_reg[188]/C
                            (rising edge-triggered cell FDRE clocked by clk  {rise@0.000ns fall@1.666ns period=3.333ns})
  Destination:            u_rb/gen_lane[13].u_fma/prod2_reg/DSP_A_B_DATA_INST/B[15]
                            (rising edge-triggered cell DSP_A_B_DATA clocked by clk  {rise@0.000ns fall@1.666ns period=3.333ns})
  Path Group:             clk
  Path Type:              Setup (Max at Slow Process Corner)
  Requirement:            3.333ns  (clk rise@3.333ns - clk rise@0.000ns)
  Data Path Delay:        4.198ns  (logic 1.610ns (38.352%)  route 2.588ns (61.648%))
  Logic Levels:           13  (CARRY8=3 LUT3=4 LUT4=1 LUT5=1 LUT6=4)
  Clock Path Skew:        0.014ns (DCD - SCD + CPR)
    Destination Clock Delay (DCD):    0.055ns = ( 3.388 - 3.333 ) 
    Source Clock Delay      (SCD):    0.041ns
    Clock Pessimism Removal (CPR):    0.000ns
  Clock Uncertainty:      0.035ns  ((TSJ^2 + TIJ^2)^1/2 + DJ) / 2 + PE
    Total System Jitter     (TSJ):    0.071ns
    Total Input Jitter      (TIJ):    0.000ns
    Discrete Jitter          (DJ):    0.000ns
    Phase Error              (PE):    0.000ns

    Location             Delay type                Incr(ns)  Path(ns)    Netlist Resource(s)
  -------------------------------------------------------------------    -------------------
                         (clock clk rise edge)        0.000     0.000 r  
                                                      0.000     0.000 r  clk (IN)
                         net (fo=5082, unset)         0.041     0.041    clk
                         FDRE                                         r  acts_q_reg[188]/C
  -------------------------------------------------------------------    -------------------
                         FDRE (Prop_FDRE_C_Q)         0.114     0.155 f  acts_q_reg[188]/Q
                         net (fo=35, unplaced)        0.236     0.391    u_rb/gen_lane[14].u_fma/Q[188]
                         LUT6 (Prop_LUT6_I0_O)        0.225     0.616 r  u_rb/gen_lane[14].u_fma/prod2_reg_i_619__0/O
                         net (fo=34, unplaced)        0.272     0.888    u_rb/gen_lane[15].u_fma/prod2_reg_i_228__3_1
                         LUT3 (Prop_LUT3_I1_O)        0.095     0.983 r  u_rb/gen_lane[15].u_fma/prod2_reg_i_593__12/O
                         net (fo=32, unplaced)        0.271     1.254    u_rb/gen_lane[13].u_fma/prod2_reg_i_168__0_8
                         LUT3 (Prop_LUT3_I2_O)        0.095     1.349 r  u_rb/gen_lane[13].u_fma/prod2_reg_i_438/O
                         net (fo=1, unplaced)         0.211     1.560    u_rb/gen_lane[13].u_fma/subblock_sum12_return8[7]
                         LUT6 (Prop_LUT6_I5_O)        0.058     1.618 r  u_rb/gen_lane[13].u_fma/prod2_reg_i_211__14/O
                         net (fo=2, unplaced)         0.211     1.829    u_rb/gen_lane[13].u_fma/prod2_reg_i_211__14_n_0
                         LUT6 (Prop_LUT6_I0_O)        0.058     1.887 r  u_rb/gen_lane[13].u_fma/prod2_reg_i_217__10/O
                         net (fo=1, unplaced)         0.025     1.912    u_rb/gen_lane[13].u_fma/prod2_reg_i_217__10_n_0
                         CARRY8 (Prop_CARRY8_S[0]_O[0])
                                                      0.079     1.991 r  u_rb/gen_lane[13].u_fma/prod2_reg_i_165__0/O[0]
                         net (fo=2, unplaced)         0.153     2.144    u_rb/gen_lane[13].u_fma/prod2_reg_i_165__0_n_15
                         LUT3 (Prop_LUT3_I0_O)        0.137     2.281 r  u_rb/gen_lane[13].u_fma/prod2_reg_i_79__0/O
                         net (fo=2, unplaced)         0.211     2.492    u_rb/gen_lane[13].u_fma/prod2_reg_i_79__0_n_0
                         LUT4 (Prop_LUT4_I3_O)        0.057     2.549 r  u_rb/gen_lane[13].u_fma/prod2_reg_i_85__0/O
                         net (fo=1, unplaced)         0.030     2.579    u_rb/gen_lane[13].u_fma/prod2_reg_i_85__0_n_0
                         CARRY8 (Prop_CARRY8_S[1]_O[2])
                                                      0.179     2.758 r  u_rb/gen_lane[13].u_fma/prod2_reg_i_32__0/O[2]
                         net (fo=3, unplaced)         0.220     2.978    u_rb/gen_lane[13].u_fma/prod2_reg_i_32__0_n_13
                         LUT3 (Prop_LUT3_I0_O)        0.137     3.115 r  u_rb/gen_lane[13].u_fma/prod2_reg_i_35__0/O
                         net (fo=2, unplaced)         0.211     3.326    u_rb/gen_lane[13].u_fma/prod2_reg_i_35__0_n_0
                         LUT5 (Prop_LUT5_I1_O)        0.058     3.384 r  u_rb/gen_lane[13].u_fma/prod2_reg_i_4__0/O
                         net (fo=2, unplaced)         0.211     3.595    u_rb/gen_lane[13].u_fma/prod2_reg_i_4__0_n_0
                         LUT6 (Prop_LUT6_I0_O)        0.056     3.651 r  u_rb/gen_lane[13].u_fma/prod2_reg_i_10__0/O
                         net (fo=1, unplaced)         0.040     3.691    u_rb/gen_lane[13].u_fma/prod2_reg_i_10__0_n_0
                         CARRY8 (Prop_CARRY8_S[3]_O[5])
                                                      0.262     3.953 r  u_rb/gen_lane[13].u_fma/prod2_reg_i_1__0/O[5]
                         net (fo=5, unplaced)         0.286     4.239    u_rb/gen_lane[13].u_fma/prod2_reg/B[15]
                         DSP_A_B_DATA                                 r  u_rb/gen_lane[13].u_fma/prod2_reg/DSP_A_B_DATA_INST/B[15]
  -------------------------------------------------------------------    -------------------

                         (clock clk rise edge)        3.333     3.333 r  
                                                      0.000     3.333 r  clk (IN)
                         net (fo=5082, unset)         0.055     3.388    u_rb/gen_lane[13].u_fma/prod2_reg/CLK
                         DSP_A_B_DATA                                 r  u_rb/gen_lane[13].u_fma/prod2_reg/DSP_A_B_DATA_INST/CLK
                         clock pessimism              0.000     3.388    
                         clock uncertainty           -0.035     3.353    
                         DSP_A_B_DATA (Setup_DSP_A_B_DATA_CLK_B[15])
                                                     -0.490     2.863    u_rb/gen_lane[13].u_fma/prod2_reg/DSP_A_B_DATA_INST
  -------------------------------------------------------------------
                         required time                          2.863    
                         arrival time                          -4.239    
  -------------------------------------------------------------------
                         slack                                 -1.376    

Slack (VIOLATED) :        -1.376ns  (required time - arrival time)
  Source:                 acts_q_reg[188]/C
                            (rising edge-triggered cell FDRE clocked by clk  {rise@0.000ns fall@1.666ns period=3.333ns})
  Destination:            u_rb/gen_lane[15].u_fma/prod2_reg/DSP_A_B_DATA_INST/B[15]
                            (rising edge-triggered cell DSP_A_B_DATA clocked by clk  {rise@0.000ns fall@1.666ns period=3.333ns})
  Path Group:             clk
  Path Type:              Setup (Max at Slow Process Corner)
  Requirement:            3.333ns  (clk rise@3.333ns - clk rise@0.000ns)
  Data Path Delay:        4.198ns  (logic 1.610ns (38.352%)  route 2.588ns (61.648%))
  Logic Levels:           13  (CARRY8=3 LUT3=4 LUT4=1 LUT5=1 LUT6=4)
  Clock Path Skew:        0.014ns (DCD - SCD + CPR)
    Destination Clock Delay (DCD):    0.055ns = ( 3.388 - 3.333 ) 
    Source Clock Delay      (SCD):    0.041ns
    Clock Pessimism Removal (CPR):    0.000ns
  Clock Uncertainty:      0.035ns  ((TSJ^2 + TIJ^2)^1/2 + DJ) / 2 + PE
    Total System Jitter     (TSJ):    0.071ns
    Total Input Jitter      (TIJ):    0.000ns
    Discrete Jitter          (DJ):    0.000ns
    Phase Error              (PE):    0.000ns

    Location             Delay type                Incr(ns)  Path(ns)    Netlist Resource(s)
  -------------------------------------------------------------------    -------------------
                         (clock clk rise edge)        0.000     0.000 r  
                                                      0.000     0.000 r  clk (IN)
                         net (fo=5082, unset)         0.041     0.041    clk
                         FDRE                                         r  acts_q_reg[188]/C
  -------------------------------------------------------------------    -------------------
                         FDRE (Prop_FDRE_C_Q)         0.114     0.155 f  acts_q_reg[188]/Q
                         net (fo=35, unplaced)        0.236     0.391    u_rb/gen_lane[14].u_fma/Q[188]
                         LUT6 (Prop_LUT6_I0_O)        0.225     0.616 r  u_rb/gen_lane[14].u_fma/prod2_reg_i_619__0/O
                         net (fo=34, unplaced)        0.272     0.888    u_rb/gen_lane[15].u_fma/prod2_reg_i_228__3_1
                         LUT3 (Prop_LUT3_I1_O)        0.095     0.983 r  u_rb/gen_lane[15].u_fma/prod2_reg_i_593__12/O
                         net (fo=32, unplaced)        0.271     1.254    u_rb/gen_lane[15].u_fma/acts_q_reg[190]
                         LUT3 (Prop_LUT3_I2_O)        0.095     1.349 r  u_rb/gen_lane[15].u_fma/prod2_reg_i_422/O
                         net (fo=1, unplaced)         0.211     1.560    u_rb/gen_lane[15].u_fma/prod2_reg_i_422_n_0
                         LUT6 (Prop_LUT6_I5_O)        0.058     1.618 r  u_rb/gen_lane[15].u_fma/prod2_reg_i_205__14/O
                         net (fo=2, unplaced)         0.211     1.829    u_rb/gen_lane[15].u_fma/prod2_reg_i_205__14_n_0
                         LUT6 (Prop_LUT6_I0_O)        0.058     1.887 r  u_rb/gen_lane[15].u_fma/prod2_reg_i_211/O
                         net (fo=1, unplaced)         0.025     1.912    u_rb/gen_lane[15].u_fma/prod2_reg_i_211_n_0
                         CARRY8 (Prop_CARRY8_S[0]_O[0])
                                                      0.079     1.991 r  u_rb/gen_lane[15].u_fma/prod2_reg_i_164/O[0]
                         net (fo=2, unplaced)         0.153     2.144    u_rb/gen_lane[15].u_fma/prod2_reg_i_164_n_15
                         LUT3 (Prop_LUT3_I0_O)        0.137     2.281 r  u_rb/gen_lane[15].u_fma/prod2_reg_i_79/O
                         net (fo=2, unplaced)         0.211     2.492    u_rb/gen_lane[15].u_fma/prod2_reg_i_79_n_0
                         LUT4 (Prop_LUT4_I3_O)        0.057     2.549 r  u_rb/gen_lane[15].u_fma/prod2_reg_i_85/O
                         net (fo=1, unplaced)         0.030     2.579    u_rb/gen_lane[15].u_fma/prod2_reg_i_85_n_0
                         CARRY8 (Prop_CARRY8_S[1]_O[2])
                                                      0.179     2.758 r  u_rb/gen_lane[15].u_fma/prod2_reg_i_32/O[2]
                         net (fo=3, unplaced)         0.220     2.978    u_rb/gen_lane[15].u_fma/prod2_reg_i_32_n_13
                         LUT3 (Prop_LUT3_I0_O)        0.137     3.115 r  u_rb/gen_lane[15].u_fma/prod2_reg_i_35/O
                         net (fo=2, unplaced)         0.211     3.326    u_rb/gen_lane[15].u_fma/prod2_reg_i_35_n_0
                         LUT5 (Prop_LUT5_I1_O)        0.058     3.384 r  u_rb/gen_lane[15].u_fma/prod2_reg_i_4/O
                         net (fo=2, unplaced)         0.211     3.595    u_rb/gen_lane[15].u_fma/prod2_reg_i_4_n_0
                         LUT6 (Prop_LUT6_I0_O)        0.056     3.651 r  u_rb/gen_lane[15].u_fma/prod2_reg_i_10/O
                         net (fo=1, unplaced)         0.040     3.691    u_rb/gen_lane[15].u_fma/prod2_reg_i_10_n_0
                         CARRY8 (Prop_CARRY8_S[3]_O[5])
                                                      0.262     3.953 r  u_rb/gen_lane[15].u_fma/prod2_reg_i_1/O[5]
                         net (fo=5, unplaced)         0.286     4.239    u_rb/gen_lane[15].u_fma/prod2_reg/B[15]
                         DSP_A_B_DATA                                 r  u_rb/gen_lane[15].u_fma/prod2_reg/DSP_A_B_DATA_INST/B[15]
  -------------------------------------------------------------------    -------------------

                         (clock clk rise edge)        3.333     3.333 r  
                                                      0.000     3.333 r  clk (IN)
                         net (fo=5082, unset)         0.055     3.388    u_rb/gen_lane[15].u_fma/prod2_reg/CLK
                         DSP_A_B_DATA                                 r  u_rb/gen_lane[15].u_fma/prod2_reg/DSP_A_B_DATA_INST/CLK
                         clock pessimism              0.000     3.388    
                         clock uncertainty           -0.035     3.353    
                         DSP_A_B_DATA (Setup_DSP_A_B_DATA_CLK_B[15])
                                                     -0.490     2.863    u_rb/gen_lane[15].u_fma/prod2_reg/DSP_A_B_DATA_INST
  -------------------------------------------------------------------
                         required time                          2.863    
                         arrival time                          -4.239    
  -------------------------------------------------------------------
                         slack                                 -1.376    





Min Delay Paths
--------------------------------------------------------------------------------------
Slack (MET) :             0.107ns  (arrival time - required time)
  Source:                 u_rb/gen_lane[0].u_fma/acc_reg[0]/C
                            (rising edge-triggered cell FDRE clocked by clk  {rise@0.000ns fall@1.666ns period=3.333ns})
  Destination:            acc_q_reg[0]/D
                            (rising edge-triggered cell FDRE clocked by clk  {rise@0.000ns fall@1.666ns period=3.333ns})
  Path Group:             clk
  Path Type:              Hold (Min at Fast Process Corner)
  Requirement:            0.000ns  (clk rise@0.000ns - clk rise@0.000ns)
  Data Path Delay:        0.156ns  (logic 0.082ns (52.564%)  route 0.074ns (47.436%))
  Logic Levels:           0  
  Clock Path Skew:        0.005ns (DCD - SCD - CPR)
    Destination Clock Delay (DCD):    0.019ns
    Source Clock Delay      (SCD):    0.014ns
    Clock Pessimism Removal (CPR):    -0.000ns

    Location             Delay type                Incr(ns)  Path(ns)    Netlist Resource(s)
  -------------------------------------------------------------------    -------------------
                         (clock clk rise edge)        0.000     0.000 r  
                                                      0.000     0.000 r  clk (IN)
                         net (fo=5082, unset)         0.014     0.014    u_rb/gen_lane[0].u_fma/clk
                         FDRE                                         r  u_rb/gen_lane[0].u_fma/acc_reg[0]/C
  -------------------------------------------------------------------    -------------------
                         FDRE (Prop_FDRE_C_Q)         0.082     0.096 r  u_rb/gen_lane[0].u_fma/acc_reg[0]/Q
                         net (fo=2, unplaced)         0.074     0.170    acc_w[0]
                         FDRE                                         r  acc_q_reg[0]/D
  -------------------------------------------------------------------    -------------------

                         (clock clk rise edge)        0.000     0.000 r  
                                                      0.000     0.000 r  clk (IN)
                         net (fo=5082, unset)         0.019     0.019    clk
                         FDRE                                         r  acc_q_reg[0]/C
                         clock pessimism              0.000     0.019    
                         FDRE (Hold_FDRE_C_D)         0.044     0.063    acc_q_reg[0]
  -------------------------------------------------------------------
                         required time                         -0.063    
                         arrival time                           0.170    
  -------------------------------------------------------------------
                         slack                                  0.107    

Slack (MET) :             0.107ns  (arrival time - required time)
  Source:                 u_rb/gen_lane[13].u_fma/acc_reg[64]/C
                            (rising edge-triggered cell FDRE clocked by clk  {rise@0.000ns fall@1.666ns period=3.333ns})
  Destination:            acc_q_reg[1000]/D
                            (rising edge-triggered cell FDRE clocked by clk  {rise@0.000ns fall@1.666ns period=3.333ns})
  Path Group:             clk
  Path Type:              Hold (Min at Fast Process Corner)
  Requirement:            0.000ns  (clk rise@0.000ns - clk rise@0.000ns)
  Data Path Delay:        0.156ns  (logic 0.082ns (52.564%)  route 0.074ns (47.436%))
  Logic Levels:           0  
  Clock Path Skew:        0.005ns (DCD - SCD - CPR)
    Destination Clock Delay (DCD):    0.019ns
    Source Clock Delay      (SCD):    0.014ns
    Clock Pessimism Removal (CPR):    -0.000ns

    Location             Delay type                Incr(ns)  Path(ns)    Netlist Resource(s)
  -------------------------------------------------------------------    -------------------
                         (clock clk rise edge)        0.000     0.000 r  
                                                      0.000     0.000 r  clk (IN)
                         net (fo=5082, unset)         0.014     0.014    u_rb/gen_lane[13].u_fma/clk
                         FDRE                                         r  u_rb/gen_lane[13].u_fma/acc_reg[64]/C
  -------------------------------------------------------------------    -------------------
                         FDRE (Prop_FDRE_C_Q)         0.082     0.096 r  u_rb/gen_lane[13].u_fma/acc_reg[64]/Q
                         net (fo=2, unplaced)         0.074     0.170    acc_w[1000]
                         FDRE                                         r  acc_q_reg[1000]/D
  -------------------------------------------------------------------    -------------------

                         (clock clk rise edge)        0.000     0.000 r  
                                                      0.000     0.000 r  clk (IN)
                         net (fo=5082, unset)         0.019     0.019    clk
                         FDRE                                         r  acc_q_reg[1000]/C
                         clock pessimism              0.000     0.019    
                         FDRE (Hold_FDRE_C_D)         0.044     0.063    acc_q_reg[1000]
  -------------------------------------------------------------------
                         required time                         -0.063    
                         arrival time                           0.170    
  -------------------------------------------------------------------
                         slack                                  0.107    

Slack (MET) :             0.107ns  (arrival time - required time)
  Source:                 u_rb/gen_lane[13].u_fma/acc_reg[65]/C
                            (rising edge-triggered cell FDRE clocked by clk  {rise@0.000ns fall@1.666ns period=3.333ns})
  Destination:            acc_q_reg[1001]/D
                            (rising edge-triggered cell FDRE clocked by clk  {rise@0.000ns fall@1.666ns period=3.333ns})
  Path Group:             clk
  Path Type:              Hold (Min at Fast Process Corner)
  Requirement:            0.000ns  (clk rise@0.000ns - clk rise@0.000ns)
  Data Path Delay:        0.156ns  (logic 0.082ns (52.564%)  route 0.074ns (47.436%))
  Logic Levels:           0  
  Clock Path Skew:        0.005ns (DCD - SCD - CPR)
    Destination Clock Delay (DCD):    0.019ns
    Source Clock Delay      (SCD):    0.014ns
    Clock Pessimism Removal (CPR):    -0.000ns

    Location             Delay type                Incr(ns)  Path(ns)    Netlist Resource(s)
  -------------------------------------------------------------------    -------------------
                         (clock clk rise edge)        0.000     0.000 r  
                                                      0.000     0.000 r  clk (IN)
                         net (fo=5082, unset)         0.014     0.014    u_rb/gen_lane[13].u_fma/clk
                         FDRE                                         r  u_rb/gen_lane[13].u_fma/acc_reg[65]/C
  -------------------------------------------------------------------    -------------------
                         FDRE (Prop_FDRE_C_Q)         0.082     0.096 r  u_rb/gen_lane[13].u_fma/acc_reg[65]/Q
                         net (fo=2, unplaced)         0.074     0.170    acc_w[1001]
                         FDRE                                         r  acc_q_reg[1001]/D
  -------------------------------------------------------------------    -------------------

                         (clock clk rise edge)        0.000     0.000 r  
                                                      0.000     0.000 r  clk (IN)
                         net (fo=5082, unset)         0.019     0.019    clk
                         FDRE                                         r  acc_q_reg[1001]/C
                         clock pessimism              0.000     0.019    
                         FDRE (Hold_FDRE_C_D)         0.044     0.063    acc_q_reg[1001]
  -------------------------------------------------------------------
                         required time                         -0.063    
                         arrival time                           0.170    
  -------------------------------------------------------------------
                         slack                                  0.107    

Slack (MET) :             0.107ns  (arrival time - required time)
  Source:                 u_rb/gen_lane[13].u_fma/acc_reg[68]/C
                            (rising edge-triggered cell FDRE clocked by clk  {rise@0.000ns fall@1.666ns period=3.333ns})
  Destination:            acc_q_reg[1004]/D
                            (rising edge-triggered cell FDRE clocked by clk  {rise@0.000ns fall@1.666ns period=3.333ns})
  Path Group:             clk
  Path Type:              Hold (Min at Fast Process Corner)
  Requirement:            0.000ns  (clk rise@0.000ns - clk rise@0.000ns)
  Data Path Delay:        0.156ns  (logic 0.082ns (52.564%)  route 0.074ns (47.436%))
  Logic Levels:           0  
  Clock Path Skew:        0.005ns (DCD - SCD - CPR)
    Destination Clock Delay (DCD):    0.019ns
    Source Clock Delay      (SCD):    0.014ns
    Clock Pessimism Removal (CPR):    -0.000ns

    Location             Delay type                Incr(ns)  Path(ns)    Netlist Resource(s)
  -------------------------------------------------------------------    -------------------
                         (clock clk rise edge)        0.000     0.000 r  
                                                      0.000     0.000 r  clk (IN)
                         net (fo=5082, unset)         0.014     0.014    u_rb/gen_lane[13].u_fma/clk
                         FDRE                                         r  u_rb/gen_lane[13].u_fma/acc_reg[68]/C
  -------------------------------------------------------------------    -------------------
                         FDRE (Prop_FDRE_C_Q)         0.082     0.096 r  u_rb/gen_lane[13].u_fma/acc_reg[68]/Q
                         net (fo=2, unplaced)         0.074     0.170    acc_w[1004]
                         FDRE                                         r  acc_q_reg[1004]/D
  -------------------------------------------------------------------    -------------------

                         (clock clk rise edge)        0.000     0.000 r  
                                                      0.000     0.000 r  clk (IN)
                         net (fo=5082, unset)         0.019     0.019    clk
                         FDRE                                         r  acc_q_reg[1004]/C
                         clock pessimism              0.000     0.019    
                         FDRE (Hold_FDRE_C_D)         0.044     0.063    acc_q_reg[1004]
  -------------------------------------------------------------------
                         required time                         -0.063    
                         arrival time                           0.170    
  -------------------------------------------------------------------
                         slack                                  0.107    

Slack (MET) :             0.107ns  (arrival time - required time)
  Source:                 u_rb/gen_lane[13].u_fma/acc_reg[69]/C
                            (rising edge-triggered cell FDRE clocked by clk  {rise@0.000ns fall@1.666ns period=3.333ns})
  Destination:            acc_q_reg[1005]/D
                            (rising edge-triggered cell FDRE clocked by clk  {rise@0.000ns fall@1.666ns period=3.333ns})
  Path Group:             clk
  Path Type:              Hold (Min at Fast Process Corner)
  Requirement:            0.000ns  (clk rise@0.000ns - clk rise@0.000ns)
  Data Path Delay:        0.156ns  (logic 0.082ns (52.564%)  route 0.074ns (47.436%))
  Logic Levels:           0  
  Clock Path Skew:        0.005ns (DCD - SCD - CPR)
    Destination Clock Delay (DCD):    0.019ns
    Source Clock Delay      (SCD):    0.014ns
    Clock Pessimism Removal (CPR):    -0.000ns

    Location             Delay type                Incr(ns)  Path(ns)    Netlist Resource(s)
  -------------------------------------------------------------------    -------------------
                         (clock clk rise edge)        0.000     0.000 r  
                                                      0.000     0.000 r  clk (IN)
                         net (fo=5082, unset)         0.014     0.014    u_rb/gen_lane[13].u_fma/clk
                         FDRE                                         r  u_rb/gen_lane[13].u_fma/acc_reg[69]/C
  -------------------------------------------------------------------    -------------------
                         FDRE (Prop_FDRE_C_Q)         0.082     0.096 r  u_rb/gen_lane[13].u_fma/acc_reg[69]/Q
                         net (fo=2, unplaced)         0.074     0.170    acc_w[1005]
                         FDRE                                         r  acc_q_reg[1005]/D
  -------------------------------------------------------------------    -------------------

                         (clock clk rise edge)        0.000     0.000 r  
                                                      0.000     0.000 r  clk (IN)
                         net (fo=5082, unset)         0.019     0.019    clk
                         FDRE                                         r  acc_q_reg[1005]/C
                         clock pessimism              0.000     0.019    
                         FDRE (Hold_FDRE_C_D)         0.044     0.063    acc_q_reg[1005]
  -------------------------------------------------------------------
                         required time                         -0.063    
                         arrival time                           0.170    
  -------------------------------------------------------------------
                         slack                                  0.107    





Pulse Width Checks
--------------------------------------------------------------------------------------
Clock Name:         clk
Waveform(ns):       { 0.000 1.666 }
Period(ns):         3.333
Sources:            { clk }

Check Type        Corner  Lib Pin         Reference Pin  Required(ns)  Actual(ns)  Slack(ns)  Location  Pin
Min Period        n/a     SRL16E/CLK      n/a            1.524         3.333       1.809                u_rb/gen_lane[0].u_fma/clr1_reg_srl2___u_rb_gen_lane_r_0/CLK
Min Period        n/a     SRL16E/CLK      n/a            1.524         3.333       1.809                u_rb/gen_lane[0].u_fma/v1_reg_srl2___u_rb_gen_lane_r_0/CLK
Min Period        n/a     DSP_OUTPUT/CLK  n/a            0.850         3.333       2.483                u_rb/gen_lane[0].u_fma/prod2_reg/DSP_OUTPUT_INST/CLK
Min Period        n/a     DSP_OUTPUT/CLK  n/a            0.850         3.333       2.483                u_rb/gen_lane[0].u_fma/psig1_reg/DSP_OUTPUT_INST/CLK
Min Period        n/a     DSP_OUTPUT/CLK  n/a            0.850         3.333       2.483                u_rb/gen_lane[10].u_fma/prod2_reg/DSP_OUTPUT_INST/CLK
Low Pulse Width   Slow    SRL16E/CLK      n/a            0.762         1.666       0.904                u_rb/gen_lane[0].u_fma/clr1_reg_srl2___u_rb_gen_lane_r_0/CLK
Low Pulse Width   Fast    SRL16E/CLK      n/a            0.762         1.667       0.905                u_rb/gen_lane[0].u_fma/clr1_reg_srl2___u_rb_gen_lane_r_0/CLK
Low Pulse Width   Slow    SRL16E/CLK      n/a            0.762         1.666       0.904                u_rb/gen_lane[0].u_fma/v1_reg_srl2___u_rb_gen_lane_r_0/CLK
Low Pulse Width   Fast    SRL16E/CLK      n/a            0.762         1.667       0.905                u_rb/gen_lane[0].u_fma/v1_reg_srl2___u_rb_gen_lane_r_0/CLK
Low Pulse Width   Slow    FDRE/C          n/a            0.275         1.666       1.391                acc_q_reg[0]/C
High Pulse Width  Slow    SRL16E/CLK      n/a            0.762         1.666       0.904                u_rb/gen_lane[0].u_fma/clr1_reg_srl2___u_rb_gen_lane_r_0/CLK
High Pulse Width  Fast    SRL16E/CLK      n/a            0.762         1.666       0.904                u_rb/gen_lane[0].u_fma/clr1_reg_srl2___u_rb_gen_lane_r_0/CLK
High Pulse Width  Slow    SRL16E/CLK      n/a            0.762         1.666       0.904                u_rb/gen_lane[0].u_fma/v1_reg_srl2___u_rb_gen_lane_r_0/CLK
High Pulse Width  Fast    SRL16E/CLK      n/a            0.762         1.666       0.904                u_rb/gen_lane[0].u_fma/v1_reg_srl2___u_rb_gen_lane_r_0/CLK
High Pulse Width  Slow    FDRE/C          n/a            0.275         1.666       1.391                acc_q_reg[0]/C



